Component: Arm Compiler for Embedded 6.18 Tool: armlink [5e4cc100]

==============================================================================

Section Cross References

    main.o(.text.SysInit) refers to drvbsp.o(.text.vBspInit) for vBspInit
    main.o(.text.SysInit) refers to para.o(.text.vParaInit) for vParaInit
    main.o(.text.SysInit) refers to log.o(.text.vLogInit) for vLogInit
    main.o(.text.SysInit) refers to nettimer.o(.text.vNetTimerInit) for vNetTimerInit
    main.o(.text.SysInit) refers to wdgproc.o(.text.vWdgInit) for vWdgInit
    main.o(.text.SysInit) refers to dopwm.o(.text.vDoPwmInit) for vDoPwmInit
    main.o(.text.SysInit) refers to propproc.o(.text.vPropProcInit) for vPropProcInit
    main.o(.text.SysInit) refers to aiproc.o(.text.vAiProcInit) for vAiProcInit
    main.o(.text.SysInit) refers to anglesensor.o(.text.vAngleSensorInit) for vAngleSensorInit
    main.o(.text.SysInit) refers to pressuresensor.o(.text.vPressureSensorInit) for vPressureSensorInit
    main.o(.text.SysInit) refers to user_gangli_phz15t.o(.text.vUserEcuInit) for vUserEcuInit
    main.o(.text.SysInit) refers to stm32_timer_canfestival.o(.text.Canopen_int) for Canopen_int
    main.o(.ARM.exidx.text.SysInit) refers to main.o(.text.SysInit) for [Anonymous Symbol]
    main.o(.text.main) refers to systick.o(.text.systick_config) for systick_config
    main.o(.text.main) refers to drvbsp.o(.text.vBspInit) for vBspInit
    main.o(.text.main) refers to para.o(.text.vParaInit) for vParaInit
    main.o(.text.main) refers to log.o(.text.vLogInit) for vLogInit
    main.o(.text.main) refers to nettimer.o(.text.vNetTimerInit) for vNetTimerInit
    main.o(.text.main) refers to wdgproc.o(.text.vWdgInit) for vWdgInit
    main.o(.text.main) refers to dopwm.o(.text.vDoPwmInit) for vDoPwmInit
    main.o(.text.main) refers to propproc.o(.text.vPropProcInit) for vPropProcInit
    main.o(.text.main) refers to aiproc.o(.text.vAiProcInit) for vAiProcInit
    main.o(.text.main) refers to anglesensor.o(.text.vAngleSensorInit) for vAngleSensorInit
    main.o(.text.main) refers to pressuresensor.o(.text.vPressureSensorInit) for vPressureSensorInit
    main.o(.text.main) refers to user_gangli_phz15t.o(.text.vUserEcuInit) for vUserEcuInit
    main.o(.text.main) refers to stm32_timer_canfestival.o(.text.Canopen_int) for Canopen_int
    main.o(.text.main) refers to main.o(.rodata.str1.1) for .L.str
    main.o(.text.main) refers to log.o(.text.i32LogWrite) for i32LogWrite
    main.o(.text.main) refers to nettimer.o(.text.vSetNetTimer) for vSetNetTimer
    main.o(.text.main) refers to localdo.o(.text.i32LocalDoSet) for i32LocalDoSet
    main.o(.text.main) refers to drvad.o(.bss.inserted_data) for inserted_data
    main.o(.text.main) refers to eeprom.o(.text.vEepromNoBlockWriteProc) for vEepromNoBlockWriteProc
    main.o(.text.main) refers to nettimer.o(.text.u8GetNetTimerOverFlag) for u8GetNetTimerOverFlag
    main.o(.text.main) refers to batterymeter.o(.text.InitBattery) for InitBattery
    main.o(.text.main) refers to nettimer.o(.text.vKillNetTimer) for vKillNetTimer
    main.o(.text.main) refers to nettimer.o(.text.vResetNetTimer) for vResetNetTimer
    main.o(.text.main) refers to wdgproc.o(.text.vWdgSetFun) for vWdgSetFun
    main.o(.text.main) refers to localdi.o(.text.vLocalDiProc) for vLocalDiProc
    main.o(.text.main) refers to canrevproc.o(.text.vCanRevProc) for vCanRevProc
    main.o(.text.main) refers to localdo.o(.text.vLocalDoProc) for vLocalDoProc
    main.o(.text.main) refers to propproc.o(.text.vPropProc) for vPropProc
    main.o(.text.main) refers to aiproc.o(.text.vAiProc) for vAiProc
    main.o(.text.main) refers to dopwm.o(.text.vDoPwmProc) for vDoPwmProc
    main.o(.text.main) refers to mstslvcom.o(.text.vMstSlvComProc) for vMstSlvComProc
    main.o(.text.main) refers to beepproc.o(.text.vBeepProc) for vBeepProc
    main.o(.text.main) refers to alarmlampproc.o(.text.vAlarmLampProc) for vAlarmLampProc
    main.o(.text.main) refers to anglesensor.o(.text.vAngleSensorProc) for vAngleSensorProc
    main.o(.text.main) refers to pressuresensor.o(.text.vPressureSensorProc) for vPressureSensorProc
    main.o(.text.main) refers to user_gangli_phz15t.o(.text.vUserEcuProc) for vUserEcuProc
    main.o(.text.main) refers to ledproc.o(.text.vLedProc) for vLedProc
    main.o(.text.main) refers to eeprom.o(.text.u8GetEepromFlag) for u8GetEepromFlag
    main.o(.text.main) refers to wdgproc.o(.text.vWdgProc) for vWdgProc
    main.o(.text.main) refers to localdi.o(.text.i32LocalDiGet) for i32LocalDiGet
    main.o(.text.main) refers to dfltui.o(.text) for __aeabi_ui2d
    main.o(.text.main) refers to dmul.o(.text) for __aeabi_dmul
    main.o(.text.main) refers to para.o(.text.i32GetPara) for i32GetPara
    main.o(.text.main) refers to localai.o(.text.i32LocalAiGetValue) for i32LocalAiGetValue
    main.o(.text.main) refers to localai.o(.text.i32LocalAiGet) for i32LocalAiGet
[...]
    0x080113d4   0x080113d4   0x0000001c   Data   RO          215    .rodata.cMonitorParaTemporaryUnlock  para.o
    0x080113f0   0x080113f0   0x0000001c   Data   RO          219    .rodata.cMonitorParaTmpLockState  para.o
    0x0801140c   0x0801140c   0x0000001c   Data   RO          205    .rodata.cMonitorParaTurnLeftValveCurrent  para.o
    0x08011428   0x08011428   0x0000001c   Data   RO          204    .rodata.cMonitorParaTurnRightValveCurrent  para.o
    0x08011444   0x08011444   0x0000001c   Data   RO          227    .rodata.cMonitorParaVbus  para.o
    0x08011460   0x08011460   0x0000001c   Data   RO          273    .rodata.cParaAccAndDecAfterLift  para.o
    0x0801147c   0x0801147c   0x0000001c   Data   RO          277    .rodata.cParaAccAndDecAntiPinch  para.o
    0x08011498   0x08011498   0x0000001c   Data   RO          271    .rodata.cParaAccAndDecFastDrive  para.o
    0x080114b4   0x080114b4   0x0000001c   Data   RO          274    .rodata.cParaAccAndDecLift  para.o
    0x080114d0   0x080114d0   0x0000001c   Data   RO          275    .rodata.cParaAccAndDecLower  para.o
    0x080114ec   0x080114ec   0x0000001c   Data   RO          272    .rodata.cParaAccAndDecSlowDrive  para.o
    0x08011508   0x08011508   0x0000001c   Data   RO          276    .rodata.cParaAccAndDecTurn  para.o
    0x08011524   0x08011524   0x0000001c   Data   RO          286    .rodata.cParaActAlmFunc  para.o
    0x08011540   0x08011540   0x0000001c   Data   RO          311    .rodata.cParaAnaLogLimitDetSwitch  para.o
    0x0801155c   0x0801155c   0x0000001c   Data   RO          380    .rodata.cParaAnalog3DeadZoneMaxVal  para.o
    0x08011578   0x08011578   0x0000001c   Data   RO          379    .rodata.cParaAnalog3DeadZoneMinVal  para.o
    0x08011594   0x08011594   0x0000001c   Data   RO          381    .rodata.cParaAnalog3MidVal  para.o
    0x080115b0   0x080115b0   0x0000001c   Data   RO          308    .rodata.cParaAngleSensorSetting  para.o
    0x080115cc   0x080115cc   0x0000001c   Data   RO          310    .rodata.cParaAngleSensorType  para.o
    0x080115e8   0x080115e8   0x0000001c   Data   RO          320    .rodata.cParaAngleSimulationDownLimit  para.o
    0x08011604   0x08011604   0x0000001c   Data   RO          298    .rodata.cParaAngleSimulationLimit  para.o
    0x08011620   0x08011620   0x0000001c   Data   RO          319    .rodata.cParaAngleSimulationUpLimit  para.o
    0x0801163c   0x0801163c   0x0000001c   Data   RO          358    .rodata.cParaAngleValue0  para.o
    0x08011658   0x08011658   0x0000001c   Data   RO          359    .rodata.cParaAngleValue1  para.o
    0x08011674   0x08011674   0x0000001c   Data   RO          360    .rodata.cParaAngleValue2  para.o
    0x08011690   0x08011690   0x0000001c   Data   RO          361    .rodata.cParaAngleValue3  para.o
    0x080116ac   0x080116ac   0x0000001c   Data   RO          362    .rodata.cParaAngleValue4  para.o
    0x080116c8   0x080116c8   0x0000001c   Data   RO          363    .rodata.cParaAngleValue5  para.o
    0x080116e4   0x080116e4   0x0000001c   Data   RO          364    .rodata.cParaAngleValue6  para.o
    0x08011700   0x08011700   0x0000001c   Data   RO          365    .rodata.cParaAngleValue7  para.o
    0x0801171c   0x0801171c   0x0000001c   Data   RO          410    .rodata.cParaAngleWithEndSpdPer  para.o
    0x08011738   0x08011738   0x0000001c   Data   RO          409    .rodata.cParaAngleWithStartSpdPer  para.o
    0x08011754   0x08011754   0x0000001c   Data   RO          283    .rodata.cParaAntiPinchFunc  para.o
    0x08011770   0x08011770   0x0000001c   Data   RO          354    .rodata.cParaAnticollisionFunc  para.o
    0x0801178c   0x0801178c   0x0000001c   Data   RO          352    .rodata.cParaBatSocPalyBack  para.o
    0x080117a8   0x080117a8   0x0000001c   Data   RO          294    .rodata.cParaBatteryType  para.o
    0x080117c4   0x080117c4   0x0000001c   Data   RO          251    .rodata.cParaBrakeAntiPinch  para.o
    0x080117e0   0x080117e0   0x0000001c   Data   RO          394    .rodata.cParaBrakeBDeadZoneMaxVal  para.o
    0x080117fc   0x080117fc   0x0000001c   Data   RO          393    .rodata.cParaBrakeBDeadZoneMinVal  para.o
    0x08011818   0x08011818   0x0000001c   Data   RO          395    .rodata.cParaBrakeBMidVal  para.o
    0x08011834   0x08011834   0x0000001c   Data   RO          247    .rodata.cParaBrakeDriveAfterLift  para.o
    0x08011850   0x08011850   0x0000001c   Data   RO          391    .rodata.cParaBrakeFDeadZoneMaxVal  para.o
    0x0801186c   0x0801186c   0x0000001c   Data   RO          390    .rodata.cParaBrakeFDeadZoneMinVal  para.o
    0x08011888   0x08011888   0x0000001c   Data   RO          392    .rodata.cParaBrakeFMidVal  para.o
    0x080118a4   0x080118a4   0x0000001c   Data   RO          245    .rodata.cParaBrakeFastDrive  para.o
    0x080118c0   0x080118c0   0x0000001c   Data   RO          248    .rodata.cParaBrakeLift  para.o
    0x080118dc   0x080118dc   0x0000001c   Data   RO          249    .rodata.cParaBrakeLower  para.o
    0x080118f8   0x080118f8   0x0000001c   Data   RO          246    .rodata.cParaBrakeSlowDrive  para.o
    0x08011914   0x08011914   0x0000001c   Data   RO          250    .rodata.cParaBrakeTurn  para.o
    0x08011930   0x08011930   0x0000001c   Data   RO          389    .rodata.cParaBrakeType  para.o
    0x0801194c   0x0801194c   0x0000001c   Data   RO          344    .rodata.cParaCanBaudRate  para.o
    0x08011968   0x08011968   0x0000001c   Data   RO          357    .rodata.cParaCanOpenNodeId  para.o
    0x08011984   0x08011984   0x0000001c   Data   RO          265    .rodata.cParaCurveDriveAfterLift  para.o
    0x080119a0   0x080119a0   0x0000001c   Data   RO          263    .rodata.cParaCurveFastDrive  para.o
    0x080119bc   0x080119bc   0x0000001c   Data   RO          266    .rodata.cParaCurveLift  para.o
    0x080119d8   0x080119d8   0x0000001c   Data   RO          267    .rodata.cParaCurveLower  para.o
    0x080119f4   0x080119f4   0x0000001c   Data   RO          264    .rodata.cParaCurveSlowDrive  para.o
    0x08011a10   0x08011a10   0x0000001c   Data   RO          270    .rodata.cParaCurveTurn  para.o
    0x08011a2c   0x08011a2c   0x0000001c   Data   RO          244    .rodata.cParaDeadZoneAdjust  para.o
    0x08011a48   0x08011a48   0x0000001c   Data   RO          259    .rodata.cParaDriveMotorEncoder  para.o
    0x08011a64   0x08011a64   0x0000001c   Data   RO          240    .rodata.cParaDriveSpeedAfterLift  para.o
    0x08011a80   0x08011a80   0x0000001c   Data   RO          375    .rodata.cParaDriver10Vol  para.o
    0x08011a9c   0x08011a9c   0x0000001c   Data   RO          366    .rodata.cParaDriver1Vol  para.o
    0x08011ab8   0x08011ab8   0x0000001c   Data   RO          367    .rodata.cParaDriver2Vol  para.o
    0x08011ad4   0x08011ad4   0x0000001c   Data   RO          368    .rodata.cParaDriver3Vol  para.o
    0x08011af0   0x08011af0   0x0000001c   Data   RO          369    .rodata.cParaDriver4Vol  para.o
    0x08011b0c   0x08011b0c   0x0000001c   Data   RO          370    .rodata.cParaDriver5Vol  para.o
    0x08011b28   0x08011b28   0x0000001c   Data   RO          371    .rodata.cParaDriver6Vol  para.o
    0x08011b44   0x08011b44   0x0000001c   Data   RO          372    .rodata.cParaDriver7Vol  para.o
    0x08011b60   0x08011b60   0x0000001c   Data   RO          373    .rodata.cParaDriver8Vol  para.o
    0x08011b7c   0x08011b7c   0x0000001c   Data   RO          374    .rodata.cParaDriver9Vol  para.o
    0x08011b98   0x08011b98   0x0000001c   Data   RO          347    .rodata.cParaDriverFlag  para.o
    0x08011bb4   0x08011bb4   0x0000001c   Data   RO          303    .rodata.cParaDriverType  para.o
    0x08011bd0   0x08011bd0   0x0000001c   Data   RO          256    .rodata.cParaDynamicOverLoadPercent  para.o
    0x08011bec   0x08011bec   0x0000001c   Data   RO          345    .rodata.cParaEmptyPressure  para.o
    0x08011c08   0x08011c08   0x0000001c   Data   RO          422    .rodata.cParaErrCode0  para.o
    0x08011c24   0x08011c24   0x0000001c   Data   RO          423    .rodata.cParaErrCode1  para.o
    0x08011c40   0x08011c40   0x0000001c   Data   RO          432    .rodata.cParaErrCode10  para.o
    0x08011c5c   0x08011c5c   0x0000001c   Data   RO          433    .rodata.cParaErrCode11  para.o
    0x08011c78   0x08011c78   0x0000001c   Data   RO          434    .rodata.cParaErrCode12  para.o
    0x08011c94   0x08011c94   0x0000001c   Data   RO          435    .rodata.cParaErrCode13  para.o
    0x08011cb0   0x08011cb0   0x0000001c   Data   RO          436    .rodata.cParaErrCode14  para.o
    0x08011ccc   0x08011ccc   0x0000001c   Data   RO          424    .rodata.cParaErrCode2  para.o
    0x08011ce8   0x08011ce8   0x0000001c   Data   RO          425    .rodata.cParaErrCode3  para.o
    0x08011d04   0x08011d04   0x0000001c   Data   RO          426    .rodata.cParaErrCode4  para.o
    0x08011d20   0x08011d20   0x0000001c   Data   RO          427    .rodata.cParaErrCode5  para.o
    0x08011d3c   0x08011d3c   0x0000001c   Data   RO          428    .rodata.cParaErrCode6  para.o
    0x08011d58   0x08011d58   0x0000001c   Data   RO          429    .rodata.cParaErrCode7  para.o
    0x08011d74   0x08011d74   0x0000001c   Data   RO          430    .rodata.cParaErrCode8  para.o
    0x08011d90   0x08011d90   0x0000001c   Data   RO          431    .rodata.cParaErrCode9  para.o
    0x08011dac   0x08011dac   0x0000001c   Data   RO          437    .rodata.cParaErrCodeMax  para.o
    0x08011dc8   0x08011dc8   0x0000001c   Data   RO          238    .rodata.cParaFastDriveSpeed  para.o
    0x08011de4   0x08011de4   0x0000001c   Data   RO          302    .rodata.cParaFourPointWeightFunc  para.o
    0x08011e00   0x08011e00   0x0000001c   Data   RO          346    .rodata.cParaFullPressure  para.o
    0x08011e1c   0x08011e1c   0x0000001c   Data   RO          398    .rodata.cParaGear1Spd  para.o
    0x08011e38   0x08011e38   0x0000001c   Data   RO          399    .rodata.cParaGear2Spd  para.o
    0x08011e54   0x08011e54   0x0000001c   Data   RO          400    .rodata.cParaGear3Spd  para.o
    0x08011e70   0x08011e70   0x0000001c   Data   RO          401    .rodata.cParaGear4Spd  para.o
    0x08011e8c   0x08011e8c   0x0000001c   Data   RO          306    .rodata.cParaHeartBeatQueryFunc  para.o
    0x08011ea8   0x08011ea8   0x0000001c   Data   RO          411    .rodata.cParaHourCountPowerOn  para.o
    0x08011ec4   0x08011ec4   0x0000001c   Data   RO          305    .rodata.cParaInAndOutFunc  para.o
    0x08011ee0   0x08011ee0   0x0000001c   Data   RO          312    .rodata.cParaIsNoLoadCalibration  para.o
    0x08011efc   0x08011efc   0x0000001c   Data   RO          313    .rodata.cParaIsOverLoadCalibration  para.o
    0x08011f18   0x08011f18   0x0000001c   Data   RO          293    .rodata.cParaLanguageType  para.o
    0x08011f34   0x08011f34   0x0000001c   Data   RO          299    .rodata.cParaLiftReverseFunc  para.o
    0x08011f50   0x08011f50   0x0000001c   Data   RO          241    .rodata.cParaLiftSpeed  para.o
    0x08011f6c   0x08011f6c   0x0000001c   Data   RO          376    .rodata.cParaLogLevel  para.o
    0x08011f88   0x08011f88   0x0000001c   Data   RO          377    .rodata.cParaLogModel  para.o
    0x08011fa4   0x08011fa4   0x0000001c   Data   RO          289    .rodata.cParaLowBatAlmFunc  para.o
    0x08011fc0   0x08011fc0   0x0000001c   Data   RO          307    .rodata.cParaLowBatteryMode  para.o
    0x08011fdc   0x08011fdc   0x0000001c   Data   RO          290    .rodata.cParaLowVolAlmTime  para.o
    0x08011ff8   0x08011ff8   0x0000001c   Data   RO          291    .rodata.cParaLowVolShutDownTime  para.o
    0x08012014   0x08012014   0x0000001c   Data   RO          296    .rodata.cParaLowerPumpType  para.o
    0x08012030   0x08012030   0x0000001c   Data   RO          254    .rodata.cParaLowerSpeed  para.o
    0x0801204c   0x0801204c   0x0000001c   Data   RO          403    .rodata.cParaMaintenancePeriod  para.o
    0x08012068   0x08012068   0x0000001c   Data   RO          351    .rodata.cParaMaxAngle  para.o
    0x08012084   0x08012084   0x0000001c   Data   RO          258    .rodata.cParaMaxDifferencePercent  para.o
    0x080120a0   0x080120a0   0x0000001c   Data   RO          242    .rodata.cParaMaxTurnSpeed  para.o
    0x080120bc   0x080120bc   0x0000001c   Data   RO          350    .rodata.cParaMinAngle  para.o
    0x080120d8   0x080120d8   0x0000001c   Data   RO          260    .rodata.cParaMotorHighSpeedDeceRate  para.o
    0x080120f4   0x080120f4   0x0000001c   Data   RO          261    .rodata.cParaMotorLowSpeedDeceRate  para.o
    0x08012110   0x08012110   0x0000001c   Data   RO          378    .rodata.cParaMotorMaxSpd  para.o
    0x0801212c   0x0801212c   0x0000001c   Data   RO          255    .rodata.cParaOverLoadStabilityDelay  para.o
    0x08012148   0x08012148   0x0000001c   Data   RO          288    .rodata.cParaParallelValveReverseFunc  para.o
    0x08012164   0x08012164   0x0000001c   Data   RO          304    .rodata.cParaPasswordLock  para.o
    0x08012180   0x08012180   0x0000001c   Data   RO          282    .rodata.cParaPitProtectFunc  para.o
    0x0801219c   0x0801219c   0x0000001c   Data   RO          281    .rodata.cParaPressureSensorType  para.o
    0x080121b8   0x080121b8   0x0000001c   Data   RO          297    .rodata.cParaPressureType  para.o
    0x080121d4   0x080121d4   0x0000001c   Data   RO          327    .rodata.cParaPropDAccPeriod0  para.o
    0x080121f0   0x080121f0   0x0000001c   Data   RO          340    .rodata.cParaPropDAccPeriod1  para.o
    0x0801220c   0x0801220c   0x0000001c   Data   RO          328    .rodata.cParaPropDDitherPeriod0  para.o
    0x08012228   0x08012228   0x0000001c   Data   RO          341    .rodata.cParaPropDDitherPeriod1  para.o
    0x08012244   0x08012244   0x0000001c   Data   RO          329    .rodata.cParaPropDDitherRatio0  para.o
    0x08012260   0x08012260   0x0000001c   Data   RO          342    .rodata.cParaPropDDitherRatio1  para.o
    0x0801227c   0x0801227c   0x0000001c   Data   RO          324    .rodata.cParaPropDKi0  para.o
    0x08012298   0x08012298   0x0000001c   Data   RO          337    .rodata.cParaPropDKi1  para.o
    0x080122b4   0x080122b4   0x0000001c   Data   RO          323    .rodata.cParaPropDKp0  para.o
    0x080122d0   0x080122d0   0x0000001c   Data   RO          336    .rodata.cParaPropDKp1  para.o
    0x080122ec   0x080122ec   0x0000001c   Data   RO          325    .rodata.cParaPropDMaxCurrent0  para.o
    0x08012308   0x08012308   0x0000001c   Data   RO          338    .rodata.cParaPropDMaxCurrent1  para.o
    0x08012324   0x08012324   0x0000001c   Data   RO          326    .rodata.cParaPropDMinCurrent0  para.o
    0x08012340   0x08012340   0x0000001c   Data   RO          339    .rodata.cParaPropDMinCurrent1  para.o
    0x0801235c   0x0801235c   0x0000001c   Data   RO          330    .rodata.cParaPropValveResistance0  para.o
    0x08012378   0x08012378   0x0000001c   Data   RO          343    .rodata.cParaPropValveResistance1  para.o
    0x08012394   0x08012394   0x0000001c   Data   RO          321    .rodata.cParaPumpDriveCurrentLimitRatio0  para.o
    0x080123b0   0x080123b0   0x0000001c   Data   RO          334    .rodata.cParaPumpDriveCurrentLimitRatio1  para.o
    0x080123cc   0x080123cc   0x0000001c   Data   RO          278    .rodata.cParaPumpMotorEncoder  para.o
    0x080123e8   0x080123e8   0x0000001c   Data   RO          405    .rodata.cParaPumpMotorGear1  para.o
    0x08012404   0x08012404   0x0000001c   Data   RO          406    .rodata.cParaPumpMotorGear2  para.o
    0x08012420   0x08012420   0x0000001c   Data   RO          322    .rodata.cParaPumpSpdAccRatio0  para.o
    0x0801243c   0x0801243c   0x0000001c   Data   RO          335    .rodata.cParaPumpSpdAccRatio1  para.o
    0x08012458   0x08012458   0x0000001c   Data   RO          402    .rodata.cParaRatioOfTransmission  para.o
    0x08012474   0x08012474   0x0000001c   Data   RO          315    .rodata.cParaReleaseBrake  para.o
    0x08012490   0x08012490   0x0000001c   Data   RO          404    .rodata.cParaRemotePara  para.o
    0x080124ac   0x080124ac   0x0000001c   Data   RO          252    .rodata.cParaReserve1  para.o
    0x080124c8   0x080124c8   0x0000001c   Data   RO          317    .rodata.cParaReserve10  para.o
    0x080124e4   0x080124e4   0x0000001c   Data   RO          331    .rodata.cParaReserve11  para.o
    0x08012500   0x08012500   0x0000001c   Data   RO          332    .rodata.cParaReserve12  para.o
    0x0801251c   0x0801251c   0x0000001c   Data   RO          333    .rodata.cParaReserve13  para.o
    0x08012538   0x08012538   0x0000001c   Data   RO          348    .rodata.cParaReserve14  para.o
    0x08012554   0x08012554   0x0000001c   Data   RO          349    .rodata.cParaReserve15  para.o
    0x08012570   0x08012570   0x0000001c   Data   RO          396    .rodata.cParaReserve16  para.o
    0x0801258c   0x0801258c   0x0000001c   Data   RO          397    .rodata.cParaReserve17  para.o
    0x080125a8   0x080125a8   0x0000001c   Data   RO          412    .rodata.cParaReserve18  para.o
    0x080125c4   0x080125c4   0x0000001c   Data   RO          413    .rodata.cParaReserve19  para.o
    0x080125e0   0x080125e0   0x0000001c   Data   RO          253    .rodata.cParaReserve2  para.o
    0x080125fc   0x080125fc   0x0000001c   Data   RO          414    .rodata.cParaReserve20  para.o
    0x08012618   0x08012618   0x0000001c   Data   RO          415    .rodata.cParaReserve21  para.o
    0x08012634   0x08012634   0x0000001c   Data   RO          416    .rodata.cParaReserve22  para.o
    0x08012650   0x08012650   0x0000001c   Data   RO          417    .rodata.cParaReserve23  para.o
    0x0801266c   0x0801266c   0x0000001c   Data   RO          418    .rodata.cParaReserve24  para.o
    0x08012688   0x08012688   0x0000001c   Data   RO          419    .rodata.cParaReserve25  para.o
    0x080126a4   0x080126a4   0x0000001c   Data   RO          420    .rodata.cParaReserve26  para.o
    0x080126c0   0x080126c0   0x0000001c   Data   RO          421    .rodata.cParaReserve27  para.o
    0x080126dc   0x080126dc   0x0000001c   Data   RO          268    .rodata.cParaReserve3  para.o
    0x080126f8   0x080126f8   0x0000001c   Data   RO          269    .rodata.cParaReserve4  para.o
    0x08012714   0x08012714   0x0000001c   Data   RO          284    .rodata.cParaReserve5  para.o
    0x08012730   0x08012730   0x0000001c   Data   RO          285    .rodata.cParaReserve6  para.o
    0x0801274c   0x0801274c   0x0000001c   Data   RO          300    .rodata.cParaReserve7  para.o
    0x08012768   0x08012768   0x0000001c   Data   RO          301    .rodata.cParaReserve8  para.o
    0x08012784   0x08012784   0x0000001c   Data   RO          316    .rodata.cParaReserve9  para.o
    0x080127a0   0x080127a0   0x0000001c   Data   RO          314    .rodata.cParaSetDescentHeightValue  para.o
    0x080127bc   0x080127bc   0x0000001c   Data   RO          318    .rodata.cParaSetOutHeight  para.o
    0x080127d8   0x080127d8   0x0000001c   Data   RO          239    .rodata.cParaSlowDriceSPeed  para.o
    0x080127f4   0x080127f4   0x0000001c   Data   RO          295    .rodata.cParaSpeakerSync  para.o
    0x08012810   0x08012810   0x0000001c   Data   RO          257    .rodata.cParaStaticOverLoadPercent  para.o
    0x0801282c   0x0801282c   0x0000001c   Data   RO          387    .rodata.cParaThrottleBDeadZoneMaxVal  para.o
    0x08012848   0x08012848   0x0000001c   Data   RO          386    .rodata.cParaThrottleBDeadZoneMinVal  para.o
    0x08012864   0x08012864   0x0000001c   Data   RO          388    .rodata.cParaThrottleBMidVal  para.o
    0x08012880   0x08012880   0x0000001c   Data   RO          384    .rodata.cParaThrottleFDeadZoneMaxVal  para.o
    0x0801289c   0x0801289c   0x0000001c   Data   RO          383    .rodata.cParaThrottleFDeadZoneMinVal  para.o
    0x080128b8   0x080128b8   0x0000001c   Data   RO          385    .rodata.cParaThrottleFMidVal  para.o
    0x080128d4   0x080128d4   0x0000001c   Data   RO          382    .rodata.cParaThrottleType  para.o
    0x080128f0   0x080128f0   0x0000001c   Data   RO          309    .rodata.cParaTiltSwitchSetting  para.o
    0x0801290c   0x0801290c   0x0000001c   Data   RO          243    .rodata.cParaTurnPowerLimit  para.o
    0x08012928   0x08012928   0x0000001c   Data   RO          408    .rodata.cParaTurnWithDecEndAngle  para.o
    0x08012944   0x08012944   0x0000001c   Data   RO          407    .rodata.cParaTurnWithDecStartAngle  para.o
    0x08012960   0x08012960   0x0000001c   Data   RO          292    .rodata.cParaUpperCtlButSleep  para.o
    0x0801297c   0x0801297c   0x0000001c   Data   RO          438    .rodata.cParaUserType  para.o
    0x08012998   0x08012998   0x0000001c   Data   RO          355    .rodata.cParaValueOpenLoopCurrent  para.o
    0x080129b4   0x080129b4   0x0000001c   Data   RO          356    .rodata.cParaValueOpenPercentage  para.o
    0x080129d0   0x080129d0   0x0000001c   Data   RO          353    .rodata.cParaValveType  para.o
    0x080129ec   0x080129ec   0x0000001c   Data   RO          280    .rodata.cParaVehcileHeight  para.o
    0x08012a08   0x08012a08   0x0000001c   Data   RO          279    .rodata.cParaVehicleType  para.o
    0x08012a24   0x08012a24   0x0000001c   Data   RO          262    .rodata.cParaVoiceAlarmVolume  para.o
    0x08012a40   0x08012a40   0x0000001c   Data   RO          287    .rodata.cParaWeighFunc  para.o
    0x08012a5c   0x08012a5c   0x00000008   Data   RO         1891    .rodata.cst8        Device.lib(gd32f30x_rcu.o)
    0x08012a64   0x08012a64   0x00000050   Data   RO           42    .rodata.jiaotiLoadVol24_48_72  batterymeter.o
    0x08012ab4   0x08012ab4   0x00000048   Data   RO          607    .rodata.sgPdoPara   user_gangli_phz15t.o
    0x08012afc   0x08012afc   0x00000050   Data   RO           43    .rodata.stdChargeVol  batterymeter.o
    0x08012b4c   0x08012b4c   0x000000e8   Data   RO            6    .rodata.str1.1      main.o
    0x08012c34   0x08012c34   0x0000001b   Data   RO           44    .rodata.str1.1      batterymeter.o
    0x08012c4f   0x08012c4f   0x0000001d   Data   RO          494    .rodata.str1.1      wdgproc.o
    0x08012c6c   0x08012c6c   0x0000007e   Data   RO          764    .rodata.str1.1      errcode.o
    0x08012cea   0x08012cea   0x0000002d   Data   RO          859    .rodata.str1.1      led.o
    0x08012d17   0x08012d17   0x0000002d   Data   RO          871    .rodata.str1.1      localai.o
    0x08012d44   0x08012d44   0x00000042   Data   RO          964    .rodata.str1.1      propdriver.o
    0x08012d86   0x08012d86   0x0000003c   Data   RO          608    .rodata.u8ErrSwitchArray  user_gangli_phz15t.o
    0x08012dc2   0x08012dc2   0x00000090   Data   RO          493    .rodata.xWdgName    wdgproc.o
    0x08012e52   0x08012e52   0x00000002   PAD
    0x08012e54   0x08012e54   0x00000050   Data   RO           41    .rodata.yetiLoadVol24_48_72  batterymeter.o
    0x08012ea4   0x08012ea4   0x00000020   Data   RO         2720    Region$$Table       anon$$obj.o


    Execution Region RW_IRAM1 (Exec base: 0x20000000, Load base: 0x08012ec8, Size: 0x000055c0, Max: 0x0000c000, ABSOLUTE, COMPRESSED[0x00000cb8])

    Exec Addr    Load Addr    Size         Type   Attr      Idx    E Section Name        Object

    0x20000000   COMPRESSED   0x00000004   Data   RW         2710    .data               mc_w.l(mvars.o)
    0x20000004   COMPRESSED   0x00000004   Data   RW         2711    .data               mc_w.l(mvars.o)
    0x20000008   COMPRESSED   0x0000003c   Data   RW         1547    .data..L_MergedGlobals  testslave.o
    0x20000044   COMPRESSED   0x00000008   Data   RW         2539    .data..L_MergedGlobals  Canopen.lib(timer_canfestival.o)
    0x2000004c   COMPRESSED   0x00000004   Data   RW          540    .data.SystemCoreClock  system_gd32f30x.o
    0x20000050   COMPRESSED   0x00000314   Data   RW         1546    .data.TestSlave_Data  testslave.o
    0x20000364   COMPRESSED   0x0000000c   Data   RW         1062    .data.TestSlave_Index1000  testslave.o
    0x20000370   COMPRESSED   0x0000000c   Data   RW         1064    .data.TestSlave_Index1001  testslave.o
    0x2000037c   COMPRESSED   0x0000006c   Data   RW         1067    .data.TestSlave_Index1003  testslave.o
    0x200003e8   COMPRESSED   0x0000000c   Data   RW         1069    .data.TestSlave_Index1005  testslave.o
    0x200003f4   COMPRESSED   0x0000000c   Data   RW         1071    .data.TestSlave_Index1006  testslave.o
    0x20000400   COMPRESSED   0x0000003c   Data   RW         1078    .data.TestSlave_Index1010  testslave.o
    0x2000043c   COMPRESSED   0x00000014   Data   RW         1077    .data.TestSlave_Index1010_callbacks  testslave.o
    0x20000450   COMPRESSED   0x0000003c   Data   RW         1084    .data.TestSlave_Index1011  testslave.o
    0x2000048c   COMPRESSED   0x0000000c   Data   RW         1086    .data.TestSlave_Index1014  testslave.o
    0x20000498   COMPRESSED   0x0000000c   Data   RW         1091    .data.TestSlave_Index1017  testslave.o
    0x200004a4   COMPRESSED   0x0000003c   Data   RW         1097    .data.TestSlave_Index1018  testslave.o
    0x200004e0   COMPRESSED   0x00000024   Data   RW         1101    .data.TestSlave_Index1200  testslave.o
    0x20000504   COMPRESSED   0x00000048   Data   RW         1108    .data.TestSlave_Index1400  testslave.o
    0x2000054c   COMPRESSED   0x00000048   Data   RW         1115    .data.TestSlave_Index1401  testslave.o
    0x20000594   COMPRESSED   0x00000048   Data   RW         1122    .data.TestSlave_Index1402  testslave.o
    0x200005dc   COMPRESSED   0x00000048   Data   RW         1129    .data.TestSlave_Index1403  testslave.o
    0x20000624   COMPRESSED   0x00000048   Data   RW         1135    .data.TestSlave_Index1404  testslave.o
    0x2000066c   COMPRESSED   0x00000048   Data   RW         1141    .data.TestSlave_Index1405  testslave.o
    0x200006b4   COMPRESSED   0x00000048   Data   RW         1147    .data.TestSlave_Index1406  testslave.o
    0x200006fc   COMPRESSED   0x00000048   Data   RW         1153    .data.TestSlave_Index1407  testslave.o
    0x20000744   COMPRESSED   0x00000048   Data   RW         1159    .data.TestSlave_Index1408  testslave.o
    0x2000078c   COMPRESSED   0x00000048   Data   RW         1165    .data.TestSlave_Index1409  testslave.o
    0x200007d4   COMPRESSED   0x0000006c   Data   RW         1168    .data.TestSlave_Index1600  testslave.o
    0x20000840   COMPRESSED   0x0000006c   Data   RW         1171    .data.TestSlave_Index1601  testslave.o
    0x200008ac   COMPRESSED   0x0000006c   Data   RW         1174    .data.TestSlave_Index1602  testslave.o
    0x20000918   COMPRESSED   0x0000006c   Data   RW         1177    .data.TestSlave_Index1603  testslave.o
    0x20000984   COMPRESSED   0x0000006c   Data   RW         1180    .data.TestSlave_Index1604  testslave.o
    0x200009f0   COMPRESSED   0x0000006c   Data   RW         1183    .data.TestSlave_Index1605  testslave.o
    0x20000a5c   COMPRESSED   0x0000006c   Data   RW         1186    .data.TestSlave_Index1606  testslave.o
    0x20000ac8   COMPRESSED   0x0000006c   Data   RW         1189    .data.TestSlave_Index1607  testslave.o
    0x20000b34   COMPRESSED   0x0000006c   Data   RW         1192    .data.TestSlave_Index1608  testslave.o
    0x20000ba0   COMPRESSED   0x0000006c   Data   RW         1195    .data.TestSlave_Index1609  testslave.o
    0x20000c0c   COMPRESSED   0x00000048   Data   RW         1200    .data.TestSlave_Index1800  testslave.o
    0x20000c54   COMPRESSED   0x00000048   Data   RW         1205    .data.TestSlave_Index1801  testslave.o
    0x20000c9c   COMPRESSED   0x00000048   Data   RW         1210    .data.TestSlave_Index1802  testslave.o
    0x20000ce4   COMPRESSED   0x00000048   Data   RW         1215    .data.TestSlave_Index1803  testslave.o
    0x20000d2c   COMPRESSED   0x00000048   Data   RW         1219    .data.TestSlave_Index1804  testslave.o
    0x20000d74   COMPRESSED   0x00000048   Data   RW         1223    .data.TestSlave_Index1805  testslave.o
    0x20000dbc   COMPRESSED   0x00000048   Data   RW         1227    .data.TestSlave_Index1806  testslave.o
    0x20000e04   COMPRESSED   0x00000048   Data   RW         1231    .data.TestSlave_Index1807  testslave.o
    0x20000e4c   COMPRESSED   0x00000048   Data   RW         1235    .data.TestSlave_Index1808  testslave.o
    0x20000e94   COMPRESSED   0x00000048   Data   RW         1239    .data.TestSlave_Index1809  testslave.o
    0x20000edc   COMPRESSED   0x0000006c   Data   RW         1242    .data.TestSlave_Index1A00  testslave.o
    0x20000f48   COMPRESSED   0x0000006c   Data   RW         1245    .data.TestSlave_Index1A01  testslave.o
    0x20000fb4   COMPRESSED   0x0000006c   Data   RW         1248    .data.TestSlave_Index1A02  testslave.o
    0x20001020   COMPRESSED   0x0000006c   Data   RW         1251    .data.TestSlave_Index1A03  testslave.o
    0x2000108c   COMPRESSED   0x0000006c   Data   RW         1254    .data.TestSlave_Index1A04  testslave.o
    0x200010f8   COMPRESSED   0x0000006c   Data   RW         1257    .data.TestSlave_Index1A05  testslave.o
    0x20001164   COMPRESSED   0x0000006c   Data   RW         1260    .data.TestSlave_Index1A06  testslave.o
    0x200011d0   COMPRESSED   0x0000006c   Data   RW         1263    .data.TestSlave_Index1A07  testslave.o
    0x2000123c   COMPRESSED   0x0000006c   Data   RW         1266    .data.TestSlave_Index1A08  testslave.o
    0x200012a8   COMPRESSED   0x0000006c   Data   RW         1269    .data.TestSlave_Index1A09  testslave.o
    0x20001314   COMPRESSED   0x0000000c   Data   RW         1270    .data.TestSlave_Index2000  testslave.o
    0x20001320   COMPRESSED   0x0000000c   Data   RW         1271    .data.TestSlave_Index2001  testslave.o
    0x2000132c   COMPRESSED   0x0000000c   Data   RW         1272    .data.TestSlave_Index2002  testslave.o
    0x20001338   COMPRESSED   0x0000000c   Data   RW         1273    .data.TestSlave_Index2003  testslave.o
    0x20001344   COMPRESSED   0x0000000c   Data   RW         1274    .data.TestSlave_Index2004  testslave.o
    0x20001350   COMPRESSED   0x0000000c   Data   RW         1275    .data.TestSlave_Index2005  testslave.o
    0x2000135c   COMPRESSED   0x0000000c   Data   RW         1276    .data.TestSlave_Index2006  testslave.o
    0x20001368   COMPRESSED   0x0000000c   Data   RW         1277    .data.TestSlave_Index2007  testslave.o
    0x20001374   COMPRESSED   0x0000000c   Data   RW         1278    .data.TestSlave_Index2008  testslave.o
    0x20001380   COMPRESSED   0x0000000c   Data   RW         1279    .data.TestSlave_Index2009  testslave.o
    0x2000138c   COMPRESSED   0x0000000c   Data   RW         1280    .data.TestSlave_Index200A  testslave.o
    0x20001398   COMPRESSED   0x0000000c   Data   RW         1281    .data.TestSlave_Index200B  testslave.o
    0x200013a4   COMPRESSED   0x0000000c   Data   RW         1282    .data.TestSlave_Index200C  testslave.o
    0x200013b0   COMPRESSED   0x0000000c   Data   RW         1283    .data.TestSlave_Index200D  testslave.o
    0x200013bc   COMPRESSED   0x0000000c   Data   RW         1284    .data.TestSlave_Index200E  testslave.o
    0x200013c8   COMPRESSED   0x0000000c   Data   RW         1285    .data.TestSlave_Index200F  testslave.o
    0x200013d4   COMPRESSED   0x0000000c   Data   RW         1286    .data.TestSlave_Index2010  testslave.o
    0x200013e0   COMPRESSED   0x0000000c   Data   RW         1287    .data.TestSlave_Index2011  testslave.o
    0x200013ec   COMPRESSED   0x0000000c   Data   RW         1288    .data.TestSlave_Index2012  testslave.o
    0x200013f8   COMPRESSED   0x0000000c   Data   RW         1289    .data.TestSlave_Index2013  testslave.o
    0x20001404   COMPRESSED   0x0000000c   Data   RW         1290    .data.TestSlave_Index2014  testslave.o
    0x20001410   COMPRESSED   0x0000000c   Data   RW         1291    .data.TestSlave_Index2015  testslave.o
    0x2000141c   COMPRESSED   0x0000000c   Data   RW         1292    .data.TestSlave_Index2016  testslave.o
    0x20001428   COMPRESSED   0x0000000c   Data   RW         1293    .data.TestSlave_Index2017  testslave.o
    0x20001434   COMPRESSED   0x0000000c   Data   RW         1294    .data.TestSlave_Index2018  testslave.o
    0x20001440   COMPRESSED   0x0000000c   Data   RW         1295    .data.TestSlave_Index2019  testslave.o
    0x2000144c   COMPRESSED   0x0000000c   Data   RW         1296    .data.TestSlave_Index201A  testslave.o
    0x20001458   COMPRESSED   0x0000000c   Data   RW         1297    .data.TestSlave_Index201B  testslave.o
    0x20001464   COMPRESSED   0x0000000c   Data   RW         1298    .data.TestSlave_Index201C  testslave.o
    0x20001470   COMPRESSED   0x0000000c   Data   RW         1299    .data.TestSlave_Index201D  testslave.o
    0x2000147c   COMPRESSED   0x0000000c   Data   RW         1300    .data.TestSlave_Index201E  testslave.o
    0x20001488   COMPRESSED   0x0000000c   Data   RW         1301    .data.TestSlave_Index201F  testslave.o
    0x20001494   COMPRESSED   0x0000000c   Data   RW         1302    .data.TestSlave_Index2020  testslave.o
    0x200014a0   COMPRESSED   0x0000000c   Data   RW         1303    .data.TestSlave_Index2021  testslave.o
    0x200014ac   COMPRESSED   0x0000000c   Data   RW         1304    .data.TestSlave_Index2022  testslave.o
    0x200014b8   COMPRESSED   0x0000000c   Data   RW         1305    .data.TestSlave_Index2023  testslave.o
    0x200014c4   COMPRESSED   0x0000000c   Data   RW         1306    .data.TestSlave_Index2024  testslave.o
    0x200014d0   COMPRESSED   0x0000000c   Data   RW         1307    .data.TestSlave_Index2025  testslave.o
    0x200014dc   COMPRESSED   0x0000000c   Data   RW         1308    .data.TestSlave_Index2026  testslave.o
    0x200014e8   COMPRESSED   0x0000000c   Data   RW         1309    .data.TestSlave_Index2027  testslave.o
    0x200014f4   COMPRESSED   0x0000000c   Data   RW         1310    .data.TestSlave_Index2028  testslave.o
    0x20001500   COMPRESSED   0x0000000c   Data   RW         1311    .data.TestSlave_Index2029  testslave.o
    0x2000150c   COMPRESSED   0x0000000c   Data   RW         1312    .data.TestSlave_Index202A  testslave.o
    0x20001518   COMPRESSED   0x0000000c   Data   RW         1313    .data.TestSlave_Index202B  testslave.o
    0x20001524   COMPRESSED   0x0000000c   Data   RW         1314    .data.TestSlave_Index202C  testslave.o
    0x20001530   COMPRESSED   0x0000000c   Data   RW         1315    .data.TestSlave_Index202D  testslave.o
    0x2000153c   COMPRESSED   0x0000000c   Data   RW         1316    .data.TestSlave_Index202E  testslave.o
    0x20001548   COMPRESSED   0x0000000c   Data   RW         1317    .data.TestSlave_Index202F  testslave.o
    0x20001554   COMPRESSED   0x0000000c   Data   RW         1318    .data.TestSlave_Index2030  testslave.o
    0x20001560   COMPRESSED   0x0000000c   Data   RW         1319    .data.TestSlave_Index2031  testslave.o
    0x2000156c   COMPRESSED   0x0000000c   Data   RW         1320    .data.TestSlave_Index2032  testslave.o
    0x20001578   COMPRESSED   0x0000000c   Data   RW         1321    .data.TestSlave_Index2033  testslave.o
    0x20001584   COMPRESSED   0x0000000c   Data   RW         1322    .data.TestSlave_Index2034  testslave.o
    0x20001590   COMPRESSED   0x0000000c   Data   RW         1323    .data.TestSlave_Index2035  testslave.o
    0x2000159c   COMPRESSED   0x0000000c   Data   RW         1324    .data.TestSlave_Index2036  testslave.o
    0x200015a8   COMPRESSED   0x0000000c   Data   RW         1325    .data.TestSlave_Index2037  testslave.o
    0x200015b4   COMPRESSED   0x0000000c   Data   RW         1326    .data.TestSlave_Index2038  testslave.o
    0x200015c0   COMPRESSED   0x0000000c   Data   RW         1327    .data.TestSlave_Index2039  testslave.o
    0x200015cc   COMPRESSED   0x0000000c   Data   RW         1328    .data.TestSlave_Index203A  testslave.o
    0x200015d8   COMPRESSED   0x0000000c   Data   RW         1329    .data.TestSlave_Index203B  testslave.o
    0x200015e4   COMPRESSED   0x0000000c   Data   RW         1330    .data.TestSlave_Index203C  testslave.o
    0x200015f0   COMPRESSED   0x0000000c   Data   RW         1331    .data.TestSlave_Index203D  testslave.o
    0x200015fc   COMPRESSED   0x0000000c   Data   RW         1332    .data.TestSlave_Index203E  testslave.o
    0x20001608   COMPRESSED   0x0000000c   Data   RW         1333    .data.TestSlave_Index203F  testslave.o
    0x20001614   COMPRESSED   0x0000000c   Data   RW         1334    .data.TestSlave_Index2040  testslave.o
    0x20001620   COMPRESSED   0x0000000c   Data   RW         1335    .data.TestSlave_Index2041  testslave.o
    0x2000162c   COMPRESSED   0x0000000c   Data   RW         1336    .data.TestSlave_Index2042  testslave.o
    0x20001638   COMPRESSED   0x0000000c   Data   RW         1337    .data.TestSlave_Index2043  testslave.o
    0x20001644   COMPRESSED   0x0000000c   Data   RW         1338    .data.TestSlave_Index2044  testslave.o
    0x20001650   COMPRESSED   0x0000000c   Data   RW         1339    .data.TestSlave_Index2045  testslave.o
    0x2000165c   COMPRESSED   0x0000000c   Data   RW         1340    .data.TestSlave_Index2046  testslave.o
    0x20001668   COMPRESSED   0x0000000c   Data   RW         1341    .data.TestSlave_Index2047  testslave.o
    0x20001674   COMPRESSED   0x0000000c   Data   RW         1342    .data.TestSlave_Index2048  testslave.o
    0x20001680   COMPRESSED   0x0000000c   Data   RW         1343    .data.TestSlave_Index2049  testslave.o
    0x2000168c   COMPRESSED   0x0000000c   Data   RW         1344    .data.TestSlave_Index204A  testslave.o
    0x20001698   COMPRESSED   0x0000000c   Data   RW         1345    .data.TestSlave_Index204B  testslave.o
    0x200016a4   COMPRESSED   0x0000000c   Data   RW         1346    .data.TestSlave_Index204C  testslave.o
    0x200016b0   COMPRESSED   0x0000000c   Data   RW         1347    .data.TestSlave_Index204D  testslave.o
    0x200016bc   COMPRESSED   0x0000000c   Data   RW         1348    .data.TestSlave_Index204E  testslave.o
    0x200016c8   COMPRESSED   0x0000000c   Data   RW         1349    .data.TestSlave_Index204F  testslave.o
    0x200016d4   COMPRESSED   0x0000000c   Data   RW         1350    .data.TestSlave_Index2050  testslave.o
    0x200016e0   COMPRESSED   0x0000000c   Data   RW         1351    .data.TestSlave_Index2051  testslave.o
    0x200016ec   COMPRESSED   0x0000000c   Data   RW         1352    .data.TestSlave_Index2052  testslave.o
    0x200016f8   COMPRESSED   0x0000000c   Data   RW         1353    .data.TestSlave_Index2053  testslave.o
    0x20001704   COMPRESSED   0x0000000c   Data   RW         1354    .data.TestSlave_Index2054  testslave.o
    0x20001710   COMPRESSED   0x0000000c   Data   RW         1355    .data.TestSlave_Index2055  testslave.o
    0x2000171c   COMPRESSED   0x0000000c   Data   RW         1356    .data.TestSlave_Index2056  testslave.o
    0x20001728   COMPRESSED   0x0000000c   Data   RW         1357    .data.TestSlave_Index2057  testslave.o
    0x20001734   COMPRESSED   0x0000000c   Data   RW         1358    .data.TestSlave_Index2058  testslave.o
    0x20001740   COMPRESSED   0x0000000c   Data   RW         1359    .data.TestSlave_Index2059  testslave.o
    0x2000174c   COMPRESSED   0x0000000c   Data   RW         1360    .data.TestSlave_Index205A  testslave.o
    0x20001758   COMPRESSED   0x0000000c   Data   RW         1361    .data.TestSlave_Index205B  testslave.o
    0x20001764   COMPRESSED   0x0000000c   Data   RW         1362    .data.TestSlave_Index205C  testslave.o
    0x20001770   COMPRESSED   0x0000000c   Data   RW         1363    .data.TestSlave_Index205D  testslave.o
    0x2000177c   COMPRESSED   0x0000000c   Data   RW         1364    .data.TestSlave_Index205E  testslave.o
    0x20001788   COMPRESSED   0x0000000c   Data   RW         1365    .data.TestSlave_Index205F  testslave.o
    0x20001794   COMPRESSED   0x0000000c   Data   RW         1366    .data.TestSlave_Index2060  testslave.o
    0x200017a0   COMPRESSED   0x0000000c   Data   RW         1367    .data.TestSlave_Index2061  testslave.o
    0x200017ac   COMPRESSED   0x0000000c   Data   RW         1368    .data.TestSlave_Index2062  testslave.o
    0x200017b8   COMPRESSED   0x0000000c   Data   RW         1369    .data.TestSlave_Index2063  testslave.o
    0x200017c4   COMPRESSED   0x0000000c   Data   RW         1370    .data.TestSlave_Index2064  testslave.o
    0x200017d0   COMPRESSED   0x0000000c   Data   RW         1371    .data.TestSlave_Index2065  testslave.o
    0x200017dc   COMPRESSED   0x0000000c   Data   RW         1372    .data.TestSlave_Index2066  testslave.o
    0x200017e8   COMPRESSED   0x0000000c   Data   RW         1373    .data.TestSlave_Index2067  testslave.o
    0x200017f4   COMPRESSED   0x0000000c   Data   RW         1374    .data.TestSlave_Index2068  testslave.o
    0x20001800   COMPRESSED   0x0000000c   Data   RW         1375    .data.TestSlave_Index2069  testslave.o
    0x2000180c   COMPRESSED   0x0000000c   Data   RW         1376    .data.TestSlave_Index206A  testslave.o
    0x20001818   COMPRESSED   0x0000000c   Data   RW         1377    .data.TestSlave_Index206B  testslave.o
    0x20001824   COMPRESSED   0x0000000c   Data   RW         1378    .data.TestSlave_Index206C  testslave.o
    0x20001830   COMPRESSED   0x0000000c   Data   RW         1379    .data.TestSlave_Index206D  testslave.o
    0x2000183c   COMPRESSED   0x0000000c   Data   RW         1380    .data.TestSlave_Index206E  testslave.o
    0x20001848   COMPRESSED   0x0000000c   Data   RW         1381    .data.TestSlave_Index206F  testslave.o
    0x20001854   COMPRESSED   0x0000000c   Data   RW         1382    .data.TestSlave_Index2070  testslave.o
    0x20001860   COMPRESSED   0x0000000c   Data   RW         1383    .data.TestSlave_Index2071  testslave.o
    0x2000186c   COMPRESSED   0x0000000c   Data   RW         1384    .data.TestSlave_Index2072  testslave.o
    0x20001878   COMPRESSED   0x0000000c   Data   RW         1385    .data.TestSlave_Index2073  testslave.o
    0x20001884   COMPRESSED   0x0000000c   Data   RW         1386    .data.TestSlave_Index2074  testslave.o
    0x20001890   COMPRESSED   0x0000000c   Data   RW         1387    .data.TestSlave_Index2075  testslave.o
    0x2000189c   COMPRESSED   0x0000000c   Data   RW         1388    .data.TestSlave_Index2076  testslave.o
    0x200018a8   COMPRESSED   0x0000000c   Data   RW         1389    .data.TestSlave_Index2077  testslave.o
    0x200018b4   COMPRESSED   0x0000000c   Data   RW         1390    .data.TestSlave_Index2078  testslave.o
    0x200018c0   COMPRESSED   0x0000000c   Data   RW         1391    .data.TestSlave_Index2079  testslave.o
    0x200018cc   COMPRESSED   0x0000000c   Data   RW         1392    .data.TestSlave_Index207A  testslave.o
    0x200018d8   COMPRESSED   0x0000000c   Data   RW         1393    .data.TestSlave_Index207B  testslave.o
    0x200018e4   COMPRESSED   0x0000000c   Data   RW         1394    .data.TestSlave_Index207C  testslave.o
    0x200018f0   COMPRESSED   0x0000000c   Data   RW         1395    .data.TestSlave_Index207D  testslave.o
    0x200018fc   COMPRESSED   0x0000000c   Data   RW         1396    .data.TestSlave_Index207E  testslave.o
    0x20001908   COMPRESSED   0x0000000c   Data   RW         1397    .data.TestSlave_Index207F  testslave.o
    0x20001914   COMPRESSED   0x0000000c   Data   RW         1398    .data.TestSlave_Index2080  testslave.o
    0x20001920   COMPRESSED   0x0000000c   Data   RW         1399    .data.TestSlave_Index2081  testslave.o
    0x2000192c   COMPRESSED   0x0000000c   Data   RW         1400    .data.TestSlave_Index2082  testslave.o
    0x20001938   COMPRESSED   0x0000000c   Data   RW         1401    .data.TestSlave_Index2083  testslave.o
    0x20001944   COMPRESSED   0x0000000c   Data   RW         1402    .data.TestSlave_Index2084  testslave.o
    0x20001950   COMPRESSED   0x0000000c   Data   RW         1403    .data.TestSlave_Index2085  testslave.o
    0x2000195c   COMPRESSED   0x0000000c   Data   RW         1404    .data.TestSlave_Index2086  testslave.o
    0x20001968   COMPRESSED   0x0000000c   Data   RW         1405    .data.TestSlave_Index2087  testslave.o
    0x20001974   COMPRESSED   0x0000000c   Data   RW         1406    .data.TestSlave_Index2088  testslave.o
    0x20001980   COMPRESSED   0x0000000c   Data   RW         1407    .data.TestSlave_Index2089  testslave.o
    0x2000198c   COMPRESSED   0x0000000c   Data   RW         1408    .data.TestSlave_Index208A  testslave.o
    0x20001998   COMPRESSED   0x0000000c   Data   RW         1409    .data.TestSlave_Index208B  testslave.o
    0x200019a4   COMPRESSED   0x0000000c   Data   RW         1410    .data.TestSlave_Index208C  testslave.o
    0x200019b0   COMPRESSED   0x0000000c   Data   RW         1411    .data.TestSlave_Index208D  testslave.o
    0x200019bc   COMPRESSED   0x0000000c   Data   RW         1412    .data.TestSlave_Index208E  testslave.o
    0x200019c8   COMPRESSED   0x0000000c   Data   RW         1413    .data.TestSlave_Index208F  testslave.o
    0x200019d4   COMPRESSED   0x0000000c   Data   RW         1414    .data.TestSlave_Index2090  testslave.o
    0x200019e0   COMPRESSED   0x0000000c   Data   RW         1415    .data.TestSlave_Index2091  testslave.o
    0x200019ec   COMPRESSED   0x0000000c   Data   RW         1416    .data.TestSlave_Index2092  testslave.o
    0x200019f8   COMPRESSED   0x0000000c   Data   RW         1417    .data.TestSlave_Index2093  testslave.o
    0x20001a04   COMPRESSED   0x0000000c   Data   RW         1418    .data.TestSlave_Index2094  testslave.o
    0x20001a10   COMPRESSED   0x0000000c   Data   RW         1419    .data.TestSlave_Index2095  testslave.o
    0x20001a1c   COMPRESSED   0x0000000c   Data   RW         1420    .data.TestSlave_Index2096  testslave.o
    0x20001a28   COMPRESSED   0x0000000c   Data   RW         1421    .data.TestSlave_Index2097  testslave.o
    0x20001a34   COMPRESSED   0x0000000c   Data   RW         1422    .data.TestSlave_Index2098  testslave.o
    0x20001a40   COMPRESSED   0x0000000c   Data   RW         1423    .data.TestSlave_Index2099  testslave.o
    0x20001a4c   COMPRESSED   0x0000000c   Data   RW         1424    .data.TestSlave_Index209A  testslave.o
    0x20001a58   COMPRESSED   0x0000000c   Data   RW         1425    .data.TestSlave_Index209B  testslave.o
    0x20001a64   COMPRESSED   0x0000000c   Data   RW         1426    .data.TestSlave_Index209C  testslave.o
    0x20001a70   COMPRESSED   0x0000000c   Data   RW         1427    .data.TestSlave_Index209D  testslave.o
    0x20001a7c   COMPRESSED   0x0000000c   Data   RW         1428    .data.TestSlave_Index209E  testslave.o
    0x20001a88   COMPRESSED   0x0000000c   Data   RW         1429    .data.TestSlave_Index209F  testslave.o
    0x20001a94   COMPRESSED   0x0000000c   Data   RW         1430    .data.TestSlave_Index20A0  testslave.o
    0x20001aa0   COMPRESSED   0x0000000c   Data   RW         1431    .data.TestSlave_Index20A1  testslave.o
    0x20001aac   COMPRESSED   0x0000000c   Data   RW         1432    .data.TestSlave_Index20A2  testslave.o
    0x20001ab8   COMPRESSED   0x0000000c   Data   RW         1433    .data.TestSlave_Index20A3  testslave.o
    0x20001ac4   COMPRESSED   0x0000000c   Data   RW         1434    .data.TestSlave_Index20A4  testslave.o
    0x20001ad0   COMPRESSED   0x0000000c   Data   RW         1435    .data.TestSlave_Index20A5  testslave.o
    0x20001adc   COMPRESSED   0x0000000c   Data   RW         1436    .data.TestSlave_Index20A6  testslave.o
    0x20001ae8   COMPRESSED   0x0000000c   Data   RW         1437    .data.TestSlave_Index20A7  testslave.o
    0x20001af4   COMPRESSED   0x0000000c   Data   RW         1438    .data.TestSlave_Index20A8  testslave.o
    0x20001b00   COMPRESSED   0x0000000c   Data   RW         1439    .data.TestSlave_Index20A9  testslave.o
    0x20001b0c   COMPRESSED   0x0000000c   Data   RW         1440    .data.TestSlave_Index20AA  testslave.o
    0x20001b18   COMPRESSED   0x0000000c   Data   RW         1441    .data.TestSlave_Index20AB  testslave.o
    0x20001b24   COMPRESSED   0x0000000c   Data   RW         1442    .data.TestSlave_Index20AC  testslave.o
    0x20001b30   COMPRESSED   0x0000000c   Data   RW         1443    .data.TestSlave_Index20AD  testslave.o
    0x20001b3c   COMPRESSED   0x0000000c   Data   RW         1444    .data.TestSlave_Index20AE  testslave.o
    0x20001b48   COMPRESSED   0x0000000c   Data   RW         1445    .data.TestSlave_Index20AF  testslave.o
    0x20001b54   COMPRESSED   0x0000000c   Data   RW         1446    .data.TestSlave_Index20B0  testslave.o
    0x20001b60   COMPRESSED   0x0000000c   Data   RW         1447    .data.TestSlave_Index20B1  testslave.o
    0x20001b6c   COMPRESSED   0x0000000c   Data   RW         1448    .data.TestSlave_Index20B2  testslave.o
    0x20001b78   COMPRESSED   0x0000000c   Data   RW         1449    .data.TestSlave_Index20B3  testslave.o
    0x20001b84   COMPRESSED   0x0000000c   Data   RW         1450    .data.TestSlave_Index20B4  testslave.o
    0x20001b90   COMPRESSED   0x0000000c   Data   RW         1451    .data.TestSlave_Index20B5  testslave.o
    0x20001b9c   COMPRESSED   0x0000000c   Data   RW         1452    .data.TestSlave_Index20B6  testslave.o
    0x20001ba8   COMPRESSED   0x0000000c   Data   RW         1453    .data.TestSlave_Index20B7  testslave.o
    0x20001bb4   COMPRESSED   0x0000000c   Data   RW         1454    .data.TestSlave_Index20B8  testslave.o
    0x20001bc0   COMPRESSED   0x0000000c   Data   RW         1455    .data.TestSlave_Index20B9  testslave.o
    0x20001bcc   COMPRESSED   0x0000000c   Data   RW         1456    .data.TestSlave_Index20BA  testslave.o
    0x20001bd8   COMPRESSED   0x0000000c   Data   RW         1457    .data.TestSlave_Index20BB  testslave.o
    0x20001be4   COMPRESSED   0x0000000c   Data   RW         1458    .data.TestSlave_Index20BC  testslave.o
    0x20001bf0   COMPRESSED   0x0000000c   Data   RW         1459    .data.TestSlave_Index20BD  testslave.o
    0x20001bfc   COMPRESSED   0x0000000c   Data   RW         1460    .data.TestSlave_Index20BE  testslave.o
    0x20001c08   COMPRESSED   0x0000000c   Data   RW         1461    .data.TestSlave_Index20BF  testslave.o
    0x20001c14   COMPRESSED   0x0000000c   Data   RW         1462    .data.TestSlave_Index20C0  testslave.o
    0x20001c20   COMPRESSED   0x0000000c   Data   RW         1463    .data.TestSlave_Index20C1  testslave.o
    0x20001c2c   COMPRESSED   0x0000000c   Data   RW         1464    .data.TestSlave_Index20C2  testslave.o
    0x20001c38   COMPRESSED   0x0000000c   Data   RW         1465    .data.TestSlave_Index20C3  testslave.o
    0x20001c44   COMPRESSED   0x0000000c   Data   RW         1466    .data.TestSlave_Index20C4  testslave.o
    0x20001c50   COMPRESSED   0x0000000c   Data   RW         1467    .data.TestSlave_Index20C5  testslave.o
    0x20001c5c   COMPRESSED   0x0000000c   Data   RW         1468    .data.TestSlave_Index20C6  testslave.o
    0x20001c68   COMPRESSED   0x0000000c   Data   RW         1469    .data.TestSlave_Index20C7  testslave.o
    0x20001c74   COMPRESSED   0x0000000c   Data   RW         1470    .data.TestSlave_Index2100  testslave.o
    0x20001c80   COMPRESSED   0x0000000c   Data   RW         1471    .data.TestSlave_Index2101  testslave.o
    0x20001c8c   COMPRESSED   0x0000000c   Data   RW         1472    .data.TestSlave_Index2102  testslave.o
    0x20001c98   COMPRESSED   0x0000000c   Data   RW         1473    .data.TestSlave_Index2103  testslave.o
    0x20001ca4   COMPRESSED   0x0000000c   Data   RW         1474    .data.TestSlave_Index2104  testslave.o
    0x20001cb0   COMPRESSED   0x0000000c   Data   RW         1475    .data.TestSlave_Index2105  testslave.o
    0x20001cbc   COMPRESSED   0x0000000c   Data   RW         1476    .data.TestSlave_Index2106  testslave.o
    0x20001cc8   COMPRESSED   0x0000000c   Data   RW         1477    .data.TestSlave_Index2107  testslave.o
    0x20001cd4   COMPRESSED   0x0000000c   Data   RW         1478    .data.TestSlave_Index2108  testslave.o
    0x20001ce0   COMPRESSED   0x0000000c   Data   RW         1479    .data.TestSlave_Index2109  testslave.o
    0x20001cec   COMPRESSED   0x0000000c   Data   RW         1480    .data.TestSlave_Index210A  testslave.o
    0x20001cf8   COMPRESSED   0x0000000c   Data   RW         1481    .data.TestSlave_Index210B  testslave.o
    0x20001d04   COMPRESSED   0x0000000c   Data   RW         1482    .data.TestSlave_Index210C  testslave.o
    0x20001d10   COMPRESSED   0x0000000c   Data   RW         1483    .data.TestSlave_Index210D  testslave.o
    0x20001d1c   COMPRESSED   0x0000000c   Data   RW         1484    .data.TestSlave_Index210E  testslave.o
    0x20001d28   COMPRESSED   0x0000000c   Data   RW         1485    .data.TestSlave_Index210F  testslave.o
    0x20001d34   COMPRESSED   0x0000000c   Data   RW         1486    .data.TestSlave_Index2110  testslave.o
    0x20001d40   COMPRESSED   0x0000000c   Data   RW         1487    .data.TestSlave_Index2111  testslave.o
    0x20001d4c   COMPRESSED   0x0000000c   Data   RW         1488    .data.TestSlave_Index2112  testslave.o
    0x20001d58   COMPRESSED   0x0000000c   Data   RW         1489    .data.TestSlave_Index2113  testslave.o
    0x20001d64   COMPRESSED   0x0000000c   Data   RW         1490    .data.TestSlave_Index2114  testslave.o
    0x20001d70   COMPRESSED   0x0000000c   Data   RW         1491    .data.TestSlave_Index2115  testslave.o
    0x20001d7c   COMPRESSED   0x0000000c   Data   RW         1492    .data.TestSlave_Index2116  testslave.o
    0x20001d88   COMPRESSED   0x0000000c   Data   RW         1493    .data.TestSlave_Index2117  testslave.o
    0x20001d94   COMPRESSED   0x0000000c   Data   RW         1494    .data.TestSlave_Index2118  testslave.o
    0x20001da0   COMPRESSED   0x0000000c   Data   RW         1495    .data.TestSlave_Index2119  testslave.o
    0x20001dac   COMPRESSED   0x0000000c   Data   RW         1496    .data.TestSlave_Index211A  testslave.o
    0x20001db8   COMPRESSED   0x0000000c   Data   RW         1497    .data.TestSlave_Index211B  testslave.o
    0x20001dc4   COMPRESSED   0x0000000c   Data   RW         1498    .data.TestSlave_Index211C  testslave.o
    0x20001dd0   COMPRESSED   0x0000000c   Data   RW         1499    .data.TestSlave_Index211D  testslave.o
    0x20001ddc   COMPRESSED   0x0000000c   Data   RW         1500    .data.TestSlave_Index211E  testslave.o
    0x20001de8   COMPRESSED   0x0000000c   Data   RW         1501    .data.TestSlave_Index211F  testslave.o
    0x20001df4   COMPRESSED   0x0000000c   Data   RW         1502    .data.TestSlave_Index2120  testslave.o
    0x20001e00   COMPRESSED   0x0000000c   Data   RW         1503    .data.TestSlave_Index2121  testslave.o
    0x20001e0c   COMPRESSED   0x0000000c   Data   RW         1504    .data.TestSlave_Index2122  testslave.o
    0x20001e18   COMPRESSED   0x0000000c   Data   RW         1505    .data.TestSlave_Index2123  testslave.o
    0x20001e24   COMPRESSED   0x0000000c   Data   RW         1506    .data.TestSlave_Index2124  testslave.o
    0x20001e30   COMPRESSED   0x0000000c   Data   RW         1507    .data.TestSlave_Index2125  testslave.o
    0x20001e3c   COMPRESSED   0x0000000c   Data   RW         1508    .data.TestSlave_Index2126  testslave.o
    0x20001e48   COMPRESSED   0x0000000c   Data   RW         1509    .data.TestSlave_Index2127  testslave.o
    0x20001e54   COMPRESSED   0x0000000c   Data   RW         1510    .data.TestSlave_Index2128  testslave.o
    0x20001e60   COMPRESSED   0x0000000c   Data   RW         1511    .data.TestSlave_Index2129  testslave.o
    0x20001e6c   COMPRESSED   0x0000000c   Data   RW         1512    .data.TestSlave_Index212A  testslave.o
    0x20001e78   COMPRESSED   0x0000000c   Data   RW         1513    .data.TestSlave_Index212B  testslave.o
    0x20001e84   COMPRESSED   0x0000000c   Data   RW         1514    .data.TestSlave_Index212C  testslave.o
    0x20001e90   COMPRESSED   0x0000000c   Data   RW         1515    .data.TestSlave_Index212D  testslave.o
    0x20001e9c   COMPRESSED   0x0000000c   Data   RW         1516    .data.TestSlave_Index212E  testslave.o
    0x20001ea8   COMPRESSED   0x0000000c   Data   RW         1517    .data.TestSlave_Index212F  testslave.o
    0x20001eb4   COMPRESSED   0x00000060   Data   RW         1518    .data.TestSlave_Index3000  testslave.o
    0x20001f14   COMPRESSED   0x00000060   Data   RW         1519    .data.TestSlave_Index3001  testslave.o
    0x20001f74   COMPRESSED   0x00000060   Data   RW         1520    .data.TestSlave_Index3002  testslave.o
    0x20001fd4   COMPRESSED   0x00000060   Data   RW         1521    .data.TestSlave_Index3003  testslave.o
    0x20002034   COMPRESSED   0x00000060   Data   RW         1522    .data.TestSlave_Index3004  testslave.o
    0x20002094   COMPRESSED   0x00000060   Data   RW         1523    .data.TestSlave_Index3005  testslave.o
    0x200020f4   COMPRESSED   0x00000060   Data   RW         1524    .data.TestSlave_Index3006  testslave.o
    0x20002154   COMPRESSED   0x00000060   Data   RW         1525    .data.TestSlave_Index3007  testslave.o
    0x200021b4   COMPRESSED   0x00000060   Data   RW         1526    .data.TestSlave_Index3008  testslave.o
    0x20002214   COMPRESSED   0x00000060   Data   RW         1527    .data.TestSlave_Index3009  testslave.o
    0x20002274   COMPRESSED   0x00000060   Data   RW         1528    .data.TestSlave_Index4000  testslave.o
    0x200022d4   COMPRESSED   0x00000060   Data   RW         1529    .data.TestSlave_Index4001  testslave.o
    0x20002334   COMPRESSED   0x00000060   Data   RW         1530    .data.TestSlave_Index4002  testslave.o
    0x20002394   COMPRESSED   0x00000060   Data   RW         1531    .data.TestSlave_Index4003  testslave.o
    0x200023f4   COMPRESSED   0x00000060   Data   RW         1532    .data.TestSlave_Index4004  testslave.o
    0x20002454   COMPRESSED   0x00000060   Data   RW         1533    .data.TestSlave_Index4005  testslave.o
    0x200024b4   COMPRESSED   0x00000060   Data   RW         1534    .data.TestSlave_Index4006  testslave.o
    0x20002514   COMPRESSED   0x00000060   Data   RW         1535    .data.TestSlave_Index4007  testslave.o
    0x20002574   COMPRESSED   0x00000060   Data   RW         1536    .data.TestSlave_Index4008  testslave.o
    0x200025d4   COMPRESSED   0x00000060   Data   RW         1537    .data.TestSlave_Index4009  testslave.o
    0x20002634   COMPRESSED   0x00000002   Data   RW         1544    .data.TestSlave_ObjdictSize  testslave.o
    0x20002636   COMPRESSED   0x000000b4   Data   RW         1541    .data.TestSlave_PDO_status  testslave.o
    0x200026ea   COMPRESSED   0x0000000c   Data   RW         1542    .data.TestSlave_firstIndex  testslave.o
    0x200026f6   COMPRESSED   0x00000001   Data   RW         1072    .data.TestSlave_highestSubIndex_obj1010  testslave.o
    0x200026f7   COMPRESSED   0x00000001   Data   RW         1079    .data.TestSlave_highestSubIndex_obj1011  testslave.o
    0x200026f8   COMPRESSED   0x00000001   Data   RW         1092    .data.TestSlave_highestSubIndex_obj1018  testslave.o
    0x200026f9   COMPRESSED   0x00000001   Data   RW         1098    .data.TestSlave_highestSubIndex_obj1200  testslave.o
    0x200026fa   COMPRESSED   0x00000001   Data   RW         1102    .data.TestSlave_highestSubIndex_obj1400  testslave.o
    0x200026fb   COMPRESSED   0x00000001   Data   RW         1109    .data.TestSlave_highestSubIndex_obj1401  testslave.o
    0x200026fc   COMPRESSED   0x00000001   Data   RW         1116    .data.TestSlave_highestSubIndex_obj1402  testslave.o
    0x200026fd   COMPRESSED   0x00000001   Data   RW         1123    .data.TestSlave_highestSubIndex_obj1403  testslave.o
    0x200026fe   COMPRESSED   0x00000001   Data   RW         1130    .data.TestSlave_highestSubIndex_obj1404  testslave.o
    0x200026ff   COMPRESSED   0x00000001   Data   RW         1136    .data.TestSlave_highestSubIndex_obj1405  testslave.o
    0x20002700   COMPRESSED   0x00000001   Data   RW         1142    .data.TestSlave_highestSubIndex_obj1406  testslave.o
    0x20002701   COMPRESSED   0x00000001   Data   RW         1148    .data.TestSlave_highestSubIndex_obj1407  testslave.o
    0x20002702   COMPRESSED   0x00000001   Data   RW         1154    .data.TestSlave_highestSubIndex_obj1408  testslave.o
    0x20002703   COMPRESSED   0x00000001   Data   RW         1160    .data.TestSlave_highestSubIndex_obj1409  testslave.o
    0x20002704   COMPRESSED   0x00000001   Data   RW         1166    .data.TestSlave_highestSubIndex_obj1600  testslave.o
    0x20002705   COMPRESSED   0x00000001   Data   RW         1169    .data.TestSlave_highestSubIndex_obj1601  testslave.o
    0x20002706   COMPRESSED   0x00000001   Data   RW         1172    .data.TestSlave_highestSubIndex_obj1602  testslave.o
    0x20002707   COMPRESSED   0x00000001   Data   RW         1175    .data.TestSlave_highestSubIndex_obj1603  testslave.o
    0x20002708   COMPRESSED   0x00000001   Data   RW         1178    .data.TestSlave_highestSubIndex_obj1604  testslave.o
    0x20002709   COMPRESSED   0x00000001   Data   RW         1181    .data.TestSlave_highestSubIndex_obj1605  testslave.o
    0x2000270a   COMPRESSED   0x00000001   Data   RW         1184    .data.TestSlave_highestSubIndex_obj1606  testslave.o
    0x2000270b   COMPRESSED   0x00000001   Data   RW         1187    .data.TestSlave_highestSubIndex_obj1607  testslave.o
    0x2000270c   COMPRESSED   0x00000001   Data   RW         1190    .data.TestSlave_highestSubIndex_obj1608  testslave.o
    0x2000270d   COMPRESSED   0x00000001   Data   RW         1193    .data.TestSlave_highestSubIndex_obj1609  testslave.o
    0x2000270e   COMPRESSED   0x00000001   Data   RW         1196    .data.TestSlave_highestSubIndex_obj1800  testslave.o
    0x2000270f   COMPRESSED   0x00000001   Data   RW         1201    .data.TestSlave_highestSubIndex_obj1801  testslave.o
    0x20002710   COMPRESSED   0x00000001   Data   RW         1206    .data.TestSlave_highestSubIndex_obj1802  testslave.o
    0x20002711   COMPRESSED   0x00000001   Data   RW         1211    .data.TestSlave_highestSubIndex_obj1803  testslave.o
    0x20002712   COMPRESSED   0x00000001   Data   RW         1216    .data.TestSlave_highestSubIndex_obj1804  testslave.o
    0x20002713   COMPRESSED   0x00000001   Data   RW         1220    .data.TestSlave_highestSubIndex_obj1805  testslave.o
    0x20002714   COMPRESSED   0x00000001   Data   RW         1224    .data.TestSlave_highestSubIndex_obj1806  testslave.o
    0x20002715   COMPRESSED   0x00000001   Data   RW         1228    .data.TestSlave_highestSubIndex_obj1807  testslave.o
    0x20002716   COMPRESSED   0x00000001   Data   RW         1232    .data.TestSlave_highestSubIndex_obj1808  testslave.o
    0x20002717   COMPRESSED   0x00000001   Data   RW         1236    .data.TestSlave_highestSubIndex_obj1809  testslave.o
    0x20002718   COMPRESSED   0x00000001   Data   RW         1240    .data.TestSlave_highestSubIndex_obj1A00  testslave.o
    0x20002719   COMPRESSED   0x00000001   Data   RW         1243    .data.TestSlave_highestSubIndex_obj1A01  testslave.o
    0x2000271a   COMPRESSED   0x00000001   Data   RW         1246    .data.TestSlave_highestSubIndex_obj1A02  testslave.o
    0x2000271b   COMPRESSED   0x00000001   Data   RW         1249    .data.TestSlave_highestSubIndex_obj1A03  testslave.o
    0x2000271c   COMPRESSED   0x00000001   Data   RW         1252    .data.TestSlave_highestSubIndex_obj1A04  testslave.o
    0x2000271d   COMPRESSED   0x00000001   Data   RW         1255    .data.TestSlave_highestSubIndex_obj1A05  testslave.o
    0x2000271e   COMPRESSED   0x00000001   Data   RW         1258    .data.TestSlave_highestSubIndex_obj1A06  testslave.o
    0x2000271f   COMPRESSED   0x00000001   Data   RW         1261    .data.TestSlave_highestSubIndex_obj1A07  testslave.o
    0x20002720   COMPRESSED   0x00000001   Data   RW         1264    .data.TestSlave_highestSubIndex_obj1A08  testslave.o
    0x20002721   COMPRESSED   0x00000001   Data   RW         1267    .data.TestSlave_highestSubIndex_obj1A09  testslave.o
    0x20002722   COMPRESSED   0x0000000c   Data   RW         1543    .data.TestSlave_lastIndex  testslave.o
    0x2000272e   COMPRESSED   0x00000002   PAD
    0x20002730   COMPRESSED   0x00000004   Data   RW         1061    .data.TestSlave_obj1000  testslave.o
    0x20002734   COMPRESSED   0x00000004   Data   RW         1068    .data.TestSlave_obj1005  testslave.o
    0x20002738   COMPRESSED   0x00000004   Data   RW         1085    .data.TestSlave_obj1014  testslave.o
    0x2000273c   COMPRESSED   0x00000002   Data   RW         1090    .data.TestSlave_obj1017  testslave.o
    0x2000273e   COMPRESSED   0x00000004   Data   RW         1095    .data.TestSlave_obj1018_Name  testslave.o
    0x20002742   COMPRESSED   0x00000002   PAD
    0x20002744   COMPRESSED   0x00000004   Data   RW         1094    .data.TestSlave_obj1018_Product_Code  testslave.o
    0x20002748   COMPRESSED   0x00000004   Data   RW         1096    .data.TestSlave_obj1018_Serial_Number  testslave.o
    0x2000274c   COMPRESSED   0x00000004   Data   RW         1093    .data.TestSlave_obj1018_Vendor_ID  testslave.o
    0x20002750   COMPRESSED   0x00000004   Data   RW         1099    .data.TestSlave_obj1200_COB_ID_Client_to_Server_Receive_SDO  testslave.o
    0x20002754   COMPRESSED   0x00000004   Data   RW         1100    .data.TestSlave_obj1200_COB_ID_Server_to_Client_Transmit_SDO  testslave.o
    0x20002758   COMPRESSED   0x00000004   Data   RW         1103    .data.TestSlave_obj1400_COB_ID_used_by_PDO  testslave.o
    0x2000275c   COMPRESSED   0x00000001   Data   RW         1104    .data.TestSlave_obj1400_Transmission_Type  testslave.o
    0x2000275d   COMPRESSED   0x00000003   PAD
    0x20002760   COMPRESSED   0x00000004   Data   RW         1110    .data.TestSlave_obj1401_COB_ID_used_by_PDO  testslave.o
    0x20002764   COMPRESSED   0x00000001   Data   RW         1111    .data.TestSlave_obj1401_Transmission_Type  testslave.o
    0x20002765   COMPRESSED   0x00000003   PAD
    0x20002768   COMPRESSED   0x00000004   Data   RW         1117    .data.TestSlave_obj1402_COB_ID_used_by_PDO  testslave.o
    0x2000276c   COMPRESSED   0x00000001   Data   RW         1118    .data.TestSlave_obj1402_Transmission_Type  testslave.o
    0x2000276d   COMPRESSED   0x00000003   PAD
    0x20002770   COMPRESSED   0x00000004   Data   RW         1124    .data.TestSlave_obj1403_COB_ID_used_by_PDO  testslave.o
    0x20002774   COMPRESSED   0x00000001   Data   RW         1125    .data.TestSlave_obj1403_Transmission_Type  testslave.o
    0x20002775   COMPRESSED   0x00000001   Data   RW         1131    .data.TestSlave_obj1404_Transmission_Type  testslave.o
    0x20002776   COMPRESSED   0x00000001   Data   RW         1137    .data.TestSlave_obj1405_Transmission_Type  testslave.o
    0x20002777   COMPRESSED   0x00000001   Data   RW         1143    .data.TestSlave_obj1406_Transmission_Type  testslave.o
    0x20002778   COMPRESSED   0x00000001   Data   RW         1149    .data.TestSlave_obj1407_Transmission_Type  testslave.o
    0x20002779   COMPRESSED   0x00000001   Data   RW         1155    .data.TestSlave_obj1408_Transmission_Type  testslave.o
    0x2000277a   COMPRESSED   0x00000001   Data   RW         1161    .data.TestSlave_obj1409_Transmission_Type  testslave.o
    0x2000277b   COMPRESSED   0x00000001   PAD
    0x2000277c   COMPRESSED   0x00000020   Data   RW         1167    .data.TestSlave_obj1600  testslave.o
    0x2000279c   COMPRESSED   0x00000020   Data   RW         1170    .data.TestSlave_obj1601  testslave.o
    0x200027bc   COMPRESSED   0x00000020   Data   RW         1173    .data.TestSlave_obj1602  testslave.o
    0x200027dc   COMPRESSED   0x00000020   Data   RW         1176    .data.TestSlave_obj1603  testslave.o
    0x200027fc   COMPRESSED   0x00000020   Data   RW         1179    .data.TestSlave_obj1604  testslave.o
    0x2000281c   COMPRESSED   0x00000020   Data   RW         1182    .data.TestSlave_obj1605  testslave.o
    0x2000283c   COMPRESSED   0x00000020   Data   RW         1185    .data.TestSlave_obj1606  testslave.o
    0x2000285c   COMPRESSED   0x00000020   Data   RW         1188    .data.TestSlave_obj1607  testslave.o
    0x2000287c   COMPRESSED   0x00000020   Data   RW         1191    .data.TestSlave_obj1608  testslave.o
    0x2000289c   COMPRESSED   0x00000020   Data   RW         1194    .data.TestSlave_obj1609  testslave.o
    0x200028bc   COMPRESSED   0x00000004   Data   RW         1197    .data.TestSlave_obj1800_COB_ID_used_by_PDO  testslave.o
    0x200028c0   COMPRESSED   0x00000002   Data   RW         1198    .data.TestSlave_obj1800_Inhibit_Time  testslave.o
    0x200028c2   COMPRESSED   0x00000002   PAD
    0x200028c4   COMPRESSED   0x00000004   Data   RW         1202    .data.TestSlave_obj1801_COB_ID_used_by_PDO  testslave.o
    0x200028c8   COMPRESSED   0x00000002   Data   RW         1203    .data.TestSlave_obj1801_Inhibit_Time  testslave.o
    0x200028ca   COMPRESSED   0x00000002   PAD
    0x200028cc   COMPRESSED   0x00000004   Data   RW         1207    .data.TestSlave_obj1802_COB_ID_used_by_PDO  testslave.o
    0x200028d0   COMPRESSED   0x00000002   Data   RW         1208    .data.TestSlave_obj1802_Inhibit_Time  testslave.o
    0x200028d2   COMPRESSED   0x00000002   PAD
    0x200028d4   COMPRESSED   0x00000004   Data   RW         1212    .data.TestSlave_obj1803_COB_ID_used_by_PDO  testslave.o
    0x200028d8   COMPRESSED   0x00000002   Data   RW         1213    .data.TestSlave_obj1803_Inhibit_Time  testslave.o
    0x200028da   COMPRESSED   0x00000002   PAD
    0x200028dc   COMPRESSED   0x00000020   Data   RW         1241    .data.TestSlave_obj1A00  testslave.o
    0x200028fc   COMPRESSED   0x00000020   Data   RW         1244    .data.TestSlave_obj1A01  testslave.o
    0x2000291c   COMPRESSED   0x00000020   Data   RW         1247    .data.TestSlave_obj1A02  testslave.o
    0x2000293c   COMPRESSED   0x00000020   Data   RW         1250    .data.TestSlave_obj1A03  testslave.o
    0x2000295c   COMPRESSED   0x00000020   Data   RW         1253    .data.TestSlave_obj1A04  testslave.o
    0x2000297c   COMPRESSED   0x00000020   Data   RW         1256    .data.TestSlave_obj1A05  testslave.o
    0x2000299c   COMPRESSED   0x00000020   Data   RW         1259    .data.TestSlave_obj1A06  testslave.o
    0x200029bc   COMPRESSED   0x00000020   Data   RW         1262    .data.TestSlave_obj1A07  testslave.o
    0x200029dc   COMPRESSED   0x00000020   Data   RW         1265    .data.TestSlave_obj1A08  testslave.o
    0x200029fc   COMPRESSED   0x00000020   Data   RW         1268    .data.TestSlave_obj1A09  testslave.o
    0x20002a1c   COMPRESSED   0x000000ac   Data   RW          237    .data.cMonitorPara_Table  para.o
    0x20002ac8   COMPRESSED   0x00000324   Data   RW          439    .data.cPara_Table   para.o
    0x20002dec   COMPRESSED   0x00000100   Data   RW          141    .data.sgCanIdLost   canrevproc.o
    0x20002eec   COMPRESSED   0x00000050   Data   RW         1025    .data.sgCanOpenSendCb  stm32_timer_canfestival.o
    0x20002f3c   COMPRESSED   0x00000002   Data   RW          763    .data.u16ErrCodeNo  errcode.o
    0x20002f3e   COMPRESSED   0x0000000d   Data   RW         1053    .data.u8CtrlSnCode  testslave.o
    0x20002f4b   COMPRESSED   0x0000001b   Data   RW         1054    .data.u8HardVersion  testslave.o
    0x20002f66   COMPRESSED   0x0000000c   Data   RW         1056    .data.u8SoftComplieData  testslave.o
    0x20002f72   COMPRESSED   0x00000009   Data   RW         1057    .data.u8SoftComplieTime  testslave.o
    0x20002f7b   COMPRESSED   0x0000001b   Data   RW         1055    .data.u8SoftVersion  testslave.o
    0x20002f96   COMPRESSED   0x00000002   PAD
    0x20002f98        -       0x0000002c   Zero   RW           45    .bss..L_MergedGlobals  batterymeter.o
    0x20002fc4        -       0x00000008   Zero   RW           94    .bss..L_MergedGlobals  aiproc.o
    0x20002fcc        -       0x00000010   Zero   RW          110    .bss..L_MergedGlobals  alarmlampproc.o
    0x20002fdc        -       0x00000010   Zero   RW          125    .bss..L_MergedGlobals  anglesensor.o
    0x20002fec        -       0x00000008   Zero   RW          154    .bss..L_MergedGlobals  ledproc.o
    0x20002ff4        -       0x00000034   Zero   RW          173    .bss..L_MergedGlobals  mstslvcom.o
    0x20003028        -       0x0000001c   Zero   RW          456    .bss..L_MergedGlobals  pressuresensor.o
    0x20003044        -       0x00000014   Zero   RW          495    .bss..L_MergedGlobals  wdgproc.o
    0x20003058        -       0x00000010   Zero   RW          512    .bss..L_MergedGlobals  beepproc.o
    0x20003068        -       0x00000058   Zero   RW          609    .bss..L_MergedGlobals  user_gangli_phz15t.o
    0x200030c0        -       0x00000063   Zero   RW          730    .bss..L_MergedGlobals  drvuart.o
    0x20003123   COMPRESSED   0x00000001   PAD
    0x20003124        -       0x00000024   Zero   RW          765    .bss..L_MergedGlobals  errcode.o
    0x20003148        -       0x0000000c   Zero   RW          834    .bss..L_MergedGlobals  eeprom.o
    0x20003154        -       0x00000010   Zero   RW         1026    .bss..L_MergedGlobals  stm32_timer_canfestival.o
    0x20003164        -       0x0000007c   Zero   RW         1548    .bss..L_MergedGlobals.1  testslave.o
    0x200031e0        -       0x00000078   Zero   RW         1549    .bss..L_MergedGlobals.2  testslave.o
    0x20003258        -       0x00000054   Zero   RW         1550    .bss..L_MergedGlobals.3  testslave.o
    0x200032ac        -       0x00000030   Zero   RW          642    .bss.ADCValue       drvad.o
    0x200032dc        -       0x00000404   Zero   RW          783    .bss.Can0RdFrmBuffer  cancom.o
    0x200036e0        -       0x00000404   Zero   RW          782    .bss.Can0WrFrmBuffer  cancom.o
    0x20003ae4        -       0x00000004   Zero   RW          965    .bss.PropCurrentSmooth.u32PropCnt  propdriver.o
    0x20003ae8        -       0x00000001   Zero   RW         1059    .bss.TestSlave_bDeviceNodeId  testslave.o
    0x20003ae9   COMPRESSED   0x00000001   PAD
    0x20003aea        -       0x00000002   Zero   RW         1545    .bss.TestSlave_heartBeatTimers  testslave.o
    0x20003aec        -       0x00000001   Zero   RW         1065    .bss.TestSlave_highestSubIndex_obj1003  testslave.o
    0x20003aed        -       0x00000001   Zero   RW         1087    .bss.TestSlave_highestSubIndex_obj1016  testslave.o
    0x20003aee        -       0x00000001   Zero   RW         1063    .bss.TestSlave_obj1001  testslave.o
    0x20003aef   COMPRESSED   0x00000001   PAD
    0x20003af0        -       0x00000020   Zero   RW         1066    .bss.TestSlave_obj1003  testslave.o
    0x20003b10        -       0x00000004   Zero   RW         1070    .bss.TestSlave_obj1006  testslave.o
    0x20003b14        -       0x00000004   Zero   RW         1073    .bss.TestSlave_obj1010_Save_All_Parameters  testslave.o
    0x20003b18        -       0x00000004   Zero   RW         1075    .bss.TestSlave_obj1010_Save_Application_Parameters  testslave.o
    0x20003b1c        -       0x00000004   Zero   RW         1074    .bss.TestSlave_obj1010_Save_Communication_Parameters  testslave.o
    0x20003b20        -       0x00000004   Zero   RW         1076    .bss.TestSlave_obj1010_Save_Manufacturer_Parameters  testslave.o
    0x20003b24        -       0x00000004   Zero   RW         1080    .bss.TestSlave_obj1011_Restore_All_Default_Parameters  testslave.o
    0x20003b28        -       0x00000004   Zero   RW         1082    .bss.TestSlave_obj1011_Restore_Application_Default_Parameters  testslave.o
    0x20003b2c        -       0x00000004   Zero   RW         1081    .bss.TestSlave_obj1011_Restore_Communication_Default_Parameters  testslave.o
    0x20003b30        -       0x00000004   Zero   RW         1083    .bss.TestSlave_obj1011_Restore_Manufacturer_Default_Parameters  testslave.o
    0x20003b34        -       0x00000000   Zero   RW         1088    .bss.TestSlave_obj1016  testslave.o
    0x20003b34        -       0x00000001   Zero   RW         1106    .bss.TestSlave_obj1400_Compatibility_Entry  testslave.o
    0x20003b35   COMPRESSED   0x00000001   PAD
    0x20003b36        -       0x00000002   Zero   RW         1107    .bss.TestSlave_obj1400_Event_Timer  testslave.o
    0x20003b38        -       0x00000002   Zero   RW         1105    .bss.TestSlave_obj1400_Inhibit_Time  testslave.o
    0x20003b3a        -       0x00000001   Zero   RW         1113    .bss.TestSlave_obj1401_Compatibility_Entry  testslave.o
    0x20003b3b   COMPRESSED   0x00000001   PAD
    0x20003b3c        -       0x00000002   Zero   RW         1114    .bss.TestSlave_obj1401_Event_Timer  testslave.o
    0x20003b3e        -       0x00000002   Zero   RW         1112    .bss.TestSlave_obj1401_Inhibit_Time  testslave.o
    0x20003b40        -       0x00000001   Zero   RW         1120    .bss.TestSlave_obj1402_Compatibility_Entry  testslave.o
    0x20003b41   COMPRESSED   0x00000001   PAD
    0x20003b42        -       0x00000002   Zero   RW         1121    .bss.TestSlave_obj1402_Event_Timer  testslave.o
    0x20003b44        -       0x00000002   Zero   RW         1119    .bss.TestSlave_obj1402_Inhibit_Time  testslave.o
    0x20003b46        -       0x00000001   Zero   RW         1127    .bss.TestSlave_obj1403_Compatibility_Entry  testslave.o
    0x20003b47   COMPRESSED   0x00000001   PAD
    0x20003b48        -       0x00000002   Zero   RW         1128    .bss.TestSlave_obj1403_Event_Timer  testslave.o
    0x20003b4a        -       0x00000002   Zero   RW         1126    .bss.TestSlave_obj1403_Inhibit_Time  testslave.o
    0x20003b4c        -       0x00000001   Zero   RW         1133    .bss.TestSlave_obj1404_Compatibility_Entry  testslave.o
    0x20003b4d   COMPRESSED   0x00000001   PAD
    0x20003b4e        -       0x00000002   Zero   RW         1134    .bss.TestSlave_obj1404_Event_Timer  testslave.o
    0x20003b50        -       0x00000002   Zero   RW         1132    .bss.TestSlave_obj1404_Inhibit_Time  testslave.o
    0x20003b52        -       0x00000001   Zero   RW         1139    .bss.TestSlave_obj1405_Compatibility_Entry  testslave.o
    0x20003b53   COMPRESSED   0x00000001   PAD
    0x20003b54        -       0x00000002   Zero   RW         1140    .bss.TestSlave_obj1405_Event_Timer  testslave.o
    0x20003b56        -       0x00000002   Zero   RW         1138    .bss.TestSlave_obj1405_Inhibit_Time  testslave.o
    0x20003b58        -       0x00000001   Zero   RW         1145    .bss.TestSlave_obj1406_Compatibility_Entry  testslave.o
    0x20003b59   COMPRESSED   0x00000001   PAD
    0x20003b5a        -       0x00000002   Zero   RW         1146    .bss.TestSlave_obj1406_Event_Timer  testslave.o
    0x20003b5c        -       0x00000002   Zero   RW         1144    .bss.TestSlave_obj1406_Inhibit_Time  testslave.o
    0x20003b5e        -       0x00000001   Zero   RW         1151    .bss.TestSlave_obj1407_Compatibility_Entry  testslave.o
    0x20003b5f   COMPRESSED   0x00000001   PAD
    0x20003b60        -       0x00000002   Zero   RW         1152    .bss.TestSlave_obj1407_Event_Timer  testslave.o
    0x20003b62        -       0x00000002   Zero   RW         1150    .bss.TestSlave_obj1407_Inhibit_Time  testslave.o
    0x20003b64        -       0x00000001   Zero   RW         1157    .bss.TestSlave_obj1408_Compatibility_Entry  testslave.o
    0x20003b65   COMPRESSED   0x00000001   PAD
    0x20003b66        -       0x00000002   Zero   RW         1158    .bss.TestSlave_obj1408_Event_Timer  testslave.o
    0x20003b68        -       0x00000002   Zero   RW         1156    .bss.TestSlave_obj1408_Inhibit_Time  testslave.o
    0x20003b6a        -       0x00000001   Zero   RW         1163    .bss.TestSlave_obj1409_Compatibility_Entry  testslave.o
    0x20003b6b   COMPRESSED   0x00000001   PAD
    0x20003b6c        -       0x00000002   Zero   RW         1164    .bss.TestSlave_obj1409_Event_Timer  testslave.o
    0x20003b6e        -       0x00000002   Zero   RW         1162    .bss.TestSlave_obj1409_Inhibit_Time  testslave.o
    0x20003b70        -       0x00000001   Zero   RW         1199    .bss.TestSlave_obj1800_Compatibility_Entry  testslave.o
    0x20003b71        -       0x00000001   Zero   RW         1204    .bss.TestSlave_obj1801_Compatibility_Entry  testslave.o
    0x20003b72        -       0x00000001   Zero   RW         1209    .bss.TestSlave_obj1802_Compatibility_Entry  testslave.o
    0x20003b73        -       0x00000001   Zero   RW         1214    .bss.TestSlave_obj1803_Compatibility_Entry  testslave.o
    0x20003b74        -       0x00000001   Zero   RW         1218    .bss.TestSlave_obj1804_Compatibility_Entry  testslave.o
    0x20003b75   COMPRESSED   0x00000001   PAD
    0x20003b76        -       0x00000002   Zero   RW         1217    .bss.TestSlave_obj1804_Inhibit_Time  testslave.o
    0x20003b78        -       0x00000001   Zero   RW         1222    .bss.TestSlave_obj1805_Compatibility_Entry  testslave.o
    0x20003b79   COMPRESSED   0x00000001   PAD
    0x20003b7a        -       0x00000002   Zero   RW         1221    .bss.TestSlave_obj1805_Inhibit_Time  testslave.o
    0x20003b7c        -       0x00000001   Zero   RW         1226    .bss.TestSlave_obj1806_Compatibility_Entry  testslave.o
    0x20003b7d   COMPRESSED   0x00000001   PAD
    0x20003b7e        -       0x00000002   Zero   RW         1225    .bss.TestSlave_obj1806_Inhibit_Time  testslave.o
    0x20003b80        -       0x00000001   Zero   RW         1230    .bss.TestSlave_obj1807_Compatibility_Entry  testslave.o
    0x20003b81   COMPRESSED   0x00000001   PAD
    0x20003b82        -       0x00000002   Zero   RW         1229    .bss.TestSlave_obj1807_Inhibit_Time  testslave.o
    0x20003b84        -       0x00000001   Zero   RW         1234    .bss.TestSlave_obj1808_Compatibility_Entry  testslave.o
    0x20003b85   COMPRESSED   0x00000001   PAD
    0x20003b86        -       0x00000002   Zero   RW         1233    .bss.TestSlave_obj1808_Inhibit_Time  testslave.o
    0x20003b88        -       0x00000001   Zero   RW         1238    .bss.TestSlave_obj1809_Compatibility_Entry  testslave.o
    0x20003b89   COMPRESSED   0x00000001   PAD
    0x20003b8a        -       0x00000002   Zero   RW         1237    .bss.TestSlave_obj1809_Inhibit_Time  testslave.o
    0x20003b8c        -       0x00000052   Zero   RW          606    .bss.gCanRevPdoInfo  user_gangli_phz15t.o
    0x20003bde        -       0x00000050   Zero   RW          604    .bss.gCanSendPdoInfo  user_gangli_phz15t.o
    0x20003c2e        -       0x00000008   Zero   RW          643    .bss.inserted_data  drvad.o
    0x20003c36   COMPRESSED   0x00000002   PAD
    0x20003c38        -       0x00000480   Zero   RW          934    .bss.netTimer       nettimer.o
    0x200040b8        -       0x00000050   Zero   RW          884    .bss.sgDiFilter     localdi.o
    0x20004108        -       0x00000080   Zero   RW          804    .bss.sgDriverInfo   dopwm.o
    0x20004188        -       0x00000408   Zero   RW          833    .bss.sgEepromArray  eeprom.o
    0x20004590        -       0x00000238   Zero   RW          440    .bss.sgPara         para.o
    0x200047c8        -       0x000001b0   Zero   RW          963    .bss.sgPropCurrentLoop  propdriver.o
    0x20004978        -       0x00000034   Zero   RW          475    .bss.sgPropInfo     propproc.o
    0x200049ac        -       0x000000c8   Zero   RW          140    .bss.sgRevCallBack  canrevproc.o
    0x20004a74        -       0x00000006   Zero   RW          899    .bss.sgu8Do         localdo.o
    0x20004a7a   COMPRESSED   0x00000002   PAD
    0x20004a7c        -       0x000000f0   Zero   RW         2537    .bss.timers         Canopen.lib(timer_canfestival.o)
    0x20004b6c        -       0x00000040   Zero   RW          729    .bss.u8Uart0RevBuf  drvuart.o
    0x20004bac        -       0x00000100   Zero   RW          728    .bss.u8Uart2SendBuf  drvuart.o
    0x20004cac        -       0x00000044   Zero   RW          990    .bss.uart0RxBuffer  uartcom.o
    0x20004cf0        -       0x00000044   Zero   RW          988    .bss.uart0TxBuffer  uartcom.o
    0x20004d34        -       0x00000044   Zero   RW          991    .bss.uart1RxBuffer  uartcom.o
    0x20004d78        -       0x00000044   Zero   RW          989    .bss.uart1TxBuffer  uartcom.o
    0x20004dbc        -       0x00000001   Zero   RW          858    .bss.vLedSetState.sLedBit.0  led.o
    0x20004dbd   COMPRESSED   0x00000003   PAD
    0x20004dc0        -       0x00000400   Zero   RW          549    HEAP                startup_gd32f30x_hd.o
    0x200051c0        -       0x00000400   Zero   RW          548    STACK               startup_gd32f30x_hd.o


==============================================================================

Image component sizes


      Code (inc. data)   RO Data    RW Data    ZI Data      Debug   Object Name

       816         24          0          0          8      13110   aiproc.o
       104          0          0          0         16       1697   alarmlampproc.o
       160          0          0          0         16       8047   anglesensor.o
      1440         72        267          0         44      13063   batterymeter.o
       112          0          0          0         16       1665   beepproc.o
       780         80          0          0       2056       5954   cancom.o
      2772        124          0        256        200       7078   canrevproc.o
      1468         72          0          0        128      16340   dopwm.o
       614          0          0          0         56       3736   drvad.o
       108          0          0          0          0       1549   drvbsp.o
       236          0          0          0          0       4496   drvcan.o
       302          0          0          0          0        733   drvdi.o
       156          0          0          0          0        724   drvdo.o
      1288         10          0          0          0       3867   drvpwm.o
       124          0          0          0          0       2307   drvspi.o
       992          0          0          0        419       6749   drvuart.o
      1920          6          0          0       1044      14472   eeprom.o
      1274          0        126          2         36      19979   errcode.o
       352          0          0          0          0       4282   gd32f30x_it.o
       452          0          0          0          0       2208   hourcount.o
       380         40         45          0          1       1731   led.o
       706          0          0          0          8       8395   ledproc.o
       684         80         45          0          0       6621   localai.o
      1128         60          0          0         80       9464   localdi.o
       268         60          0          0          6       1797   localdo.o
         6          0          0          0          0        792   log.o
      1168        160        232          0          0       9234   main.o
       664         68          0          0         52      15858   mstslvcom.o
       458          0          0          0       1152       2513   nettimer.o
      1104          0       6832        976        568      28871   para.o
       476         24          0          0         28       9056   pressuresensor.o
      1908         92         66          0        436      12400   propdriver.o
      1068         64          0          0         52      15666   propproc.o
        36          8        304          0       2048        932   startup_gd32f30x_hd.o
       514          0          0         80         16       7800   stm32_timer_canfestival.o
       482          0          0          4          0       2808   system_gd32f30x.o
        74          0          0          0          0       3935   systick.o
     11264       4838       2553      10826        474      45432   testslave.o
      2276         44          0          0        272      11618   uartcom.o
      3390         12        152          0        250      27137   user_gangli_phz15t.o
         4          0          0          0          0        509   watchdog.o
       924         40        173          0         20      10486   wdgproc.o

    ----------------------------------------------------------------------
     44588       5978      10832      12168       9528     365111   Object Totals
         0          0         32          0          0          0   (incl. Generated)
       136          0          5         24         26          0   (incl. Padding)

    ----------------------------------------------------------------------

      Code (inc. data)   RO Data    RW Data    ZI Data      Debug   Library Member Name

       108          0          0          0          0        224   emcy.o
       670          0          0          0          0        268   lifegrd.o
        32          0          0          0          0        108   nmtmaster.o
       222          0          0          0          0         76   nmtslave.o
       664          0          0          0          0        176   objacces.o
      2290          0          0          0          0        420   pdo.o
      8070         14          0          0          0        932   sdo.o
      1058         18         28          0          0        224   states.o
       306          0          0          0          0        248   sync.o
       558          0          0          8        240        112   timer_canfestival.o
       838          0          0          0          0        628   gd32f30x_adc.o
       934          6          0          0          0        480   gd32f30x_can.o
       494          0          0          0          0        460   gd32f30x_dma.o
        16          0          0          0          0        124   gd32f30x_fwdgt.o
      1156          0          0          0          0        364   gd32f30x_gpio.o
       198          0          0          0          0        132   gd32f30x_misc.o
       438         22          8          0          0        660   gd32f30x_rcu.o
        82          0          0          0          0        704   gd32f30x_spi.o
      1164         18          0          0          0       1200   gd32f30x_timer.o
       384          0          0          0          0        840   gd32f30x_usart.o
       144          2          0          0          0        256   IQNdiv.o
        16          2          0          0          0        196   IQNmpy.o
        86          0          0          0          0          0   __dczerorl2.o
         0          0          0          0          0          0   entry.o
         0          0          0          0          0          0   entry10a.o
         0          0          0          0          0          0   entry11a.o
         8          4          0          0          0          0   entry2.o
         4          0          0          0          0          0   entry5.o
         0          0          0          0          0          0   entry7b.o
         0          0          0          0          0          0   entry8b.o
         8          4          0          0          0          0   entry9a.o
        30          0          0          0          0          0   handlers.o
        36          8          0          0          0         68   init.o
         0          0          0          0          0          0   iusefp.o
        30          0          0          0          0         68   llshl.o
        36          0          0          0          0         68   llsshr.o
        32          0          0          0          0         68   llushr.o
       360         30          0          0          0        356   mallocr.o
        26          0          0          0          0         80   memcmp.o
        36          0          0          0          0         68   memcpya.o
        36          0          0          0          0        108   memseta.o
         0          0          0          8          0          0   mvars.o
        56          0          0          0          0         88   d2f.o
       334          0          0          0          0        148   dadd.o
       222          0          0          0          0        100   ddiv.o
       186          0          0          0          0        176   depilogue.o
        62          0          0          0          0         80   dfixi.o
        50          0          0          0          0         76   dfixui.o
        34          0          0          0          0         76   dflti.o
        26          0          0          0          0         76   dfltui.o
       228          0          0          0          0         96   dmul.o
       110          0          0          0          0        168   fepilogue.o

    ----------------------------------------------------------------------
     22052        128         36         16        240      10800   Library Totals
       174          0          0          0          0          0   (incl. Padding)

    ----------------------------------------------------------------------

      Code (inc. data)   RO Data    RW Data    ZI Data      Debug   Library Name

     13978         32         28          8        240       2788   Canopen.lib
      5704         46          8          0          0       5592   Device.lib
       160          4          0          0          0        452   IQmathLib.lib
       728         46          0          8          0        884   mc_w.l
      1308          0          0          0          0       1084   mf_w.l

    ----------------------------------------------------------------------
     22052        128         36         16        240      10800   Library Totals

    ----------------------------------------------------------------------

==============================================================================


      Code (inc. data)   RO Data    RW Data    ZI Data      Debug   

     66640       6106      10868      12184       9768     374007   Grand Totals
     66640       6106      10868       3256       9768     374007   ELF Image Totals (compressed)
     66640       6106      10868       3256          0          0   ROM Totals

==============================================================================

    Total RO  Size (Code + RO Data)                77508 (  75.69kB)
    Total RW  Size (RW Data + ZI Data)             21952 (  21.44kB)
    Total ROM Size (Code + RO Data + RW Data)      80764 (  78.87kB)

==============================================================================

