Component: ARM Compiler 6.14 Tool: armlink [5db06800]

==============================================================================

Section Cross References

    main.o(.text.SysInit) refers to drvbsp.o(.text.vBspInit) for vBspInit
    main.o(.text.SysInit) refers to para.o(.text.vParaInit) for vParaInit
    main.o(.text.SysInit) refers to log.o(.text.vLogInit) for vLogInit
    main.o(.text.SysInit) refers to nettimer.o(.text.vNetTimerInit) for vNetTimerInit
    main.o(.text.SysInit) refers to wdgproc.o(.text.vWdgInit) for vWdgInit
    main.o(.text.SysInit) refers to dopwm.o(.text.vDoPwmInit) for vDoPwmInit
    main.o(.text.SysInit) refers to propproc.o(.text.vPropProcInit) for vPropProcInit
    main.o(.text.SysInit) refers to aiproc.o(.text.vAiProcInit) for vAiProcInit
    main.o(.text.SysInit) refers to anglesensor.o(.text.vAngleSensorInit) for vAngleSensorInit
    main.o(.text.SysInit) refers to pressuresensor.o(.text.vPressureSensorInit) for vPressureSensorInit
    main.o(.text.SysInit) refers to user_hangcha_phz.o(.text.vUserEcuInit) for vUserEcuInit
    main.o(.text.SysInit) refers to para.o(.text.i32GetPara) for i32GetPara
    main.o(.text.SysInit) refers to stm32_timer_canfestival.o(.text.Canopen_int) for Canopen_int
    main.o(.ARM.exidx.text.SysInit) refers to main.o(.text.SysInit) for [Anonymous Symbol]
    main.o(.text.main) refers to systick.o(.text.systick_config) for systick_config
    main.o(.text.main) refers to main.o(.text.SysInit) for SysInit
    main.o(.text.main) refers to main.o(.rodata.str1.1) for .L.str
    main.o(.text.main) refers to log.o(.text.i32LogWrite) for i32LogWrite
    main.o(.text.main) refers to nettimer.o(.text.vSetNetTimer) for vSetNetTimer
    main.o(.text.main) refers to localdo.o(.text.i32LocalDoSet) for i32LocalDoSet
    main.o(.text.main) refers to drvad.o(.bss.inserted_data) for inserted_data
    main.o(.text.main) refers to eeprom.o(.text.vEepromNoBlockWriteProc) for vEepromNoBlockWriteProc
    main.o(.text.main) refers to nettimer.o(.text.u8GetNetTimerOverFlag) for u8GetNetTimerOverFlag
    main.o(.text.main) refers to batterymeter.o(.text.InitBattery) for InitBattery
    main.o(.text.main) refers to nettimer.o(.text.vKillNetTimer) for vKillNetTimer
    main.o(.text.main) refers to nettimer.o(.text.vResetNetTimer) for vResetNetTimer
    main.o(.text.main) refers to wdgproc.o(.text.vWdgSetFun) for vWdgSetFun
    main.o(.text.main) refers to localdi.o(.text.vLocalDiProc) for vLocalDiProc
    main.o(.text.main) refers to canrevproc.o(.text.vCanRevProc) for vCanRevProc
    main.o(.text.main) refers to localdo.o(.text.vLocalDoProc) for vLocalDoProc
    main.o(.text.main) refers to propproc.o(.text.vPropProc) for vPropProc
    main.o(.text.main) refers to aiproc.o(.text.vAiProc) for vAiProc
    main.o(.text.main) refers to dopwm.o(.text.vDoPwmProc) for vDoPwmProc
    main.o(.text.main) refers to mstslvcom.o(.text.vMstSlvComProc) for vMstSlvComProc
    main.o(.text.main) refers to beepproc.o(.text.vBeepProc) for vBeepProc
    main.o(.text.main) refers to alarmlampproc.o(.text.vAlarmLampProc) for vAlarmLampProc
    main.o(.text.main) refers to anglesensor.o(.text.vAngleSensorProc) for vAngleSensorProc
    main.o(.text.main) refers to pressuresensor.o(.text.vPressureSensorProc) for vPressureSensorProc
    main.o(.text.main) refers to user_hangcha_phz.o(.text.vUserEcuProc) for vUserEcuProc
    main.o(.text.main) refers to ledproc.o(.text.vLedProc) for vLedProc
    main.o(.text.main) refers to eeprom.o(.text.u8GetEepromFlag) for u8GetEepromFlag
    main.o(.text.main) refers to wdgproc.o(.text.vWdgProc) for vWdgProc
    main.o(.text.main) refers to localdi.o(.text.i32LocalDiGet) for i32LocalDiGet
    main.o(.text.main) refers to dfltui.o(.text) for __aeabi_ui2d
    main.o(.text.main) refers to dmul.o(.text) for __aeabi_dmul
    main.o(.text.main) refers to para.o(.text.i32GetPara) for i32GetPara
    main.o(.text.main) refers to localai.o(.text.i32LocalAiGetValue) for i32LocalAiGetValue
    main.o(.text.main) refers to localai.o(.text.i32LocalAiGet) for i32LocalAiGet
    main.o(.text.main) refers to batterymeter.o(.text.vBatteryProc) for vBatteryProc
    main.o(.ARM.exidx.text.main) refers to main.o(.text.main) for [Anonymous Symbol]
    batterymeter.o(.text.ReadVoltage) refers to localai.o(.text.i32LocalAiGet) for i32LocalAiGet
    batterymeter.o(.ARM.exidx.text.ReadVoltage) refers to batterymeter.o(.text.ReadVoltage) for [Anonymous Symbol]
    batterymeter.o(.text.ReadLevelFromEeprom) refers to eeprom.o(.text.u16EepromRead) for u16EepromRead
    batterymeter.o(.ARM.exidx.text.ReadLevelFromEeprom) refers to batterymeter.o(.text.ReadLevelFromEeprom) for [Anonymous Symbol]
    batterymeter.o(.text.WriteLevelToEeprom) refers to eeprom.o(.text.u16EepromRead) for u16EepromRead
    batterymeter.o(.text.WriteLevelToEeprom) refers to eeprom.o(.text.u16EepromWrite) for u16EepromWrite
[...]
    0x0801adec   0x0801adec   0x0000001c   Data   RO          398    .rodata.cParaAnalog3MidVal  para.o
    0x0801ae08   0x0801ae08   0x0000001c   Data   RO          325    .rodata.cParaAngleSensorSetting  para.o
    0x0801ae24   0x0801ae24   0x0000001c   Data   RO          327    .rodata.cParaAngleSensorType  para.o
    0x0801ae40   0x0801ae40   0x0000001c   Data   RO          337    .rodata.cParaAngleSimulationDownLimit  para.o
    0x0801ae5c   0x0801ae5c   0x0000001c   Data   RO          315    .rodata.cParaAngleSimulationLimit  para.o
    0x0801ae78   0x0801ae78   0x0000001c   Data   RO          336    .rodata.cParaAngleSimulationUpLimit  para.o
    0x0801ae94   0x0801ae94   0x0000001c   Data   RO          375    .rodata.cParaAngleValue0  para.o
    0x0801aeb0   0x0801aeb0   0x0000001c   Data   RO          376    .rodata.cParaAngleValue1  para.o
    0x0801aecc   0x0801aecc   0x0000001c   Data   RO          377    .rodata.cParaAngleValue2  para.o
    0x0801aee8   0x0801aee8   0x0000001c   Data   RO          378    .rodata.cParaAngleValue3  para.o
    0x0801af04   0x0801af04   0x0000001c   Data   RO          379    .rodata.cParaAngleValue4  para.o
    0x0801af20   0x0801af20   0x0000001c   Data   RO          380    .rodata.cParaAngleValue5  para.o
    0x0801af3c   0x0801af3c   0x0000001c   Data   RO          381    .rodata.cParaAngleValue6  para.o
    0x0801af58   0x0801af58   0x0000001c   Data   RO          382    .rodata.cParaAngleValue7  para.o
    0x0801af74   0x0801af74   0x0000001c   Data   RO          427    .rodata.cParaAngleWithEndSpdPer  para.o
    0x0801af90   0x0801af90   0x0000001c   Data   RO          426    .rodata.cParaAngleWithStartSpdPer  para.o
    0x0801afac   0x0801afac   0x0000001c   Data   RO          300    .rodata.cParaAntiPinchFunc  para.o
    0x0801afc8   0x0801afc8   0x0000001c   Data   RO          371    .rodata.cParaAnticollisionFunc  para.o
    0x0801afe4   0x0801afe4   0x0000001c   Data   RO          369    .rodata.cParaBatSocPalyBack  para.o
    0x0801b000   0x0801b000   0x0000001c   Data   RO          311    .rodata.cParaBatteryType  para.o
    0x0801b01c   0x0801b01c   0x0000001c   Data   RO          268    .rodata.cParaBrakeAntiPinch  para.o
    0x0801b038   0x0801b038   0x0000001c   Data   RO          411    .rodata.cParaBrakeBDeadZoneMaxVal  para.o
    0x0801b054   0x0801b054   0x0000001c   Data   RO          410    .rodata.cParaBrakeBDeadZoneMinVal  para.o
    0x0801b070   0x0801b070   0x0000001c   Data   RO          412    .rodata.cParaBrakeBMidVal  para.o
    0x0801b08c   0x0801b08c   0x0000001c   Data   RO          264    .rodata.cParaBrakeDriveAfterLift  para.o
    0x0801b0a8   0x0801b0a8   0x0000001c   Data   RO          408    .rodata.cParaBrakeFDeadZoneMaxVal  para.o
    0x0801b0c4   0x0801b0c4   0x0000001c   Data   RO          407    .rodata.cParaBrakeFDeadZoneMinVal  para.o
    0x0801b0e0   0x0801b0e0   0x0000001c   Data   RO          409    .rodata.cParaBrakeFMidVal  para.o
    0x0801b0fc   0x0801b0fc   0x0000001c   Data   RO          262    .rodata.cParaBrakeFastDrive  para.o
    0x0801b118   0x0801b118   0x0000001c   Data   RO          265    .rodata.cParaBrakeLift  para.o
    0x0801b134   0x0801b134   0x0000001c   Data   RO          266    .rodata.cParaBrakeLower  para.o
    0x0801b150   0x0801b150   0x0000001c   Data   RO          263    .rodata.cParaBrakeSlowDrive  para.o
    0x0801b16c   0x0801b16c   0x0000001c   Data   RO          267    .rodata.cParaBrakeTurn  para.o
    0x0801b188   0x0801b188   0x0000001c   Data   RO          406    .rodata.cParaBrakeType  para.o
    0x0801b1a4   0x0801b1a4   0x0000001c   Data   RO          361    .rodata.cParaCanBaudRate  para.o
    0x0801b1c0   0x0801b1c0   0x0000001c   Data   RO          374    .rodata.cParaCanOpenNodeId  para.o
    0x0801b1dc   0x0801b1dc   0x0000001c   Data   RO          282    .rodata.cParaCurveDriveAfterLift  para.o
    0x0801b1f8   0x0801b1f8   0x0000001c   Data   RO          280    .rodata.cParaCurveFastDrive  para.o
    0x0801b214   0x0801b214   0x0000001c   Data   RO          283    .rodata.cParaCurveLift  para.o
    0x0801b230   0x0801b230   0x0000001c   Data   RO          284    .rodata.cParaCurveLower  para.o
    0x0801b24c   0x0801b24c   0x0000001c   Data   RO          281    .rodata.cParaCurveSlowDrive  para.o
    0x0801b268   0x0801b268   0x0000001c   Data   RO          287    .rodata.cParaCurveTurn  para.o
    0x0801b284   0x0801b284   0x0000001c   Data   RO          261    .rodata.cParaDeadZoneAdjust  para.o
    0x0801b2a0   0x0801b2a0   0x0000001c   Data   RO          276    .rodata.cParaDriveMotorEncoder  para.o
    0x0801b2bc   0x0801b2bc   0x0000001c   Data   RO          257    .rodata.cParaDriveSpeedAfterLift  para.o
    0x0801b2d8   0x0801b2d8   0x0000001c   Data   RO          392    .rodata.cParaDriver10Vol  para.o
    0x0801b2f4   0x0801b2f4   0x0000001c   Data   RO          383    .rodata.cParaDriver1Vol  para.o
    0x0801b310   0x0801b310   0x0000001c   Data   RO          384    .rodata.cParaDriver2Vol  para.o
    0x0801b32c   0x0801b32c   0x0000001c   Data   RO          385    .rodata.cParaDriver3Vol  para.o
    0x0801b348   0x0801b348   0x0000001c   Data   RO          386    .rodata.cParaDriver4Vol  para.o
    0x0801b364   0x0801b364   0x0000001c   Data   RO          387    .rodata.cParaDriver5Vol  para.o
    0x0801b380   0x0801b380   0x0000001c   Data   RO          388    .rodata.cParaDriver6Vol  para.o
    0x0801b39c   0x0801b39c   0x0000001c   Data   RO          389    .rodata.cParaDriver7Vol  para.o
    0x0801b3b8   0x0801b3b8   0x0000001c   Data   RO          390    .rodata.cParaDriver8Vol  para.o
    0x0801b3d4   0x0801b3d4   0x0000001c   Data   RO          391    .rodata.cParaDriver9Vol  para.o
    0x0801b3f0   0x0801b3f0   0x0000001c   Data   RO          364    .rodata.cParaDriverFlag  para.o
    0x0801b40c   0x0801b40c   0x0000001c   Data   RO          320    .rodata.cParaDriverType  para.o
    0x0801b428   0x0801b428   0x0000001c   Data   RO          273    .rodata.cParaDynamicOverLoadPercent  para.o
    0x0801b444   0x0801b444   0x0000001c   Data   RO          362    .rodata.cParaEmptyPressure  para.o
    0x0801b460   0x0801b460   0x0000001c   Data   RO          439    .rodata.cParaErrCode0  para.o
    0x0801b47c   0x0801b47c   0x0000001c   Data   RO          440    .rodata.cParaErrCode1  para.o
    0x0801b498   0x0801b498   0x0000001c   Data   RO          449    .rodata.cParaErrCode10  para.o
    0x0801b4b4   0x0801b4b4   0x0000001c   Data   RO          450    .rodata.cParaErrCode11  para.o
    0x0801b4d0   0x0801b4d0   0x0000001c   Data   RO          451    .rodata.cParaErrCode12  para.o
    0x0801b4ec   0x0801b4ec   0x0000001c   Data   RO          452    .rodata.cParaErrCode13  para.o
    0x0801b508   0x0801b508   0x0000001c   Data   RO          453    .rodata.cParaErrCode14  para.o
    0x0801b524   0x0801b524   0x0000001c   Data   RO          441    .rodata.cParaErrCode2  para.o
    0x0801b540   0x0801b540   0x0000001c   Data   RO          442    .rodata.cParaErrCode3  para.o
    0x0801b55c   0x0801b55c   0x0000001c   Data   RO          443    .rodata.cParaErrCode4  para.o
    0x0801b578   0x0801b578   0x0000001c   Data   RO          444    .rodata.cParaErrCode5  para.o
    0x0801b594   0x0801b594   0x0000001c   Data   RO          445    .rodata.cParaErrCode6  para.o
    0x0801b5b0   0x0801b5b0   0x0000001c   Data   RO          446    .rodata.cParaErrCode7  para.o
    0x0801b5cc   0x0801b5cc   0x0000001c   Data   RO          447    .rodata.cParaErrCode8  para.o
    0x0801b5e8   0x0801b5e8   0x0000001c   Data   RO          448    .rodata.cParaErrCode9  para.o
    0x0801b604   0x0801b604   0x0000001c   Data   RO          454    .rodata.cParaErrCodeMax  para.o
    0x0801b620   0x0801b620   0x0000001c   Data   RO          255    .rodata.cParaFastDriveSpeed  para.o
    0x0801b63c   0x0801b63c   0x0000001c   Data   RO          319    .rodata.cParaFourPointWeightFunc  para.o
    0x0801b658   0x0801b658   0x0000001c   Data   RO          363    .rodata.cParaFullPressure  para.o
    0x0801b674   0x0801b674   0x0000001c   Data   RO          415    .rodata.cParaGear1Spd  para.o
    0x0801b690   0x0801b690   0x0000001c   Data   RO          416    .rodata.cParaGear2Spd  para.o
    0x0801b6ac   0x0801b6ac   0x0000001c   Data   RO          417    .rodata.cParaGear3Spd  para.o
    0x0801b6c8   0x0801b6c8   0x0000001c   Data   RO          418    .rodata.cParaGear4Spd  para.o
    0x0801b6e4   0x0801b6e4   0x0000001c   Data   RO          323    .rodata.cParaHeartBeatQueryFunc  para.o
    0x0801b700   0x0801b700   0x0000001c   Data   RO          428    .rodata.cParaHourCountPowerOn  para.o
    0x0801b71c   0x0801b71c   0x0000001c   Data   RO          322    .rodata.cParaInAndOutFunc  para.o
    0x0801b738   0x0801b738   0x0000001c   Data   RO          329    .rodata.cParaIsNoLoadCalibration  para.o
    0x0801b754   0x0801b754   0x0000001c   Data   RO          330    .rodata.cParaIsOverLoadCalibration  para.o
    0x0801b770   0x0801b770   0x0000001c   Data   RO          310    .rodata.cParaLanguageType  para.o
    0x0801b78c   0x0801b78c   0x0000001c   Data   RO          316    .rodata.cParaLiftReverseFunc  para.o
    0x0801b7a8   0x0801b7a8   0x0000001c   Data   RO          258    .rodata.cParaLiftSpeed  para.o
    0x0801b7c4   0x0801b7c4   0x0000001c   Data   RO          393    .rodata.cParaLogLevel  para.o
    0x0801b7e0   0x0801b7e0   0x0000001c   Data   RO          394    .rodata.cParaLogModel  para.o
    0x0801b7fc   0x0801b7fc   0x0000001c   Data   RO          306    .rodata.cParaLowBatAlmFunc  para.o
    0x0801b818   0x0801b818   0x0000001c   Data   RO          324    .rodata.cParaLowBatteryMode  para.o
    0x0801b834   0x0801b834   0x0000001c   Data   RO          307    .rodata.cParaLowVolAlmTime  para.o
    0x0801b850   0x0801b850   0x0000001c   Data   RO          308    .rodata.cParaLowVolShutDownTime  para.o
    0x0801b86c   0x0801b86c   0x0000001c   Data   RO          313    .rodata.cParaLowerPumpType  para.o
    0x0801b888   0x0801b888   0x0000001c   Data   RO          271    .rodata.cParaLowerSpeed  para.o
    0x0801b8a4   0x0801b8a4   0x0000001c   Data   RO          420    .rodata.cParaMaintenancePeriod  para.o
    0x0801b8c0   0x0801b8c0   0x0000001c   Data   RO          368    .rodata.cParaMaxAngle  para.o
    0x0801b8dc   0x0801b8dc   0x0000001c   Data   RO          275    .rodata.cParaMaxDifferencePercent  para.o
    0x0801b8f8   0x0801b8f8   0x0000001c   Data   RO          259    .rodata.cParaMaxTurnSpeed  para.o
    0x0801b914   0x0801b914   0x0000001c   Data   RO          367    .rodata.cParaMinAngle  para.o
    0x0801b930   0x0801b930   0x0000001c   Data   RO          277    .rodata.cParaMotorHighSpeedDeceRate  para.o
    0x0801b94c   0x0801b94c   0x0000001c   Data   RO          278    .rodata.cParaMotorLowSpeedDeceRate  para.o
    0x0801b968   0x0801b968   0x0000001c   Data   RO          395    .rodata.cParaMotorMaxSpd  para.o
    0x0801b984   0x0801b984   0x0000001c   Data   RO          272    .rodata.cParaOverLoadStabilityDelay  para.o
    0x0801b9a0   0x0801b9a0   0x0000001c   Data   RO          305    .rodata.cParaParallelValveReverseFunc  para.o
    0x0801b9bc   0x0801b9bc   0x0000001c   Data   RO          321    .rodata.cParaPasswordLock  para.o
    0x0801b9d8   0x0801b9d8   0x0000001c   Data   RO          299    .rodata.cParaPitProtectFunc  para.o
    0x0801b9f4   0x0801b9f4   0x0000001c   Data   RO          298    .rodata.cParaPressureSensorType  para.o
    0x0801ba10   0x0801ba10   0x0000001c   Data   RO          314    .rodata.cParaPressureType  para.o
    0x0801ba2c   0x0801ba2c   0x0000001c   Data   RO          344    .rodata.cParaPropDAccPeriod0  para.o
    0x0801ba48   0x0801ba48   0x0000001c   Data   RO          357    .rodata.cParaPropDAccPeriod1  para.o
    0x0801ba64   0x0801ba64   0x0000001c   Data   RO          345    .rodata.cParaPropDDitherPeriod0  para.o
    0x0801ba80   0x0801ba80   0x0000001c   Data   RO          358    .rodata.cParaPropDDitherPeriod1  para.o
    0x0801ba9c   0x0801ba9c   0x0000001c   Data   RO          346    .rodata.cParaPropDDitherRatio0  para.o
    0x0801bab8   0x0801bab8   0x0000001c   Data   RO          359    .rodata.cParaPropDDitherRatio1  para.o
    0x0801bad4   0x0801bad4   0x0000001c   Data   RO          341    .rodata.cParaPropDKi0  para.o
    0x0801baf0   0x0801baf0   0x0000001c   Data   RO          354    .rodata.cParaPropDKi1  para.o
    0x0801bb0c   0x0801bb0c   0x0000001c   Data   RO          340    .rodata.cParaPropDKp0  para.o
    0x0801bb28   0x0801bb28   0x0000001c   Data   RO          353    .rodata.cParaPropDKp1  para.o
    0x0801bb44   0x0801bb44   0x0000001c   Data   RO          342    .rodata.cParaPropDMaxCurrent0  para.o
    0x0801bb60   0x0801bb60   0x0000001c   Data   RO          355    .rodata.cParaPropDMaxCurrent1  para.o
    0x0801bb7c   0x0801bb7c   0x0000001c   Data   RO          343    .rodata.cParaPropDMinCurrent0  para.o
    0x0801bb98   0x0801bb98   0x0000001c   Data   RO          356    .rodata.cParaPropDMinCurrent1  para.o
    0x0801bbb4   0x0801bbb4   0x0000001c   Data   RO          347    .rodata.cParaPropValveResistance0  para.o
    0x0801bbd0   0x0801bbd0   0x0000001c   Data   RO          360    .rodata.cParaPropValveResistance1  para.o
    0x0801bbec   0x0801bbec   0x0000001c   Data   RO          338    .rodata.cParaPumpDriveCurrentLimitRatio0  para.o
    0x0801bc08   0x0801bc08   0x0000001c   Data   RO          351    .rodata.cParaPumpDriveCurrentLimitRatio1  para.o
    0x0801bc24   0x0801bc24   0x0000001c   Data   RO          295    .rodata.cParaPumpMotorEncoder  para.o
    0x0801bc40   0x0801bc40   0x0000001c   Data   RO          422    .rodata.cParaPumpMotorGear1  para.o
    0x0801bc5c   0x0801bc5c   0x0000001c   Data   RO          423    .rodata.cParaPumpMotorGear2  para.o
    0x0801bc78   0x0801bc78   0x0000001c   Data   RO          339    .rodata.cParaPumpSpdAccRatio0  para.o
    0x0801bc94   0x0801bc94   0x0000001c   Data   RO          352    .rodata.cParaPumpSpdAccRatio1  para.o
    0x0801bcb0   0x0801bcb0   0x0000001c   Data   RO          419    .rodata.cParaRatioOfTransmission  para.o
    0x0801bccc   0x0801bccc   0x0000001c   Data   RO          332    .rodata.cParaReleaseBrake  para.o
    0x0801bce8   0x0801bce8   0x0000001c   Data   RO          421    .rodata.cParaRemotePara  para.o
    0x0801bd04   0x0801bd04   0x0000001c   Data   RO          269    .rodata.cParaReserve1  para.o
    0x0801bd20   0x0801bd20   0x0000001c   Data   RO          334    .rodata.cParaReserve10  para.o
    0x0801bd3c   0x0801bd3c   0x0000001c   Data   RO          348    .rodata.cParaReserve11  para.o
    0x0801bd58   0x0801bd58   0x0000001c   Data   RO          349    .rodata.cParaReserve12  para.o
    0x0801bd74   0x0801bd74   0x0000001c   Data   RO          350    .rodata.cParaReserve13  para.o
    0x0801bd90   0x0801bd90   0x0000001c   Data   RO          365    .rodata.cParaReserve14  para.o
    0x0801bdac   0x0801bdac   0x0000001c   Data   RO          366    .rodata.cParaReserve15  para.o
    0x0801bdc8   0x0801bdc8   0x0000001c   Data   RO          413    .rodata.cParaReserve16  para.o
    0x0801bde4   0x0801bde4   0x0000001c   Data   RO          414    .rodata.cParaReserve17  para.o
    0x0801be00   0x0801be00   0x0000001c   Data   RO          429    .rodata.cParaReserve18  para.o
    0x0801be1c   0x0801be1c   0x0000001c   Data   RO          430    .rodata.cParaReserve19  para.o
    0x0801be38   0x0801be38   0x0000001c   Data   RO          270    .rodata.cParaReserve2  para.o
    0x0801be54   0x0801be54   0x0000001c   Data   RO          431    .rodata.cParaReserve20  para.o
    0x0801be70   0x0801be70   0x0000001c   Data   RO          432    .rodata.cParaReserve21  para.o
    0x0801be8c   0x0801be8c   0x0000001c   Data   RO          433    .rodata.cParaReserve22  para.o
    0x0801bea8   0x0801bea8   0x0000001c   Data   RO          434    .rodata.cParaReserve23  para.o
    0x0801bec4   0x0801bec4   0x0000001c   Data   RO          435    .rodata.cParaReserve24  para.o
    0x0801bee0   0x0801bee0   0x0000001c   Data   RO          436    .rodata.cParaReserve25  para.o
    0x0801befc   0x0801befc   0x0000001c   Data   RO          437    .rodata.cParaReserve26  para.o
    0x0801bf18   0x0801bf18   0x0000001c   Data   RO          438    .rodata.cParaReserve27  para.o
    0x0801bf34   0x0801bf34   0x0000001c   Data   RO          285    .rodata.cParaReserve3  para.o
    0x0801bf50   0x0801bf50   0x0000001c   Data   RO          286    .rodata.cParaReserve4  para.o
    0x0801bf6c   0x0801bf6c   0x0000001c   Data   RO          301    .rodata.cParaReserve5  para.o
    0x0801bf88   0x0801bf88   0x0000001c   Data   RO          302    .rodata.cParaReserve6  para.o
    0x0801bfa4   0x0801bfa4   0x0000001c   Data   RO          317    .rodata.cParaReserve7  para.o
    0x0801bfc0   0x0801bfc0   0x0000001c   Data   RO          318    .rodata.cParaReserve8  para.o
    0x0801bfdc   0x0801bfdc   0x0000001c   Data   RO          333    .rodata.cParaReserve9  para.o
    0x0801bff8   0x0801bff8   0x0000001c   Data   RO          331    .rodata.cParaSetDescentHeightValue  para.o
    0x0801c014   0x0801c014   0x0000001c   Data   RO          335    .rodata.cParaSetOutHeight  para.o
    0x0801c030   0x0801c030   0x0000001c   Data   RO          256    .rodata.cParaSlowDriceSPeed  para.o
    0x0801c04c   0x0801c04c   0x0000001c   Data   RO          312    .rodata.cParaSpeakerSync  para.o
    0x0801c068   0x0801c068   0x0000001c   Data   RO          274    .rodata.cParaStaticOverLoadPercent  para.o
    0x0801c084   0x0801c084   0x0000001c   Data   RO          404    .rodata.cParaThrottleBDeadZoneMaxVal  para.o
    0x0801c0a0   0x0801c0a0   0x0000001c   Data   RO          403    .rodata.cParaThrottleBDeadZoneMinVal  para.o
    0x0801c0bc   0x0801c0bc   0x0000001c   Data   RO          405    .rodata.cParaThrottleBMidVal  para.o
    0x0801c0d8   0x0801c0d8   0x0000001c   Data   RO          401    .rodata.cParaThrottleFDeadZoneMaxVal  para.o
    0x0801c0f4   0x0801c0f4   0x0000001c   Data   RO          400    .rodata.cParaThrottleFDeadZoneMinVal  para.o
    0x0801c110   0x0801c110   0x0000001c   Data   RO          402    .rodata.cParaThrottleFMidVal  para.o
    0x0801c12c   0x0801c12c   0x0000001c   Data   RO          399    .rodata.cParaThrottleType  para.o
    0x0801c148   0x0801c148   0x0000001c   Data   RO          326    .rodata.cParaTiltSwitchSetting  para.o
    0x0801c164   0x0801c164   0x0000001c   Data   RO          260    .rodata.cParaTurnPowerLimit  para.o
    0x0801c180   0x0801c180   0x0000001c   Data   RO          425    .rodata.cParaTurnWithDecEndAngle  para.o
    0x0801c19c   0x0801c19c   0x0000001c   Data   RO          424    .rodata.cParaTurnWithDecStartAngle  para.o
    0x0801c1b8   0x0801c1b8   0x0000001c   Data   RO          309    .rodata.cParaUpperCtlButSleep  para.o
    0x0801c1d4   0x0801c1d4   0x0000001c   Data   RO          455    .rodata.cParaUserType  para.o
    0x0801c1f0   0x0801c1f0   0x0000001c   Data   RO          372    .rodata.cParaValueOpenLoopCurrent  para.o
    0x0801c20c   0x0801c20c   0x0000001c   Data   RO          373    .rodata.cParaValueOpenPercentage  para.o
    0x0801c228   0x0801c228   0x0000001c   Data   RO          370    .rodata.cParaValveType  para.o
    0x0801c244   0x0801c244   0x0000001c   Data   RO          297    .rodata.cParaVehcileHeight  para.o
    0x0801c260   0x0801c260   0x0000001c   Data   RO          296    .rodata.cParaVehicleType  para.o
    0x0801c27c   0x0801c27c   0x0000001c   Data   RO          279    .rodata.cParaVoiceAlarmVolume  para.o
    0x0801c298   0x0801c298   0x0000001c   Data   RO          304    .rodata.cParaWeighFunc  para.o
    0x0801c2b4   0x0801c2b4   0x00000010   Data   RO          653    .rodata.cst16       user_hangcha_phz.o
    0x0801c2c4   0x0801c2c4   0x00000008   Data   RO         1948    .rodata.cst8        Device.lib(gd32f30x_rcu.o)
    0x0801c2cc   0x0801c2cc   0x00000050   Data   RO           42    .rodata.jiaotiLoadVol24_48_72  batterymeter.o
    0x0801c31c   0x0801c31c   0x00000048   Data   RO          651    .rodata.sgPdoPara   user_hangcha_phz.o
    0x0801c364   0x0801c364   0x00000050   Data   RO           43    .rodata.stdChargeVol  batterymeter.o
    0x0801c3b4   0x0801c3b4   0x000000e8   Data   RO            6    .rodata.str1.1      main.o
    0x0801c49c   0x0801c49c   0x0000001b   Data   RO           44    .rodata.str1.1      batterymeter.o
    0x0801c4b7   0x0801c4b7   0x00000042   Data   RO          493    .rodata.str1.1      propproc.o
    0x0801c4f9   0x0801c4f9   0x0000001d   Data   RO          511    .rodata.str1.1      wdgproc.o
    0x0801c516   0x0801c516   0x0000007e   Data   RO          821    .rodata.str1.1      errcode.o
    0x0801c594   0x0801c594   0x0000002d   Data   RO          915    .rodata.str1.1      led.o
    0x0801c5c1   0x0801c5c1   0x0000002d   Data   RO          928    .rodata.str1.1      localai.o
    0x0801c5ee   0x0801c5ee   0x00000042   Data   RO         1021    .rodata.str1.1      propdriver.o
    0x0801c630   0x0801c630   0x000000ff   Data   RO          652    .rodata.u8ErrSwitchArray  user_hangcha_phz.o
    0x0801c72f   0x0801c72f   0x00000090   Data   RO          510    .rodata.xWdgName    wdgproc.o
    0x0801c7bf   0x0801c7bf   0x00000001   PAD
    0x0801c7c0   0x0801c7c0   0x00000050   Data   RO           41    .rodata.yetiLoadVol24_48_72  batterymeter.o
    0x0801c810   0x0801c810   0x00000020   Data   RO         2786    Region$$Table       anon$$obj.o


    Execution Region RW_IRAM1 (Exec base: 0x20000000, Load base: 0x0801c830, Size: 0x00005bc8, Max: 0x0000c000, ABSOLUTE, COMPRESSED[0x00000cc0])

    Exec Addr    Load Addr    Size         Type   Attr      Idx    E Section Name        Object

    0x20000000   COMPRESSED   0x00000004   Data   RW         2696    .data               mc_w.l(rand.o)
    0x20000004   COMPRESSED   0x00000004   Data   RW         2776    .data               mc_w.l(mvars.o)
    0x20000008   COMPRESSED   0x00000004   Data   RW         2777    .data               mc_w.l(mvars.o)
    0x2000000c   COMPRESSED   0x00000006   Data   RW          654    .data..L_MergedGlobals  user_hangcha_phz.o
    0x20000012   COMPRESSED   0x00000002   PAD
    0x20000014   COMPRESSED   0x0000003c   Data   RW         1604    .data..L_MergedGlobals  testslave.o
    0x20000050   COMPRESSED   0x00000008   Data   RW         2596    .data..L_MergedGlobals  Canopen.lib(timer_canfestival.o)
    0x20000058   COMPRESSED   0x00000002   Data   RW          649    .data.RevMstDate    user_hangcha_phz.o
    0x2000005a   COMPRESSED   0x00000002   PAD
    0x2000005c   COMPRESSED   0x00000004   Data   RW          540    .data.SystemCoreClock  system_gd32f30x.o
    0x20000060   COMPRESSED   0x00000314   Data   RW         1603    .data.TestSlave_Data  testslave.o
    0x20000374   COMPRESSED   0x0000000c   Data   RW         1119    .data.TestSlave_Index1000  testslave.o
    0x20000380   COMPRESSED   0x0000000c   Data   RW         1121    .data.TestSlave_Index1001  testslave.o
    0x2000038c   COMPRESSED   0x0000006c   Data   RW         1124    .data.TestSlave_Index1003  testslave.o
    0x200003f8   COMPRESSED   0x0000000c   Data   RW         1126    .data.TestSlave_Index1005  testslave.o
    0x20000404   COMPRESSED   0x0000000c   Data   RW         1128    .data.TestSlave_Index1006  testslave.o
    0x20000410   COMPRESSED   0x0000003c   Data   RW         1135    .data.TestSlave_Index1010  testslave.o
    0x2000044c   COMPRESSED   0x00000014   Data   RW         1134    .data.TestSlave_Index1010_callbacks  testslave.o
    0x20000460   COMPRESSED   0x0000003c   Data   RW         1141    .data.TestSlave_Index1011  testslave.o
    0x2000049c   COMPRESSED   0x0000000c   Data   RW         1143    .data.TestSlave_Index1014  testslave.o
    0x200004a8   COMPRESSED   0x0000000c   Data   RW         1148    .data.TestSlave_Index1017  testslave.o
    0x200004b4   COMPRESSED   0x0000003c   Data   RW         1154    .data.TestSlave_Index1018  testslave.o
    0x200004f0   COMPRESSED   0x00000024   Data   RW         1158    .data.TestSlave_Index1200  testslave.o
    0x20000514   COMPRESSED   0x00000048   Data   RW         1165    .data.TestSlave_Index1400  testslave.o
    0x2000055c   COMPRESSED   0x00000048   Data   RW         1172    .data.TestSlave_Index1401  testslave.o
    0x200005a4   COMPRESSED   0x00000048   Data   RW         1179    .data.TestSlave_Index1402  testslave.o
    0x200005ec   COMPRESSED   0x00000048   Data   RW         1186    .data.TestSlave_Index1403  testslave.o
    0x20000634   COMPRESSED   0x00000048   Data   RW         1192    .data.TestSlave_Index1404  testslave.o
    0x2000067c   COMPRESSED   0x00000048   Data   RW         1198    .data.TestSlave_Index1405  testslave.o
    0x200006c4   COMPRESSED   0x00000048   Data   RW         1204    .data.TestSlave_Index1406  testslave.o
    0x2000070c   COMPRESSED   0x00000048   Data   RW         1210    .data.TestSlave_Index1407  testslave.o
    0x20000754   COMPRESSED   0x00000048   Data   RW         1216    .data.TestSlave_Index1408  testslave.o
    0x2000079c   COMPRESSED   0x00000048   Data   RW         1222    .data.TestSlave_Index1409  testslave.o
    0x200007e4   COMPRESSED   0x0000006c   Data   RW         1225    .data.TestSlave_Index1600  testslave.o
    0x20000850   COMPRESSED   0x0000006c   Data   RW         1228    .data.TestSlave_Index1601  testslave.o
    0x200008bc   COMPRESSED   0x0000006c   Data   RW         1231    .data.TestSlave_Index1602  testslave.o
    0x20000928   COMPRESSED   0x0000006c   Data   RW         1234    .data.TestSlave_Index1603  testslave.o
    0x20000994   COMPRESSED   0x0000006c   Data   RW         1237    .data.TestSlave_Index1604  testslave.o
    0x20000a00   COMPRESSED   0x0000006c   Data   RW         1240    .data.TestSlave_Index1605  testslave.o
    0x20000a6c   COMPRESSED   0x0000006c   Data   RW         1243    .data.TestSlave_Index1606  testslave.o
    0x20000ad8   COMPRESSED   0x0000006c   Data   RW         1246    .data.TestSlave_Index1607  testslave.o
    0x20000b44   COMPRESSED   0x0000006c   Data   RW         1249    .data.TestSlave_Index1608  testslave.o
    0x20000bb0   COMPRESSED   0x0000006c   Data   RW         1252    .data.TestSlave_Index1609  testslave.o
    0x20000c1c   COMPRESSED   0x00000048   Data   RW         1257    .data.TestSlave_Index1800  testslave.o
    0x20000c64   COMPRESSED   0x00000048   Data   RW         1262    .data.TestSlave_Index1801  testslave.o
    0x20000cac   COMPRESSED   0x00000048   Data   RW         1267    .data.TestSlave_Index1802  testslave.o
    0x20000cf4   COMPRESSED   0x00000048   Data   RW         1272    .data.TestSlave_Index1803  testslave.o
    0x20000d3c   COMPRESSED   0x00000048   Data   RW         1276    .data.TestSlave_Index1804  testslave.o
    0x20000d84   COMPRESSED   0x00000048   Data   RW         1280    .data.TestSlave_Index1805  testslave.o
    0x20000dcc   COMPRESSED   0x00000048   Data   RW         1284    .data.TestSlave_Index1806  testslave.o
    0x20000e14   COMPRESSED   0x00000048   Data   RW         1288    .data.TestSlave_Index1807  testslave.o
    0x20000e5c   COMPRESSED   0x00000048   Data   RW         1292    .data.TestSlave_Index1808  testslave.o
    0x20000ea4   COMPRESSED   0x00000048   Data   RW         1296    .data.TestSlave_Index1809  testslave.o
    0x20000eec   COMPRESSED   0x0000006c   Data   RW         1299    .data.TestSlave_Index1A00  testslave.o
    0x20000f58   COMPRESSED   0x0000006c   Data   RW         1302    .data.TestSlave_Index1A01  testslave.o
    0x20000fc4   COMPRESSED   0x0000006c   Data   RW         1305    .data.TestSlave_Index1A02  testslave.o
    0x20001030   COMPRESSED   0x0000006c   Data   RW         1308    .data.TestSlave_Index1A03  testslave.o
    0x2000109c   COMPRESSED   0x0000006c   Data   RW         1311    .data.TestSlave_Index1A04  testslave.o
    0x20001108   COMPRESSED   0x0000006c   Data   RW         1314    .data.TestSlave_Index1A05  testslave.o
    0x20001174   COMPRESSED   0x0000006c   Data   RW         1317    .data.TestSlave_Index1A06  testslave.o
    0x200011e0   COMPRESSED   0x0000006c   Data   RW         1320    .data.TestSlave_Index1A07  testslave.o
    0x2000124c   COMPRESSED   0x0000006c   Data   RW         1323    .data.TestSlave_Index1A08  testslave.o
    0x200012b8   COMPRESSED   0x0000006c   Data   RW         1326    .data.TestSlave_Index1A09  testslave.o
    0x20001324   COMPRESSED   0x0000000c   Data   RW         1327    .data.TestSlave_Index2000  testslave.o
    0x20001330   COMPRESSED   0x0000000c   Data   RW         1328    .data.TestSlave_Index2001  testslave.o
    0x2000133c   COMPRESSED   0x0000000c   Data   RW         1329    .data.TestSlave_Index2002  testslave.o
    0x20001348   COMPRESSED   0x0000000c   Data   RW         1330    .data.TestSlave_Index2003  testslave.o
    0x20001354   COMPRESSED   0x0000000c   Data   RW         1331    .data.TestSlave_Index2004  testslave.o
    0x20001360   COMPRESSED   0x0000000c   Data   RW         1332    .data.TestSlave_Index2005  testslave.o
    0x2000136c   COMPRESSED   0x0000000c   Data   RW         1333    .data.TestSlave_Index2006  testslave.o
    0x20001378   COMPRESSED   0x0000000c   Data   RW         1334    .data.TestSlave_Index2007  testslave.o
    0x20001384   COMPRESSED   0x0000000c   Data   RW         1335    .data.TestSlave_Index2008  testslave.o
    0x20001390   COMPRESSED   0x0000000c   Data   RW         1336    .data.TestSlave_Index2009  testslave.o
    0x2000139c   COMPRESSED   0x0000000c   Data   RW         1337    .data.TestSlave_Index200A  testslave.o
    0x200013a8   COMPRESSED   0x0000000c   Data   RW         1338    .data.TestSlave_Index200B  testslave.o
    0x200013b4   COMPRESSED   0x0000000c   Data   RW         1339    .data.TestSlave_Index200C  testslave.o
    0x200013c0   COMPRESSED   0x0000000c   Data   RW         1340    .data.TestSlave_Index200D  testslave.o
    0x200013cc   COMPRESSED   0x0000000c   Data   RW         1341    .data.TestSlave_Index200E  testslave.o
    0x200013d8   COMPRESSED   0x0000000c   Data   RW         1342    .data.TestSlave_Index200F  testslave.o
    0x200013e4   COMPRESSED   0x0000000c   Data   RW         1343    .data.TestSlave_Index2010  testslave.o
    0x200013f0   COMPRESSED   0x0000000c   Data   RW         1344    .data.TestSlave_Index2011  testslave.o
    0x200013fc   COMPRESSED   0x0000000c   Data   RW         1345    .data.TestSlave_Index2012  testslave.o
    0x20001408   COMPRESSED   0x0000000c   Data   RW         1346    .data.TestSlave_Index2013  testslave.o
    0x20001414   COMPRESSED   0x0000000c   Data   RW         1347    .data.TestSlave_Index2014  testslave.o
    0x20001420   COMPRESSED   0x0000000c   Data   RW         1348    .data.TestSlave_Index2015  testslave.o
    0x2000142c   COMPRESSED   0x0000000c   Data   RW         1349    .data.TestSlave_Index2016  testslave.o
    0x20001438   COMPRESSED   0x0000000c   Data   RW         1350    .data.TestSlave_Index2017  testslave.o
    0x20001444   COMPRESSED   0x0000000c   Data   RW         1351    .data.TestSlave_Index2018  testslave.o
    0x20001450   COMPRESSED   0x0000000c   Data   RW         1352    .data.TestSlave_Index2019  testslave.o
    0x2000145c   COMPRESSED   0x0000000c   Data   RW         1353    .data.TestSlave_Index201A  testslave.o
    0x20001468   COMPRESSED   0x0000000c   Data   RW         1354    .data.TestSlave_Index201B  testslave.o
    0x20001474   COMPRESSED   0x0000000c   Data   RW         1355    .data.TestSlave_Index201C  testslave.o
    0x20001480   COMPRESSED   0x0000000c   Data   RW         1356    .data.TestSlave_Index201D  testslave.o
    0x2000148c   COMPRESSED   0x0000000c   Data   RW         1357    .data.TestSlave_Index201E  testslave.o
    0x20001498   COMPRESSED   0x0000000c   Data   RW         1358    .data.TestSlave_Index201F  testslave.o
    0x200014a4   COMPRESSED   0x0000000c   Data   RW         1359    .data.TestSlave_Index2020  testslave.o
    0x200014b0   COMPRESSED   0x0000000c   Data   RW         1360    .data.TestSlave_Index2021  testslave.o
    0x200014bc   COMPRESSED   0x0000000c   Data   RW         1361    .data.TestSlave_Index2022  testslave.o
    0x200014c8   COMPRESSED   0x0000000c   Data   RW         1362    .data.TestSlave_Index2023  testslave.o
    0x200014d4   COMPRESSED   0x0000000c   Data   RW         1363    .data.TestSlave_Index2024  testslave.o
    0x200014e0   COMPRESSED   0x0000000c   Data   RW         1364    .data.TestSlave_Index2025  testslave.o
    0x200014ec   COMPRESSED   0x0000000c   Data   RW         1365    .data.TestSlave_Index2026  testslave.o
    0x200014f8   COMPRESSED   0x0000000c   Data   RW         1366    .data.TestSlave_Index2027  testslave.o
    0x20001504   COMPRESSED   0x0000000c   Data   RW         1367    .data.TestSlave_Index2028  testslave.o
    0x20001510   COMPRESSED   0x0000000c   Data   RW         1368    .data.TestSlave_Index2029  testslave.o
    0x2000151c   COMPRESSED   0x0000000c   Data   RW         1369    .data.TestSlave_Index202A  testslave.o
    0x20001528   COMPRESSED   0x0000000c   Data   RW         1370    .data.TestSlave_Index202B  testslave.o
    0x20001534   COMPRESSED   0x0000000c   Data   RW         1371    .data.TestSlave_Index202C  testslave.o
    0x20001540   COMPRESSED   0x0000000c   Data   RW         1372    .data.TestSlave_Index202D  testslave.o
    0x2000154c   COMPRESSED   0x0000000c   Data   RW         1373    .data.TestSlave_Index202E  testslave.o
    0x20001558   COMPRESSED   0x0000000c   Data   RW         1374    .data.TestSlave_Index202F  testslave.o
    0x20001564   COMPRESSED   0x0000000c   Data   RW         1375    .data.TestSlave_Index2030  testslave.o
    0x20001570   COMPRESSED   0x0000000c   Data   RW         1376    .data.TestSlave_Index2031  testslave.o
    0x2000157c   COMPRESSED   0x0000000c   Data   RW         1377    .data.TestSlave_Index2032  testslave.o
    0x20001588   COMPRESSED   0x0000000c   Data   RW         1378    .data.TestSlave_Index2033  testslave.o
    0x20001594   COMPRESSED   0x0000000c   Data   RW         1379    .data.TestSlave_Index2034  testslave.o
    0x200015a0   COMPRESSED   0x0000000c   Data   RW         1380    .data.TestSlave_Index2035  testslave.o
    0x200015ac   COMPRESSED   0x0000000c   Data   RW         1381    .data.TestSlave_Index2036  testslave.o
    0x200015b8   COMPRESSED   0x0000000c   Data   RW         1382    .data.TestSlave_Index2037  testslave.o
    0x200015c4   COMPRESSED   0x0000000c   Data   RW         1383    .data.TestSlave_Index2038  testslave.o
    0x200015d0   COMPRESSED   0x0000000c   Data   RW         1384    .data.TestSlave_Index2039  testslave.o
    0x200015dc   COMPRESSED   0x0000000c   Data   RW         1385    .data.TestSlave_Index203A  testslave.o
    0x200015e8   COMPRESSED   0x0000000c   Data   RW         1386    .data.TestSlave_Index203B  testslave.o
    0x200015f4   COMPRESSED   0x0000000c   Data   RW         1387    .data.TestSlave_Index203C  testslave.o
    0x20001600   COMPRESSED   0x0000000c   Data   RW         1388    .data.TestSlave_Index203D  testslave.o
    0x2000160c   COMPRESSED   0x0000000c   Data   RW         1389    .data.TestSlave_Index203E  testslave.o
    0x20001618   COMPRESSED   0x0000000c   Data   RW         1390    .data.TestSlave_Index203F  testslave.o
    0x20001624   COMPRESSED   0x0000000c   Data   RW         1391    .data.TestSlave_Index2040  testslave.o
    0x20001630   COMPRESSED   0x0000000c   Data   RW         1392    .data.TestSlave_Index2041  testslave.o
    0x2000163c   COMPRESSED   0x0000000c   Data   RW         1393    .data.TestSlave_Index2042  testslave.o
    0x20001648   COMPRESSED   0x0000000c   Data   RW         1394    .data.TestSlave_Index2043  testslave.o
    0x20001654   COMPRESSED   0x0000000c   Data   RW         1395    .data.TestSlave_Index2044  testslave.o
    0x20001660   COMPRESSED   0x0000000c   Data   RW         1396    .data.TestSlave_Index2045  testslave.o
    0x2000166c   COMPRESSED   0x0000000c   Data   RW         1397    .data.TestSlave_Index2046  testslave.o
    0x20001678   COMPRESSED   0x0000000c   Data   RW         1398    .data.TestSlave_Index2047  testslave.o
    0x20001684   COMPRESSED   0x0000000c   Data   RW         1399    .data.TestSlave_Index2048  testslave.o
    0x20001690   COMPRESSED   0x0000000c   Data   RW         1400    .data.TestSlave_Index2049  testslave.o
    0x2000169c   COMPRESSED   0x0000000c   Data   RW         1401    .data.TestSlave_Index204A  testslave.o
    0x200016a8   COMPRESSED   0x0000000c   Data   RW         1402    .data.TestSlave_Index204B  testslave.o
    0x200016b4   COMPRESSED   0x0000000c   Data   RW         1403    .data.TestSlave_Index204C  testslave.o
    0x200016c0   COMPRESSED   0x0000000c   Data   RW         1404    .data.TestSlave_Index204D  testslave.o
    0x200016cc   COMPRESSED   0x0000000c   Data   RW         1405    .data.TestSlave_Index204E  testslave.o
    0x200016d8   COMPRESSED   0x0000000c   Data   RW         1406    .data.TestSlave_Index204F  testslave.o
    0x200016e4   COMPRESSED   0x0000000c   Data   RW         1407    .data.TestSlave_Index2050  testslave.o
    0x200016f0   COMPRESSED   0x0000000c   Data   RW         1408    .data.TestSlave_Index2051  testslave.o
    0x200016fc   COMPRESSED   0x0000000c   Data   RW         1409    .data.TestSlave_Index2052  testslave.o
    0x20001708   COMPRESSED   0x0000000c   Data   RW         1410    .data.TestSlave_Index2053  testslave.o
    0x20001714   COMPRESSED   0x0000000c   Data   RW         1411    .data.TestSlave_Index2054  testslave.o
    0x20001720   COMPRESSED   0x0000000c   Data   RW         1412    .data.TestSlave_Index2055  testslave.o
    0x2000172c   COMPRESSED   0x0000000c   Data   RW         1413    .data.TestSlave_Index2056  testslave.o
    0x20001738   COMPRESSED   0x0000000c   Data   RW         1414    .data.TestSlave_Index2057  testslave.o
    0x20001744   COMPRESSED   0x0000000c   Data   RW         1415    .data.TestSlave_Index2058  testslave.o
    0x20001750   COMPRESSED   0x0000000c   Data   RW         1416    .data.TestSlave_Index2059  testslave.o
    0x2000175c   COMPRESSED   0x0000000c   Data   RW         1417    .data.TestSlave_Index205A  testslave.o
    0x20001768   COMPRESSED   0x0000000c   Data   RW         1418    .data.TestSlave_Index205B  testslave.o
    0x20001774   COMPRESSED   0x0000000c   Data   RW         1419    .data.TestSlave_Index205C  testslave.o
    0x20001780   COMPRESSED   0x0000000c   Data   RW         1420    .data.TestSlave_Index205D  testslave.o
    0x2000178c   COMPRESSED   0x0000000c   Data   RW         1421    .data.TestSlave_Index205E  testslave.o
    0x20001798   COMPRESSED   0x0000000c   Data   RW         1422    .data.TestSlave_Index205F  testslave.o
    0x200017a4   COMPRESSED   0x0000000c   Data   RW         1423    .data.TestSlave_Index2060  testslave.o
    0x200017b0   COMPRESSED   0x0000000c   Data   RW         1424    .data.TestSlave_Index2061  testslave.o
    0x200017bc   COMPRESSED   0x0000000c   Data   RW         1425    .data.TestSlave_Index2062  testslave.o
    0x200017c8   COMPRESSED   0x0000000c   Data   RW         1426    .data.TestSlave_Index2063  testslave.o
    0x200017d4   COMPRESSED   0x0000000c   Data   RW         1427    .data.TestSlave_Index2064  testslave.o
    0x200017e0   COMPRESSED   0x0000000c   Data   RW         1428    .data.TestSlave_Index2065  testslave.o
    0x200017ec   COMPRESSED   0x0000000c   Data   RW         1429    .data.TestSlave_Index2066  testslave.o
    0x200017f8   COMPRESSED   0x0000000c   Data   RW         1430    .data.TestSlave_Index2067  testslave.o
    0x20001804   COMPRESSED   0x0000000c   Data   RW         1431    .data.TestSlave_Index2068  testslave.o
    0x20001810   COMPRESSED   0x0000000c   Data   RW         1432    .data.TestSlave_Index2069  testslave.o
    0x2000181c   COMPRESSED   0x0000000c   Data   RW         1433    .data.TestSlave_Index206A  testslave.o
    0x20001828   COMPRESSED   0x0000000c   Data   RW         1434    .data.TestSlave_Index206B  testslave.o
    0x20001834   COMPRESSED   0x0000000c   Data   RW         1435    .data.TestSlave_Index206C  testslave.o
    0x20001840   COMPRESSED   0x0000000c   Data   RW         1436    .data.TestSlave_Index206D  testslave.o
    0x2000184c   COMPRESSED   0x0000000c   Data   RW         1437    .data.TestSlave_Index206E  testslave.o
    0x20001858   COMPRESSED   0x0000000c   Data   RW         1438    .data.TestSlave_Index206F  testslave.o
    0x20001864   COMPRESSED   0x0000000c   Data   RW         1439    .data.TestSlave_Index2070  testslave.o
    0x20001870   COMPRESSED   0x0000000c   Data   RW         1440    .data.TestSlave_Index2071  testslave.o
    0x2000187c   COMPRESSED   0x0000000c   Data   RW         1441    .data.TestSlave_Index2072  testslave.o
    0x20001888   COMPRESSED   0x0000000c   Data   RW         1442    .data.TestSlave_Index2073  testslave.o
    0x20001894   COMPRESSED   0x0000000c   Data   RW         1443    .data.TestSlave_Index2074  testslave.o
    0x200018a0   COMPRESSED   0x0000000c   Data   RW         1444    .data.TestSlave_Index2075  testslave.o
    0x200018ac   COMPRESSED   0x0000000c   Data   RW         1445    .data.TestSlave_Index2076  testslave.o
    0x200018b8   COMPRESSED   0x0000000c   Data   RW         1446    .data.TestSlave_Index2077  testslave.o
    0x200018c4   COMPRESSED   0x0000000c   Data   RW         1447    .data.TestSlave_Index2078  testslave.o
    0x200018d0   COMPRESSED   0x0000000c   Data   RW         1448    .data.TestSlave_Index2079  testslave.o
    0x200018dc   COMPRESSED   0x0000000c   Data   RW         1449    .data.TestSlave_Index207A  testslave.o
    0x200018e8   COMPRESSED   0x0000000c   Data   RW         1450    .data.TestSlave_Index207B  testslave.o
    0x200018f4   COMPRESSED   0x0000000c   Data   RW         1451    .data.TestSlave_Index207C  testslave.o
    0x20001900   COMPRESSED   0x0000000c   Data   RW         1452    .data.TestSlave_Index207D  testslave.o
    0x2000190c   COMPRESSED   0x0000000c   Data   RW         1453    .data.TestSlave_Index207E  testslave.o
    0x20001918   COMPRESSED   0x0000000c   Data   RW         1454    .data.TestSlave_Index207F  testslave.o
    0x20001924   COMPRESSED   0x0000000c   Data   RW         1455    .data.TestSlave_Index2080  testslave.o
    0x20001930   COMPRESSED   0x0000000c   Data   RW         1456    .data.TestSlave_Index2081  testslave.o
    0x2000193c   COMPRESSED   0x0000000c   Data   RW         1457    .data.TestSlave_Index2082  testslave.o
    0x20001948   COMPRESSED   0x0000000c   Data   RW         1458    .data.TestSlave_Index2083  testslave.o
    0x20001954   COMPRESSED   0x0000000c   Data   RW         1459    .data.TestSlave_Index2084  testslave.o
    0x20001960   COMPRESSED   0x0000000c   Data   RW         1460    .data.TestSlave_Index2085  testslave.o
    0x2000196c   COMPRESSED   0x0000000c   Data   RW         1461    .data.TestSlave_Index2086  testslave.o
    0x20001978   COMPRESSED   0x0000000c   Data   RW         1462    .data.TestSlave_Index2087  testslave.o
    0x20001984   COMPRESSED   0x0000000c   Data   RW         1463    .data.TestSlave_Index2088  testslave.o
    0x20001990   COMPRESSED   0x0000000c   Data   RW         1464    .data.TestSlave_Index2089  testslave.o
    0x2000199c   COMPRESSED   0x0000000c   Data   RW         1465    .data.TestSlave_Index208A  testslave.o
    0x200019a8   COMPRESSED   0x0000000c   Data   RW         1466    .data.TestSlave_Index208B  testslave.o
    0x200019b4   COMPRESSED   0x0000000c   Data   RW         1467    .data.TestSlave_Index208C  testslave.o
    0x200019c0   COMPRESSED   0x0000000c   Data   RW         1468    .data.TestSlave_Index208D  testslave.o
    0x200019cc   COMPRESSED   0x0000000c   Data   RW         1469    .data.TestSlave_Index208E  testslave.o
    0x200019d8   COMPRESSED   0x0000000c   Data   RW         1470    .data.TestSlave_Index208F  testslave.o
    0x200019e4   COMPRESSED   0x0000000c   Data   RW         1471    .data.TestSlave_Index2090  testslave.o
    0x200019f0   COMPRESSED   0x0000000c   Data   RW         1472    .data.TestSlave_Index2091  testslave.o
    0x200019fc   COMPRESSED   0x0000000c   Data   RW         1473    .data.TestSlave_Index2092  testslave.o
    0x20001a08   COMPRESSED   0x0000000c   Data   RW         1474    .data.TestSlave_Index2093  testslave.o
    0x20001a14   COMPRESSED   0x0000000c   Data   RW         1475    .data.TestSlave_Index2094  testslave.o
    0x20001a20   COMPRESSED   0x0000000c   Data   RW         1476    .data.TestSlave_Index2095  testslave.o
    0x20001a2c   COMPRESSED   0x0000000c   Data   RW         1477    .data.TestSlave_Index2096  testslave.o
    0x20001a38   COMPRESSED   0x0000000c   Data   RW         1478    .data.TestSlave_Index2097  testslave.o
    0x20001a44   COMPRESSED   0x0000000c   Data   RW         1479    .data.TestSlave_Index2098  testslave.o
    0x20001a50   COMPRESSED   0x0000000c   Data   RW         1480    .data.TestSlave_Index2099  testslave.o
    0x20001a5c   COMPRESSED   0x0000000c   Data   RW         1481    .data.TestSlave_Index209A  testslave.o
    0x20001a68   COMPRESSED   0x0000000c   Data   RW         1482    .data.TestSlave_Index209B  testslave.o
    0x20001a74   COMPRESSED   0x0000000c   Data   RW         1483    .data.TestSlave_Index209C  testslave.o
    0x20001a80   COMPRESSED   0x0000000c   Data   RW         1484    .data.TestSlave_Index209D  testslave.o
    0x20001a8c   COMPRESSED   0x0000000c   Data   RW         1485    .data.TestSlave_Index209E  testslave.o
    0x20001a98   COMPRESSED   0x0000000c   Data   RW         1486    .data.TestSlave_Index209F  testslave.o
    0x20001aa4   COMPRESSED   0x0000000c   Data   RW         1487    .data.TestSlave_Index20A0  testslave.o
    0x20001ab0   COMPRESSED   0x0000000c   Data   RW         1488    .data.TestSlave_Index20A1  testslave.o
    0x20001abc   COMPRESSED   0x0000000c   Data   RW         1489    .data.TestSlave_Index20A2  testslave.o
    0x20001ac8   COMPRESSED   0x0000000c   Data   RW         1490    .data.TestSlave_Index20A3  testslave.o
    0x20001ad4   COMPRESSED   0x0000000c   Data   RW         1491    .data.TestSlave_Index20A4  testslave.o
    0x20001ae0   COMPRESSED   0x0000000c   Data   RW         1492    .data.TestSlave_Index20A5  testslave.o
    0x20001aec   COMPRESSED   0x0000000c   Data   RW         1493    .data.TestSlave_Index20A6  testslave.o
    0x20001af8   COMPRESSED   0x0000000c   Data   RW         1494    .data.TestSlave_Index20A7  testslave.o
    0x20001b04   COMPRESSED   0x0000000c   Data   RW         1495    .data.TestSlave_Index20A8  testslave.o
    0x20001b10   COMPRESSED   0x0000000c   Data   RW         1496    .data.TestSlave_Index20A9  testslave.o
    0x20001b1c   COMPRESSED   0x0000000c   Data   RW         1497    .data.TestSlave_Index20AA  testslave.o
    0x20001b28   COMPRESSED   0x0000000c   Data   RW         1498    .data.TestSlave_Index20AB  testslave.o
    0x20001b34   COMPRESSED   0x0000000c   Data   RW         1499    .data.TestSlave_Index20AC  testslave.o
    0x20001b40   COMPRESSED   0x0000000c   Data   RW         1500    .data.TestSlave_Index20AD  testslave.o
    0x20001b4c   COMPRESSED   0x0000000c   Data   RW         1501    .data.TestSlave_Index20AE  testslave.o
    0x20001b58   COMPRESSED   0x0000000c   Data   RW         1502    .data.TestSlave_Index20AF  testslave.o
    0x20001b64   COMPRESSED   0x0000000c   Data   RW         1503    .data.TestSlave_Index20B0  testslave.o
    0x20001b70   COMPRESSED   0x0000000c   Data   RW         1504    .data.TestSlave_Index20B1  testslave.o
    0x20001b7c   COMPRESSED   0x0000000c   Data   RW         1505    .data.TestSlave_Index20B2  testslave.o
    0x20001b88   COMPRESSED   0x0000000c   Data   RW         1506    .data.TestSlave_Index20B3  testslave.o
    0x20001b94   COMPRESSED   0x0000000c   Data   RW         1507    .data.TestSlave_Index20B4  testslave.o
    0x20001ba0   COMPRESSED   0x0000000c   Data   RW         1508    .data.TestSlave_Index20B5  testslave.o
    0x20001bac   COMPRESSED   0x0000000c   Data   RW         1509    .data.TestSlave_Index20B6  testslave.o
    0x20001bb8   COMPRESSED   0x0000000c   Data   RW         1510    .data.TestSlave_Index20B7  testslave.o
    0x20001bc4   COMPRESSED   0x0000000c   Data   RW         1511    .data.TestSlave_Index20B8  testslave.o
    0x20001bd0   COMPRESSED   0x0000000c   Data   RW         1512    .data.TestSlave_Index20B9  testslave.o
    0x20001bdc   COMPRESSED   0x0000000c   Data   RW         1513    .data.TestSlave_Index20BA  testslave.o
    0x20001be8   COMPRESSED   0x0000000c   Data   RW         1514    .data.TestSlave_Index20BB  testslave.o
    0x20001bf4   COMPRESSED   0x0000000c   Data   RW         1515    .data.TestSlave_Index20BC  testslave.o
    0x20001c00   COMPRESSED   0x0000000c   Data   RW         1516    .data.TestSlave_Index20BD  testslave.o
    0x20001c0c   COMPRESSED   0x0000000c   Data   RW         1517    .data.TestSlave_Index20BE  testslave.o
    0x20001c18   COMPRESSED   0x0000000c   Data   RW         1518    .data.TestSlave_Index20BF  testslave.o
    0x20001c24   COMPRESSED   0x0000000c   Data   RW         1519    .data.TestSlave_Index20C0  testslave.o
    0x20001c30   COMPRESSED   0x0000000c   Data   RW         1520    .data.TestSlave_Index20C1  testslave.o
    0x20001c3c   COMPRESSED   0x0000000c   Data   RW         1521    .data.TestSlave_Index20C2  testslave.o
    0x20001c48   COMPRESSED   0x0000000c   Data   RW         1522    .data.TestSlave_Index20C3  testslave.o
    0x20001c54   COMPRESSED   0x0000000c   Data   RW         1523    .data.TestSlave_Index20C4  testslave.o
    0x20001c60   COMPRESSED   0x0000000c   Data   RW         1524    .data.TestSlave_Index20C5  testslave.o
    0x20001c6c   COMPRESSED   0x0000000c   Data   RW         1525    .data.TestSlave_Index20C6  testslave.o
    0x20001c78   COMPRESSED   0x0000000c   Data   RW         1526    .data.TestSlave_Index20C7  testslave.o
    0x20001c84   COMPRESSED   0x0000000c   Data   RW         1527    .data.TestSlave_Index2100  testslave.o
    0x20001c90   COMPRESSED   0x0000000c   Data   RW         1528    .data.TestSlave_Index2101  testslave.o
    0x20001c9c   COMPRESSED   0x0000000c   Data   RW         1529    .data.TestSlave_Index2102  testslave.o
    0x20001ca8   COMPRESSED   0x0000000c   Data   RW         1530    .data.TestSlave_Index2103  testslave.o
    0x20001cb4   COMPRESSED   0x0000000c   Data   RW         1531    .data.TestSlave_Index2104  testslave.o
    0x20001cc0   COMPRESSED   0x0000000c   Data   RW         1532    .data.TestSlave_Index2105  testslave.o
    0x20001ccc   COMPRESSED   0x0000000c   Data   RW         1533    .data.TestSlave_Index2106  testslave.o
    0x20001cd8   COMPRESSED   0x0000000c   Data   RW         1534    .data.TestSlave_Index2107  testslave.o
    0x20001ce4   COMPRESSED   0x0000000c   Data   RW         1535    .data.TestSlave_Index2108  testslave.o
    0x20001cf0   COMPRESSED   0x0000000c   Data   RW         1536    .data.TestSlave_Index2109  testslave.o
    0x20001cfc   COMPRESSED   0x0000000c   Data   RW         1537    .data.TestSlave_Index210A  testslave.o
    0x20001d08   COMPRESSED   0x0000000c   Data   RW         1538    .data.TestSlave_Index210B  testslave.o
    0x20001d14   COMPRESSED   0x0000000c   Data   RW         1539    .data.TestSlave_Index210C  testslave.o
    0x20001d20   COMPRESSED   0x0000000c   Data   RW         1540    .data.TestSlave_Index210D  testslave.o
    0x20001d2c   COMPRESSED   0x0000000c   Data   RW         1541    .data.TestSlave_Index210E  testslave.o
    0x20001d38   COMPRESSED   0x0000000c   Data   RW         1542    .data.TestSlave_Index210F  testslave.o
    0x20001d44   COMPRESSED   0x0000000c   Data   RW         1543    .data.TestSlave_Index2110  testslave.o
    0x20001d50   COMPRESSED   0x0000000c   Data   RW         1544    .data.TestSlave_Index2111  testslave.o
    0x20001d5c   COMPRESSED   0x0000000c   Data   RW         1545    .data.TestSlave_Index2112  testslave.o
    0x20001d68   COMPRESSED   0x0000000c   Data   RW         1546    .data.TestSlave_Index2113  testslave.o
    0x20001d74   COMPRESSED   0x0000000c   Data   RW         1547    .data.TestSlave_Index2114  testslave.o
    0x20001d80   COMPRESSED   0x0000000c   Data   RW         1548    .data.TestSlave_Index2115  testslave.o
    0x20001d8c   COMPRESSED   0x0000000c   Data   RW         1549    .data.TestSlave_Index2116  testslave.o
    0x20001d98   COMPRESSED   0x0000000c   Data   RW         1550    .data.TestSlave_Index2117  testslave.o
    0x20001da4   COMPRESSED   0x0000000c   Data   RW         1551    .data.TestSlave_Index2118  testslave.o
    0x20001db0   COMPRESSED   0x0000000c   Data   RW         1552    .data.TestSlave_Index2119  testslave.o
    0x20001dbc   COMPRESSED   0x0000000c   Data   RW         1553    .data.TestSlave_Index211A  testslave.o
    0x20001dc8   COMPRESSED   0x0000000c   Data   RW         1554    .data.TestSlave_Index211B  testslave.o
    0x20001dd4   COMPRESSED   0x0000000c   Data   RW         1555    .data.TestSlave_Index211C  testslave.o
    0x20001de0   COMPRESSED   0x0000000c   Data   RW         1556    .data.TestSlave_Index211D  testslave.o
    0x20001dec   COMPRESSED   0x0000000c   Data   RW         1557    .data.TestSlave_Index211E  testslave.o
    0x20001df8   COMPRESSED   0x0000000c   Data   RW         1558    .data.TestSlave_Index211F  testslave.o
    0x20001e04   COMPRESSED   0x0000000c   Data   RW         1559    .data.TestSlave_Index2120  testslave.o
    0x20001e10   COMPRESSED   0x0000000c   Data   RW         1560    .data.TestSlave_Index2121  testslave.o
    0x20001e1c   COMPRESSED   0x0000000c   Data   RW         1561    .data.TestSlave_Index2122  testslave.o
    0x20001e28   COMPRESSED   0x0000000c   Data   RW         1562    .data.TestSlave_Index2123  testslave.o
    0x20001e34   COMPRESSED   0x0000000c   Data   RW         1563    .data.TestSlave_Index2124  testslave.o
    0x20001e40   COMPRESSED   0x0000000c   Data   RW         1564    .data.TestSlave_Index2125  testslave.o
    0x20001e4c   COMPRESSED   0x0000000c   Data   RW         1565    .data.TestSlave_Index2126  testslave.o
    0x20001e58   COMPRESSED   0x0000000c   Data   RW         1566    .data.TestSlave_Index2127  testslave.o
    0x20001e64   COMPRESSED   0x0000000c   Data   RW         1567    .data.TestSlave_Index2128  testslave.o
    0x20001e70   COMPRESSED   0x0000000c   Data   RW         1568    .data.TestSlave_Index2129  testslave.o
    0x20001e7c   COMPRESSED   0x0000000c   Data   RW         1569    .data.TestSlave_Index212A  testslave.o
    0x20001e88   COMPRESSED   0x0000000c   Data   RW         1570    .data.TestSlave_Index212B  testslave.o
    0x20001e94   COMPRESSED   0x0000000c   Data   RW         1571    .data.TestSlave_Index212C  testslave.o
    0x20001ea0   COMPRESSED   0x0000000c   Data   RW         1572    .data.TestSlave_Index212D  testslave.o
    0x20001eac   COMPRESSED   0x0000000c   Data   RW         1573    .data.TestSlave_Index212E  testslave.o
    0x20001eb8   COMPRESSED   0x0000000c   Data   RW         1574    .data.TestSlave_Index212F  testslave.o
    0x20001ec4   COMPRESSED   0x00000060   Data   RW         1575    .data.TestSlave_Index3000  testslave.o
    0x20001f24   COMPRESSED   0x00000060   Data   RW         1576    .data.TestSlave_Index3001  testslave.o
    0x20001f84   COMPRESSED   0x00000060   Data   RW         1577    .data.TestSlave_Index3002  testslave.o
    0x20001fe4   COMPRESSED   0x00000060   Data   RW         1578    .data.TestSlave_Index3003  testslave.o
    0x20002044   COMPRESSED   0x00000060   Data   RW         1579    .data.TestSlave_Index3004  testslave.o
    0x200020a4   COMPRESSED   0x00000060   Data   RW         1580    .data.TestSlave_Index3005  testslave.o
    0x20002104   COMPRESSED   0x00000060   Data   RW         1581    .data.TestSlave_Index3006  testslave.o
    0x20002164   COMPRESSED   0x00000060   Data   RW         1582    .data.TestSlave_Index3007  testslave.o
    0x200021c4   COMPRESSED   0x00000060   Data   RW         1583    .data.TestSlave_Index3008  testslave.o
    0x20002224   COMPRESSED   0x00000060   Data   RW         1584    .data.TestSlave_Index3009  testslave.o
    0x20002284   COMPRESSED   0x00000060   Data   RW         1585    .data.TestSlave_Index4000  testslave.o
    0x200022e4   COMPRESSED   0x00000060   Data   RW         1586    .data.TestSlave_Index4001  testslave.o
    0x20002344   COMPRESSED   0x00000060   Data   RW         1587    .data.TestSlave_Index4002  testslave.o
    0x200023a4   COMPRESSED   0x00000060   Data   RW         1588    .data.TestSlave_Index4003  testslave.o
    0x20002404   COMPRESSED   0x00000060   Data   RW         1589    .data.TestSlave_Index4004  testslave.o
    0x20002464   COMPRESSED   0x00000060   Data   RW         1590    .data.TestSlave_Index4005  testslave.o
    0x200024c4   COMPRESSED   0x00000060   Data   RW         1591    .data.TestSlave_Index4006  testslave.o
    0x20002524   COMPRESSED   0x00000060   Data   RW         1592    .data.TestSlave_Index4007  testslave.o
    0x20002584   COMPRESSED   0x00000060   Data   RW         1593    .data.TestSlave_Index4008  testslave.o
    0x200025e4   COMPRESSED   0x00000060   Data   RW         1594    .data.TestSlave_Index4009  testslave.o
    0x20002644   COMPRESSED   0x00000002   Data   RW         1601    .data.TestSlave_ObjdictSize  testslave.o
    0x20002646   COMPRESSED   0x000000b4   Data   RW         1598    .data.TestSlave_PDO_status  testslave.o
    0x200026fa   COMPRESSED   0x0000000c   Data   RW         1599    .data.TestSlave_firstIndex  testslave.o
    0x20002706   COMPRESSED   0x00000001   Data   RW         1129    .data.TestSlave_highestSubIndex_obj1010  testslave.o
    0x20002707   COMPRESSED   0x00000001   Data   RW         1136    .data.TestSlave_highestSubIndex_obj1011  testslave.o
    0x20002708   COMPRESSED   0x00000001   Data   RW         1149    .data.TestSlave_highestSubIndex_obj1018  testslave.o
    0x20002709   COMPRESSED   0x00000001   Data   RW         1155    .data.TestSlave_highestSubIndex_obj1200  testslave.o
    0x2000270a   COMPRESSED   0x00000001   Data   RW         1159    .data.TestSlave_highestSubIndex_obj1400  testslave.o
    0x2000270b   COMPRESSED   0x00000001   Data   RW         1166    .data.TestSlave_highestSubIndex_obj1401  testslave.o
    0x2000270c   COMPRESSED   0x00000001   Data   RW         1173    .data.TestSlave_highestSubIndex_obj1402  testslave.o
    0x2000270d   COMPRESSED   0x00000001   Data   RW         1180    .data.TestSlave_highestSubIndex_obj1403  testslave.o
    0x2000270e   COMPRESSED   0x00000001   Data   RW         1187    .data.TestSlave_highestSubIndex_obj1404  testslave.o
    0x2000270f   COMPRESSED   0x00000001   Data   RW         1193    .data.TestSlave_highestSubIndex_obj1405  testslave.o
    0x20002710   COMPRESSED   0x00000001   Data   RW         1199    .data.TestSlave_highestSubIndex_obj1406  testslave.o
    0x20002711   COMPRESSED   0x00000001   Data   RW         1205    .data.TestSlave_highestSubIndex_obj1407  testslave.o
    0x20002712   COMPRESSED   0x00000001   Data   RW         1211    .data.TestSlave_highestSubIndex_obj1408  testslave.o
    0x20002713   COMPRESSED   0x00000001   Data   RW         1217    .data.TestSlave_highestSubIndex_obj1409  testslave.o
    0x20002714   COMPRESSED   0x00000001   Data   RW         1223    .data.TestSlave_highestSubIndex_obj1600  testslave.o
    0x20002715   COMPRESSED   0x00000001   Data   RW         1226    .data.TestSlave_highestSubIndex_obj1601  testslave.o
    0x20002716   COMPRESSED   0x00000001   Data   RW         1229    .data.TestSlave_highestSubIndex_obj1602  testslave.o
    0x20002717   COMPRESSED   0x00000001   Data   RW         1232    .data.TestSlave_highestSubIndex_obj1603  testslave.o
    0x20002718   COMPRESSED   0x00000001   Data   RW         1235    .data.TestSlave_highestSubIndex_obj1604  testslave.o
    0x20002719   COMPRESSED   0x00000001   Data   RW         1238    .data.TestSlave_highestSubIndex_obj1605  testslave.o
    0x2000271a   COMPRESSED   0x00000001   Data   RW         1241    .data.TestSlave_highestSubIndex_obj1606  testslave.o
    0x2000271b   COMPRESSED   0x00000001   Data   RW         1244    .data.TestSlave_highestSubIndex_obj1607  testslave.o
    0x2000271c   COMPRESSED   0x00000001   Data   RW         1247    .data.TestSlave_highestSubIndex_obj1608  testslave.o
    0x2000271d   COMPRESSED   0x00000001   Data   RW         1250    .data.TestSlave_highestSubIndex_obj1609  testslave.o
    0x2000271e   COMPRESSED   0x00000001   Data   RW         1253    .data.TestSlave_highestSubIndex_obj1800  testslave.o
    0x2000271f   COMPRESSED   0x00000001   Data   RW         1258    .data.TestSlave_highestSubIndex_obj1801  testslave.o
    0x20002720   COMPRESSED   0x00000001   Data   RW         1263    .data.TestSlave_highestSubIndex_obj1802  testslave.o
    0x20002721   COMPRESSED   0x00000001   Data   RW         1268    .data.TestSlave_highestSubIndex_obj1803  testslave.o
    0x20002722   COMPRESSED   0x00000001   Data   RW         1273    .data.TestSlave_highestSubIndex_obj1804  testslave.o
    0x20002723   COMPRESSED   0x00000001   Data   RW         1277    .data.TestSlave_highestSubIndex_obj1805  testslave.o
    0x20002724   COMPRESSED   0x00000001   Data   RW         1281    .data.TestSlave_highestSubIndex_obj1806  testslave.o
    0x20002725   COMPRESSED   0x00000001   Data   RW         1285    .data.TestSlave_highestSubIndex_obj1807  testslave.o
    0x20002726   COMPRESSED   0x00000001   Data   RW         1289    .data.TestSlave_highestSubIndex_obj1808  testslave.o
    0x20002727   COMPRESSED   0x00000001   Data   RW         1293    .data.TestSlave_highestSubIndex_obj1809  testslave.o
    0x20002728   COMPRESSED   0x00000001   Data   RW         1297    .data.TestSlave_highestSubIndex_obj1A00  testslave.o
    0x20002729   COMPRESSED   0x00000001   Data   RW         1300    .data.TestSlave_highestSubIndex_obj1A01  testslave.o
    0x2000272a   COMPRESSED   0x00000001   Data   RW         1303    .data.TestSlave_highestSubIndex_obj1A02  testslave.o
    0x2000272b   COMPRESSED   0x00000001   Data   RW         1306    .data.TestSlave_highestSubIndex_obj1A03  testslave.o
    0x2000272c   COMPRESSED   0x00000001   Data   RW         1309    .data.TestSlave_highestSubIndex_obj1A04  testslave.o
    0x2000272d   COMPRESSED   0x00000001   Data   RW         1312    .data.TestSlave_highestSubIndex_obj1A05  testslave.o
    0x2000272e   COMPRESSED   0x00000001   Data   RW         1315    .data.TestSlave_highestSubIndex_obj1A06  testslave.o
    0x2000272f   COMPRESSED   0x00000001   Data   RW         1318    .data.TestSlave_highestSubIndex_obj1A07  testslave.o
    0x20002730   COMPRESSED   0x00000001   Data   RW         1321    .data.TestSlave_highestSubIndex_obj1A08  testslave.o
    0x20002731   COMPRESSED   0x00000001   Data   RW         1324    .data.TestSlave_highestSubIndex_obj1A09  testslave.o
    0x20002732   COMPRESSED   0x0000000c   Data   RW         1600    .data.TestSlave_lastIndex  testslave.o
    0x2000273e   COMPRESSED   0x00000002   PAD
    0x20002740   COMPRESSED   0x00000004   Data   RW         1118    .data.TestSlave_obj1000  testslave.o
    0x20002744   COMPRESSED   0x00000004   Data   RW         1125    .data.TestSlave_obj1005  testslave.o
    0x20002748   COMPRESSED   0x00000004   Data   RW         1142    .data.TestSlave_obj1014  testslave.o
    0x2000274c   COMPRESSED   0x00000002   Data   RW         1147    .data.TestSlave_obj1017  testslave.o
    0x2000274e   COMPRESSED   0x00000004   Data   RW         1152    .data.TestSlave_obj1018_Name  testslave.o
    0x20002752   COMPRESSED   0x00000002   PAD
    0x20002754   COMPRESSED   0x00000004   Data   RW         1151    .data.TestSlave_obj1018_Product_Code  testslave.o
    0x20002758   COMPRESSED   0x00000004   Data   RW         1153    .data.TestSlave_obj1018_Serial_Number  testslave.o
    0x2000275c   COMPRESSED   0x00000004   Data   RW         1150    .data.TestSlave_obj1018_Vendor_ID  testslave.o
    0x20002760   COMPRESSED   0x00000004   Data   RW         1156    .data.TestSlave_obj1200_COB_ID_Client_to_Server_Receive_SDO  testslave.o
    0x20002764   COMPRESSED   0x00000004   Data   RW         1157    .data.TestSlave_obj1200_COB_ID_Server_to_Client_Transmit_SDO  testslave.o
    0x20002768   COMPRESSED   0x00000004   Data   RW         1160    .data.TestSlave_obj1400_COB_ID_used_by_PDO  testslave.o
    0x2000276c   COMPRESSED   0x00000001   Data   RW         1161    .data.TestSlave_obj1400_Transmission_Type  testslave.o
    0x2000276d   COMPRESSED   0x00000003   PAD
    0x20002770   COMPRESSED   0x00000004   Data   RW         1167    .data.TestSlave_obj1401_COB_ID_used_by_PDO  testslave.o
    0x20002774   COMPRESSED   0x00000001   Data   RW         1168    .data.TestSlave_obj1401_Transmission_Type  testslave.o
    0x20002775   COMPRESSED   0x00000003   PAD
    0x20002778   COMPRESSED   0x00000004   Data   RW         1174    .data.TestSlave_obj1402_COB_ID_used_by_PDO  testslave.o
    0x2000277c   COMPRESSED   0x00000001   Data   RW         1175    .data.TestSlave_obj1402_Transmission_Type  testslave.o
    0x2000277d   COMPRESSED   0x00000003   PAD
    0x20002780   COMPRESSED   0x00000004   Data   RW         1181    .data.TestSlave_obj1403_COB_ID_used_by_PDO  testslave.o
    0x20002784   COMPRESSED   0x00000001   Data   RW         1182    .data.TestSlave_obj1403_Transmission_Type  testslave.o
    0x20002785   COMPRESSED   0x00000001   Data   RW         1188    .data.TestSlave_obj1404_Transmission_Type  testslave.o
    0x20002786   COMPRESSED   0x00000001   Data   RW         1194    .data.TestSlave_obj1405_Transmission_Type  testslave.o
    0x20002787   COMPRESSED   0x00000001   Data   RW         1200    .data.TestSlave_obj1406_Transmission_Type  testslave.o
    0x20002788   COMPRESSED   0x00000001   Data   RW         1206    .data.TestSlave_obj1407_Transmission_Type  testslave.o
    0x20002789   COMPRESSED   0x00000001   Data   RW         1212    .data.TestSlave_obj1408_Transmission_Type  testslave.o
    0x2000278a   COMPRESSED   0x00000001   Data   RW         1218    .data.TestSlave_obj1409_Transmission_Type  testslave.o
    0x2000278b   COMPRESSED   0x00000001   PAD
    0x2000278c   COMPRESSED   0x00000020   Data   RW         1224    .data.TestSlave_obj1600  testslave.o
    0x200027ac   COMPRESSED   0x00000020   Data   RW         1227    .data.TestSlave_obj1601  testslave.o
    0x200027cc   COMPRESSED   0x00000020   Data   RW         1230    .data.TestSlave_obj1602  testslave.o
    0x200027ec   COMPRESSED   0x00000020   Data   RW         1233    .data.TestSlave_obj1603  testslave.o
    0x2000280c   COMPRESSED   0x00000020   Data   RW         1236    .data.TestSlave_obj1604  testslave.o
    0x2000282c   COMPRESSED   0x00000020   Data   RW         1239    .data.TestSlave_obj1605  testslave.o
    0x2000284c   COMPRESSED   0x00000020   Data   RW         1242    .data.TestSlave_obj1606  testslave.o
    0x2000286c   COMPRESSED   0x00000020   Data   RW         1245    .data.TestSlave_obj1607  testslave.o
    0x2000288c   COMPRESSED   0x00000020   Data   RW         1248    .data.TestSlave_obj1608  testslave.o
    0x200028ac   COMPRESSED   0x00000020   Data   RW         1251    .data.TestSlave_obj1609  testslave.o
    0x200028cc   COMPRESSED   0x00000004   Data   RW         1254    .data.TestSlave_obj1800_COB_ID_used_by_PDO  testslave.o
    0x200028d0   COMPRESSED   0x00000002   Data   RW         1255    .data.TestSlave_obj1800_Inhibit_Time  testslave.o
    0x200028d2   COMPRESSED   0x00000002   PAD
    0x200028d4   COMPRESSED   0x00000004   Data   RW         1259    .data.TestSlave_obj1801_COB_ID_used_by_PDO  testslave.o
    0x200028d8   COMPRESSED   0x00000002   Data   RW         1260    .data.TestSlave_obj1801_Inhibit_Time  testslave.o
    0x200028da   COMPRESSED   0x00000002   PAD
    0x200028dc   COMPRESSED   0x00000004   Data   RW         1264    .data.TestSlave_obj1802_COB_ID_used_by_PDO  testslave.o
    0x200028e0   COMPRESSED   0x00000002   Data   RW         1265    .data.TestSlave_obj1802_Inhibit_Time  testslave.o
    0x200028e2   COMPRESSED   0x00000002   PAD
    0x200028e4   COMPRESSED   0x00000004   Data   RW         1269    .data.TestSlave_obj1803_COB_ID_used_by_PDO  testslave.o
    0x200028e8   COMPRESSED   0x00000002   Data   RW         1270    .data.TestSlave_obj1803_Inhibit_Time  testslave.o
    0x200028ea   COMPRESSED   0x00000002   PAD
    0x200028ec   COMPRESSED   0x00000020   Data   RW         1298    .data.TestSlave_obj1A00  testslave.o
    0x2000290c   COMPRESSED   0x00000020   Data   RW         1301    .data.TestSlave_obj1A01  testslave.o
    0x2000292c   COMPRESSED   0x00000020   Data   RW         1304    .data.TestSlave_obj1A02  testslave.o
    0x2000294c   COMPRESSED   0x00000020   Data   RW         1307    .data.TestSlave_obj1A03  testslave.o
    0x2000296c   COMPRESSED   0x00000020   Data   RW         1310    .data.TestSlave_obj1A04  testslave.o
    0x2000298c   COMPRESSED   0x00000020   Data   RW         1313    .data.TestSlave_obj1A05  testslave.o
    0x200029ac   COMPRESSED   0x00000020   Data   RW         1316    .data.TestSlave_obj1A06  testslave.o
    0x200029cc   COMPRESSED   0x00000020   Data   RW         1319    .data.TestSlave_obj1A07  testslave.o
    0x200029ec   COMPRESSED   0x00000020   Data   RW         1322    .data.TestSlave_obj1A08  testslave.o
    0x20002a0c   COMPRESSED   0x00000020   Data   RW         1325    .data.TestSlave_obj1A09  testslave.o
    0x20002a2c   COMPRESSED   0x000000ac   Data   RW          254    .data.cMonitorPara_Table  para.o
    0x20002ad8   COMPRESSED   0x00000324   Data   RW          456    .data.cPara_Table   para.o
    0x20002dfc   COMPRESSED   0x00000100   Data   RW          158    .data.sgCanIdLost   canrevproc.o
    0x20002efc   COMPRESSED   0x00000050   Data   RW         1082    .data.sgCanOpenSendCb  stm32_timer_canfestival.o
    0x20002f4c   COMPRESSED   0x00000002   Data   RW          820    .data.u16ErrCodeNo  errcode.o
    0x20002f4e   COMPRESSED   0x0000000d   Data   RW         1110    .data.u8CtrlSnCode  testslave.o
    0x20002f5b   COMPRESSED   0x0000001b   Data   RW         1111    .data.u8HardVersion  testslave.o
    0x20002f76   COMPRESSED   0x0000000c   Data   RW         1113    .data.u8SoftComplieData  testslave.o
    0x20002f82   COMPRESSED   0x00000009   Data   RW         1114    .data.u8SoftComplieTime  testslave.o
    0x20002f8b   COMPRESSED   0x0000001b   Data   RW         1112    .data.u8SoftVersion  testslave.o
    0x20002fa6   COMPRESSED   0x00000002   PAD
    0x20002fa8        -       0x0000002c   Zero   RW           45    .bss..L_MergedGlobals  batterymeter.o
    0x20002fd4        -       0x00000008   Zero   RW           94    .bss..L_MergedGlobals  aiproc.o
    0x20002fdc        -       0x00000010   Zero   RW          110    .bss..L_MergedGlobals  alarmlampproc.o
    0x20002fec        -       0x00000010   Zero   RW          125    .bss..L_MergedGlobals  anglesensor.o
    0x20002ffc        -       0x00000010   Zero   RW          142    .bss..L_MergedGlobals  beepproc.o
    0x2000300c        -       0x00000008   Zero   RW          171    .bss..L_MergedGlobals  ledproc.o
    0x20003014        -       0x00000034   Zero   RW          190    .bss..L_MergedGlobals  mstslvcom.o
    0x20003048        -       0x0000001c   Zero   RW          473    .bss..L_MergedGlobals  pressuresensor.o
    0x20003064        -       0x00000014   Zero   RW          512    .bss..L_MergedGlobals  wdgproc.o
    0x20003078        -       0x00000063   Zero   RW          787    .bss..L_MergedGlobals  drvuart.o
    0x200030db   COMPRESSED   0x00000001   PAD
    0x200030dc        -       0x00000024   Zero   RW          822    .bss..L_MergedGlobals  errcode.o
    0x20003100        -       0x0000000c   Zero   RW          891    .bss..L_MergedGlobals  eeprom.o
    0x2000310c        -       0x00000010   Zero   RW         1083    .bss..L_MergedGlobals  stm32_timer_canfestival.o
    0x2000311c        -       0x0000007c   Zero   RW         1605    .bss..L_MergedGlobals.1  testslave.o
    0x20003198        -       0x00000078   Zero   RW         1606    .bss..L_MergedGlobals.2  testslave.o
    0x20003210        -       0x0000007e   Zero   RW          655    .bss..L_MergedGlobals.3  user_hangcha_phz.o
    0x2000328e   COMPRESSED   0x00000002   PAD
    0x20003290        -       0x00000054   Zero   RW         1607    .bss..L_MergedGlobals.3  testslave.o
    0x200032e4   COMPRESSED   0x00000004   PAD
    0x200032e8        -       0x00000078   Zero   RW          656    .bss..L_MergedGlobals.4  user_hangcha_phz.o
    0x20003360        -       0x0000004c   Zero   RW          657    .bss..L_MergedGlobals.5  user_hangcha_phz.o
    0x200033ac        -       0x00000030   Zero   RW          699    .bss.ADCValue       drvad.o
    0x200033dc        -       0x00000404   Zero   RW          840    .bss.Can0RdFrmBuffer  cancom.o
    0x200037e0        -       0x00000404   Zero   RW          839    .bss.Can0WrFrmBuffer  cancom.o
    0x20003be4        -       0x00000400   Zero   RW          650    .bss.MstPARADate    user_hangcha_phz.o
    0x20003fe4        -       0x00000004   Zero   RW         1022    .bss.PropCurrentSmooth.u32PropCnt  propdriver.o
    0x20003fe8        -       0x00000001   Zero   RW         1116    .bss.TestSlave_bDeviceNodeId  testslave.o
    0x20003fe9   COMPRESSED   0x00000001   PAD
    0x20003fea        -       0x00000002   Zero   RW         1602    .bss.TestSlave_heartBeatTimers  testslave.o
    0x20003fec        -       0x00000001   Zero   RW         1122    .bss.TestSlave_highestSubIndex_obj1003  testslave.o
    0x20003fed        -       0x00000001   Zero   RW         1144    .bss.TestSlave_highestSubIndex_obj1016  testslave.o
    0x20003fee        -       0x00000001   Zero   RW         1120    .bss.TestSlave_obj1001  testslave.o
    0x20003fef   COMPRESSED   0x00000001   PAD
    0x20003ff0        -       0x00000020   Zero   RW         1123    .bss.TestSlave_obj1003  testslave.o
    0x20004010        -       0x00000004   Zero   RW         1127    .bss.TestSlave_obj1006  testslave.o
    0x20004014        -       0x00000004   Zero   RW         1130    .bss.TestSlave_obj1010_Save_All_Parameters  testslave.o
    0x20004018        -       0x00000004   Zero   RW         1132    .bss.TestSlave_obj1010_Save_Application_Parameters  testslave.o
    0x2000401c        -       0x00000004   Zero   RW         1131    .bss.TestSlave_obj1010_Save_Communication_Parameters  testslave.o
    0x20004020        -       0x00000004   Zero   RW         1133    .bss.TestSlave_obj1010_Save_Manufacturer_Parameters  testslave.o
    0x20004024        -       0x00000004   Zero   RW         1137    .bss.TestSlave_obj1011_Restore_All_Default_Parameters  testslave.o
    0x20004028        -       0x00000004   Zero   RW         1139    .bss.TestSlave_obj1011_Restore_Application_Default_Parameters  testslave.o
    0x2000402c        -       0x00000004   Zero   RW         1138    .bss.TestSlave_obj1011_Restore_Communication_Default_Parameters  testslave.o
    0x20004030        -       0x00000004   Zero   RW         1140    .bss.TestSlave_obj1011_Restore_Manufacturer_Default_Parameters  testslave.o
    0x20004034        -       0x00000000   Zero   RW         1145    .bss.TestSlave_obj1016  testslave.o
    0x20004034        -       0x00000001   Zero   RW         1163    .bss.TestSlave_obj1400_Compatibility_Entry  testslave.o
    0x20004035   COMPRESSED   0x00000001   PAD
    0x20004036        -       0x00000002   Zero   RW         1164    .bss.TestSlave_obj1400_Event_Timer  testslave.o
    0x20004038        -       0x00000002   Zero   RW         1162    .bss.TestSlave_obj1400_Inhibit_Time  testslave.o
    0x2000403a        -       0x00000001   Zero   RW         1170    .bss.TestSlave_obj1401_Compatibility_Entry  testslave.o
    0x2000403b   COMPRESSED   0x00000001   PAD
    0x2000403c        -       0x00000002   Zero   RW         1171    .bss.TestSlave_obj1401_Event_Timer  testslave.o
    0x2000403e        -       0x00000002   Zero   RW         1169    .bss.TestSlave_obj1401_Inhibit_Time  testslave.o
    0x20004040        -       0x00000001   Zero   RW         1177    .bss.TestSlave_obj1402_Compatibility_Entry  testslave.o
    0x20004041   COMPRESSED   0x00000001   PAD
    0x20004042        -       0x00000002   Zero   RW         1178    .bss.TestSlave_obj1402_Event_Timer  testslave.o
    0x20004044        -       0x00000002   Zero   RW         1176    .bss.TestSlave_obj1402_Inhibit_Time  testslave.o
    0x20004046        -       0x00000001   Zero   RW         1184    .bss.TestSlave_obj1403_Compatibility_Entry  testslave.o
    0x20004047   COMPRESSED   0x00000001   PAD
    0x20004048        -       0x00000002   Zero   RW         1185    .bss.TestSlave_obj1403_Event_Timer  testslave.o
    0x2000404a        -       0x00000002   Zero   RW         1183    .bss.TestSlave_obj1403_Inhibit_Time  testslave.o
    0x2000404c        -       0x00000001   Zero   RW         1190    .bss.TestSlave_obj1404_Compatibility_Entry  testslave.o
    0x2000404d   COMPRESSED   0x00000001   PAD
    0x2000404e        -       0x00000002   Zero   RW         1191    .bss.TestSlave_obj1404_Event_Timer  testslave.o
    0x20004050        -       0x00000002   Zero   RW         1189    .bss.TestSlave_obj1404_Inhibit_Time  testslave.o
    0x20004052        -       0x00000001   Zero   RW         1196    .bss.TestSlave_obj1405_Compatibility_Entry  testslave.o
    0x20004053   COMPRESSED   0x00000001   PAD
    0x20004054        -       0x00000002   Zero   RW         1197    .bss.TestSlave_obj1405_Event_Timer  testslave.o
    0x20004056        -       0x00000002   Zero   RW         1195    .bss.TestSlave_obj1405_Inhibit_Time  testslave.o
    0x20004058        -       0x00000001   Zero   RW         1202    .bss.TestSlave_obj1406_Compatibility_Entry  testslave.o
    0x20004059   COMPRESSED   0x00000001   PAD
    0x2000405a        -       0x00000002   Zero   RW         1203    .bss.TestSlave_obj1406_Event_Timer  testslave.o
    0x2000405c        -       0x00000002   Zero   RW         1201    .bss.TestSlave_obj1406_Inhibit_Time  testslave.o
    0x2000405e        -       0x00000001   Zero   RW         1208    .bss.TestSlave_obj1407_Compatibility_Entry  testslave.o
    0x2000405f   COMPRESSED   0x00000001   PAD
    0x20004060        -       0x00000002   Zero   RW         1209    .bss.TestSlave_obj1407_Event_Timer  testslave.o
    0x20004062        -       0x00000002   Zero   RW         1207    .bss.TestSlave_obj1407_Inhibit_Time  testslave.o
    0x20004064        -       0x00000001   Zero   RW         1214    .bss.TestSlave_obj1408_Compatibility_Entry  testslave.o
    0x20004065   COMPRESSED   0x00000001   PAD
    0x20004066        -       0x00000002   Zero   RW         1215    .bss.TestSlave_obj1408_Event_Timer  testslave.o
    0x20004068        -       0x00000002   Zero   RW         1213    .bss.TestSlave_obj1408_Inhibit_Time  testslave.o
    0x2000406a        -       0x00000001   Zero   RW         1220    .bss.TestSlave_obj1409_Compatibility_Entry  testslave.o
    0x2000406b   COMPRESSED   0x00000001   PAD
    0x2000406c        -       0x00000002   Zero   RW         1221    .bss.TestSlave_obj1409_Event_Timer  testslave.o
    0x2000406e        -       0x00000002   Zero   RW         1219    .bss.TestSlave_obj1409_Inhibit_Time  testslave.o
    0x20004070        -       0x00000001   Zero   RW         1256    .bss.TestSlave_obj1800_Compatibility_Entry  testslave.o
    0x20004071        -       0x00000001   Zero   RW         1261    .bss.TestSlave_obj1801_Compatibility_Entry  testslave.o
    0x20004072        -       0x00000001   Zero   RW         1266    .bss.TestSlave_obj1802_Compatibility_Entry  testslave.o
    0x20004073        -       0x00000001   Zero   RW         1271    .bss.TestSlave_obj1803_Compatibility_Entry  testslave.o
    0x20004074        -       0x00000001   Zero   RW         1275    .bss.TestSlave_obj1804_Compatibility_Entry  testslave.o
    0x20004075   COMPRESSED   0x00000001   PAD
    0x20004076        -       0x00000002   Zero   RW         1274    .bss.TestSlave_obj1804_Inhibit_Time  testslave.o
    0x20004078        -       0x00000001   Zero   RW         1279    .bss.TestSlave_obj1805_Compatibility_Entry  testslave.o
    0x20004079   COMPRESSED   0x00000001   PAD
    0x2000407a        -       0x00000002   Zero   RW         1278    .bss.TestSlave_obj1805_Inhibit_Time  testslave.o
    0x2000407c        -       0x00000001   Zero   RW         1283    .bss.TestSlave_obj1806_Compatibility_Entry  testslave.o
    0x2000407d   COMPRESSED   0x00000001   PAD
    0x2000407e        -       0x00000002   Zero   RW         1282    .bss.TestSlave_obj1806_Inhibit_Time  testslave.o
    0x20004080        -       0x00000001   Zero   RW         1287    .bss.TestSlave_obj1807_Compatibility_Entry  testslave.o
    0x20004081   COMPRESSED   0x00000001   PAD
    0x20004082        -       0x00000002   Zero   RW         1286    .bss.TestSlave_obj1807_Inhibit_Time  testslave.o
    0x20004084        -       0x00000001   Zero   RW         1291    .bss.TestSlave_obj1808_Compatibility_Entry  testslave.o
    0x20004085   COMPRESSED   0x00000001   PAD
    0x20004086        -       0x00000002   Zero   RW         1290    .bss.TestSlave_obj1808_Inhibit_Time  testslave.o
    0x20004088        -       0x00000001   Zero   RW         1295    .bss.TestSlave_obj1809_Compatibility_Entry  testslave.o
    0x20004089   COMPRESSED   0x00000001   PAD
    0x2000408a        -       0x00000002   Zero   RW         1294    .bss.TestSlave_obj1809_Inhibit_Time  testslave.o
    0x2000408c        -       0x00000050   Zero   RW          648    .bss.gCanRevPdoInfo  user_hangcha_phz.o
    0x200040dc        -       0x00000050   Zero   RW          645    .bss.gCanSendPdoInfo  user_hangcha_phz.o
    0x2000412c        -       0x00000008   Zero   RW          700    .bss.inserted_data  drvad.o
    0x20004134   COMPRESSED   0x00000004   PAD
    0x20004138        -       0x00000480   Zero   RW          991    .bss.netTimer       nettimer.o
    0x200045b8        -       0x00000050   Zero   RW          941    .bss.sgDiFilter     localdi.o
    0x20004608        -       0x00000080   Zero   RW          861    .bss.sgDriverInfo   dopwm.o
    0x20004688        -       0x00000408   Zero   RW          890    .bss.sgEepromArray  eeprom.o
    0x20004a90        -       0x00000238   Zero   RW          457    .bss.sgPara         para.o
    0x20004cc8        -       0x000001b0   Zero   RW         1020    .bss.sgPropCurrentLoop  propdriver.o
    0x20004e78        -       0x00000034   Zero   RW          492    .bss.sgPropInfo     propproc.o
    0x20004eac        -       0x000000c8   Zero   RW          157    .bss.sgRevCallBack  canrevproc.o
    0x20004f74        -       0x00000006   Zero   RW          956    .bss.sgu8Do         localdo.o
    0x20004f7a   COMPRESSED   0x00000002   PAD
    0x20004f7c        -       0x000000f0   Zero   RW         2594    .bss.timers         Canopen.lib(timer_canfestival.o)
    0x2000506c        -       0x000000ff   Zero   RW          646    .bss.u8ErrCodeCir   user_hangcha_phz.o
    0x2000516b        -       0x00000040   Zero   RW          786    .bss.u8Uart0RevBuf  drvuart.o
    0x200051ab   COMPRESSED   0x00000001   PAD
    0x200051ac        -       0x00000100   Zero   RW          785    .bss.u8Uart2SendBuf  drvuart.o
    0x200052ac        -       0x00000044   Zero   RW         1047    .bss.uart0RxBuffer  uartcom.o
    0x200052f0        -       0x00000044   Zero   RW         1045    .bss.uart0TxBuffer  uartcom.o
    0x20005334        -       0x00000044   Zero   RW         1048    .bss.uart1RxBuffer  uartcom.o
    0x20005378        -       0x00000044   Zero   RW         1046    .bss.uart1TxBuffer  uartcom.o
    0x200053bc        -       0x00000004   Zero   RW          679    .bss.vGetRandPwd.u32Seed  user_canopenhangchaapp.o
    0x200053c0        -       0x00000001   Zero   RW          916    .bss.vLedSetState.sLedBit.0  led.o
    0x200053c1   COMPRESSED   0x00000007   PAD
    0x200053c8        -       0x00000400   Zero   RW          549    HEAP                startup_gd32f30x_hd.o
    0x200057c8        -       0x00000400   Zero   RW          548    STACK               startup_gd32f30x_hd.o


==============================================================================

Image component sizes


      Code (inc. data)   RO Data    RW Data    ZI Data      Debug   Object Name

       812         24          0          0          8      12957   aiproc.o
       102          0          0          0         16       1588   alarmlampproc.o
       168          0          0          0         16       8014   anglesensor.o
      1814         96        267          0         44      13156   batterymeter.o
       108          0          0          0         16       1556   beepproc.o
       944         80          0          0       2056       6101   cancom.o
      2668        116          0        256        200       6203   canrevproc.o
      1462         72          0          0        128      16220   dopwm.o
       614          0          0          0         56       3714   drvad.o
       108          0          0          0          0       1452   drvbsp.o
       234          0          0          0          0       4372   drvcan.o
       302          0          0          0          0        576   drvdi.o
       156          0          0          0          0        567   drvdo.o
      1282         10          0          0          0       3619   drvpwm.o
       124          0          0          0          0       2116   drvspi.o
       992          0          0          0        419       6524   drvuart.o
      1912          4          0          0       1044      14558   eeprom.o
      1230          0        126          2         36      18587   errcode.o
       364          0          0          0          0       3979   gd32f30x_it.o
       452          0          0          0          0       2291   hourcount.o
       372         40         45          0          1       1537   led.o
       696          0          0          0          8       8203   ledproc.o
       652         78         45          0          0       6547   localai.o
      1126         60          0          0         80       9050   localdi.o
       264         60          0          0          6       1743   localdo.o
         6          0          0          0          0        775   log.o
      1224        160        232          0          0       9878   main.o
       822         68          0          0         52      15949   mstslvcom.o
       458          0          0          0       1152       2369   nettimer.o
       784          0       6832        976        568      27702   para.o
       474         24          0          0         28       8924   pressuresensor.o
      1894         92         66          0        436      12310   propdriver.o
      1168         64         66          0         52      15651   propproc.o
        36          8        304          0       2048        944   startup_gd32f30x_hd.o
       514          0          0         80         16       7395   stm32_timer_canfestival.o
       484          0          0          4          0       2719   system_gd32f30x.o
        72          0          0          0          0       3934   systick.o
     11068       4834       2553      10826        474      45386   testslave.o
      1972         44          0          0        272      10133   uartcom.o
      7248       1334        152          0          4      20070   user_canopenhangchaapp.o
     12846       1252       6119          8       1761      46574   user_hangcha_phz.o
         4          0          0          0          0        376   watchdog.o
       924         40        173          0         20      10114   wdgproc.o

    ----------------------------------------------------------------------
     61112       8560      17016      12180      11056     396433   Object Totals
         0          0         32          0          0          0   (incl. Generated)
       156          0          4         28         39          0   (incl. Padding)

    ----------------------------------------------------------------------

      Code (inc. data)   RO Data    RW Data    ZI Data      Debug   Library Member Name

       108          0          0          0          0        224   emcy.o
       670          0          0          0          0        268   lifegrd.o
        32          0          0          0          0        108   nmtmaster.o
       222          0          0          0          0         76   nmtslave.o
       664          0          0          0          0        176   objacces.o
      2290          0          0          0          0        420   pdo.o
      8070         14          0          0          0        932   sdo.o
      1058         18         28          0          0        224   states.o
       306          0          0          0          0        248   sync.o
       558          0          0          8        240        112   timer_canfestival.o
       838          0          0          0          0        628   gd32f30x_adc.o
       934          6          0          0          0        480   gd32f30x_can.o
       494          0          0          0          0        460   gd32f30x_dma.o
        16          0          0          0          0        124   gd32f30x_fwdgt.o
      1156          0          0          0          0        364   gd32f30x_gpio.o
       198          0          0          0          0        132   gd32f30x_misc.o
       438         22          8          0          0        660   gd32f30x_rcu.o
        82          0          0          0          0        704   gd32f30x_spi.o
      1164         18          0          0          0       1200   gd32f30x_timer.o
       384          0          0          0          0        840   gd32f30x_usart.o
       144          2          0          0          0        256   IQNdiv.o
        16          2          0          0          0        196   IQNmpy.o
        86          0          0          0          0          0   __dczerorl2.o
         0          0          0          0          0          0   entry.o
         0          0          0          0          0          0   entry10a.o
         0          0          0          0          0          0   entry11a.o
         8          4          0          0          0          0   entry2.o
         4          0          0          0          0          0   entry5.o
         0          0          0          0          0          0   entry7b.o
         0          0          0          0          0          0   entry8b.o
         8          4          0          0          0          0   entry9a.o
        30          0          0          0          0          0   handlers.o
        36          8          0          0          0         68   init.o
         0          0          0          0          0          0   iusefp.o
        30          0          0          0          0         68   llshl.o
        36          0          0          0          0         68   llsshr.o
        32          0          0          0          0         68   llushr.o
       360         30          0          0          0        356   mallocr.o
        26          0          0          0          0         80   memcmp.o
        36          0          0          0          0         68   memcpya.o
        36          0          0          0          0        108   memseta.o
         0          0          0          8          0          0   mvars.o
        36         10          0          4          0        136   rand.o
        56          0          0          0          0         88   d2f.o
       334          0          0          0          0        148   dadd.o
        54          0          0          0          0         80   dcmpge.o
        54          0          0          0          0         80   dcmplt.o
       222          0          0          0          0        100   ddiv.o
       186          0          0          0          0        176   depilogue.o
        62          0          0          0          0         80   dfixi.o
        50          0          0          0          0         76   dfixui.o
        34          0          0          0          0         76   dflti.o
        26          0          0          0          0         76   dfltui.o
       228          0          0          0          0         96   dmul.o
        38          0          0          0          0         68   f2d.o
       110          0          0          0          0        168   fepilogue.o

    ----------------------------------------------------------------------
     22236        138         36         20        240      11164   Library Totals
       176          0          0          0          0          0   (incl. Padding)

    ----------------------------------------------------------------------

      Code (inc. data)   RO Data    RW Data    ZI Data      Debug   Library Name

     13978         32         28          8        240       2788   Canopen.lib
      5704         46          8          0          0       5592   Device.lib
       160          4          0          0          0        452   IQmathLib.lib
       764         56          0         12          0       1020   mc_w.l
      1454          0          0          0          0       1312   mf_w.l

    ----------------------------------------------------------------------
     22236        138         36         20        240      11164   Library Totals

    ----------------------------------------------------------------------

==============================================================================


      Code (inc. data)   RO Data    RW Data    ZI Data      Debug   

     83348       8698      17052      12200      11296     405649   Grand Totals
     83348       8698      17052       3264      11296     405649   ELF Image Totals (compressed)
     83348       8698      17052       3264          0          0   ROM Totals

==============================================================================

    Total RO  Size (Code + RO Data)               100400 (  98.05kB)
    Total RW  Size (RW Data + ZI Data)             23496 (  22.95kB)
    Total ROM Size (Code + RO Data + RW Data)     103664 ( 101.23kB)

==============================================================================

