<html>
<body>
<pre>
<h1>µVision Build Log</h1>
<h2>Tool Versions:</h2>
IDE-Version: ¦ÌVision V5.30.0.0
Copyright (C) 2020 ARM Ltd and ARM Germany GmbH. All rights reserved.
License Information: 1 Laptop, 1, LIC=UJWP0-BZ49Y-QDPKD-8V8I4-2LW25-ZACTT
 
Tool Versions:
Toolchain:       MDK-ARM Plus  Version: 5.30.0.0
Toolchain Path:  D:\STM32\keil_v5\ARM\ARMCLANG\Bin
C Compiler:      ArmClang.exe V6.14
Assembler:       Armasm.exe V6.14
Linker/Locator:  ArmLink.exe V6.14
Library Manager: ArmAr.exe V6.14
Hex Converter:   FromElf.exe V6.14
CPU DLL:         SARMCM3.DLL V5.30.0.0
Dialog DLL:      DCM.DLL V1.17.3.0
Target DLL:      Segger\JL2CM3.dll V2.99.38.0
Dialog DLL:      TCM.DLL V1.42.0.0
 
<h2>Project:</h2>
E:\0.qExpand\5.Project\HB4\ECU\TDD24S12_HB4_SVN\xianqiantuo.QT_ECU_VOL\Prj_GD32\Project\Project.uvprojx
Project File Date:  12/19/2024

<h2>Output:</h2>
*** Using Compiler 'V6.14', folder: 'D:\STM32\keil_v5\ARM\ARMCLANG\Bin'
Build target 'GD32F30X_HD'
compiling gd32f30x_it.c...
compiling main.c...
compiling BatteryMeter.c...
compiling AlarmLampProc.c...
compiling AngleSensor.c...
compiling AiProc.c...
compiling BeepProc.c...
compiling MstSlvCom.c...
compiling CanRevProc.c...
compiling Para.c...
compiling PressureSensor.c...
compiling PcuProc.c...
compiling PropProc.c...
compiling UserStackerTruckProc.c...
compiling WdgProc.c...
compiling UserTester.c...
compiling User4In1.c...
compiling UserAgvMaxvision.c...
compiling UserStackerTruckProc_Ruyi.c...
compiling UserStackerTruckProc_Gangli.c...
compiling USER_RUYI_CQDH15A.c...
compiling UserStackerTruckProc_JIALI_15TJDC.c...
compiling UserHangChaPodaocheProc.c...
compiling USER_NUOLI_PS16.c...
compiling UserCommon.c...
compiling UserStackerTruckProc_NUOLI_15Q.c...
compiling UserStackerTruckProc_ZJQIANGSHENG.c...
compiling USER_LIUGONG_FORKLIFT_2IN1.c...
compiling USER_GANGLI_PHZ15T.c...
compiling USER_SDSaiYiSi_2QBICHE.c...
compiling USER_SDSaiYiSi_LDJCC.c...
compiling UserStackerTruckProc_SHXIANGONG_AGV.c...
compiling USER_JIALI_Q20GA.c...
compiling USER_JIALI_SanZhiLiu.c...
compiling USER_JIALI_SZDPHZ.c...
compiling USER_JSKELI_DDTPC.c...
compiling USER_JSKELI_ZJDQY.c...
compiling USER_SANYI_DGC.c...
compiling USER_NBRY_CDD15C.c...
compiling USER_HANGCHA_DGC.c...
compiling USER_RUYI_15A3DGC.c...
compiling USER_HANGCHA_QYDGC.c...
compiling User_CanOpenHangChaApp.c...
compiling USER_GANGLI_20TDGC.c...
compiling USER_LIDA_20TDGC.c...
compiling USER_HANGCHA_PHZ.c...
compiling USER_SDBOJUN_20TPHZ.c...
compiling USER_HANGUO_JINJIDAO_DGC.c...
compiling User_HANGCHA_GAOJI.c...
compiling User_HANGUO_JINJIDAO_DBC.c...
compiling DrvAd.c...
compiling DrvBsp.c...
compiling DrvCan.c...
compiling DrvDi.c...
compiling DrvDo.c...
compiling DrvPwm.c...
compiling DrvSpi.c...
compiling DrvUart.c...
compiling Drvwdg.c...
compiling CanCom.c...
compiling DoPwm.c...
compiling HourCount.c...
compiling Eeprom.c...
compiling Led.c...
compiling LocalAi.c...
compiling LocalDi.c...
compiling LocalDo.c...
compiling Log.c...
compiling NetTimer.c...
compiling PropDriver.c...
compiling STM32_timer_canfestival.c...
compiling UartCom.c...
compiling TestSlave.c...
linking...
Program Size: Code=83272 RO-data=17052 RW-data=12200 ZI-data=11296  
FromELF: creating hex file...
After Build - User command #1: D:\STM32\keil_v5\ARM\ARMCC\bin\fromelf.exe --bin -o ./output/USER_HANGCHA_QYDGC.bin ./output/USER_HANGCHA_QYDGC.axf
".\output\USER_HANGCHA_QYDGC.axf" - 0 Error(s), 0 Warning(s).

<h2>Software Packages used:</h2>

Package Vendor: ARM
                http://www.keil.com/pack/ARM.CMSIS.5.9.0.pack
                ARM.CMSIS.5.9.0
                CMSIS (Common Microcontroller Software Interface Standard)
   * Component: CORE Version: 5.6.0

Package Vendor: GigaDevice
                https://gd32mcu.com/data/documents/pack/GigaDevice.GD32F30x_DFP.2.2.3.pack
                GigaDevice.GD32F30x_DFP.2.2.3
                GigaDevice GD32F30x Series Device Support and Examples

<h2>Collection of Component include folders:</h2>
  .\RTE\_GD32F30X_HD
  D:\STM32\packs\ARM\CMSIS\5.9.0\CMSIS\Core\Include
  D:\STM32\packs\GigaDevice\GD32F30x_DFP\2.2.3\Device\Include

<h2>Collection of Component Files used:</h2>

   * Component: ARM::CMSIS:CORE:5.6.0
Build Time Elapsed:  00:00:14
</pre>
</body>
</html>
