<html>
<body>
<pre>
<h1>µVision Build Log</h1>
<h2>Tool Versions:</h2>
IDE-Version: ¦ÌVision V5.37.0.0
Copyright (C) 2022 ARM Ltd and ARM Germany GmbH. All rights reserved.
License Information: 1 Laptop, 1, LIC=CZLZX-HHUQN-HLECL-0C26E-86HJ6-T4QQT
 
Tool Versions:
Toolchain:       MDK-ARM Plus  Version: 5.37.0.0
Toolchain Path:  D:\InstallFiles\Keil_v5\ARM\ARMCLANG\Bin
C Compiler:      ArmClang.exe V6.18
Assembler:       Armasm.exe V6.18
Linker/Locator:  ArmLink.exe V6.18
Library Manager: ArmAr.exe V6.18
Hex Converter:   FromElf.exe V6.18
CPU DLL:         SARMCM3.DLL V5.37.0.0
Dialog DLL:      DCM.DLL V1.17.5.0
Target DLL:      Segger\JL2CM3.dll V2.99.42.0
Dialog DLL:      TCM.DLL V1.56.1.0
 
<h2>Project:</h2>
C:\Users\Laptop\Desktop\xianqiantuo.QT_ECU_VOL\Prj_GD32\Project\Project.uvprojx
Project File Date:  04/03/2025

<h2>Output:</h2>
*** Using Compiler 'V6.18', folder: 'D:\InstallFiles\Keil_v5\ARM\ARMCLANG\Bin'
Build target 'GD32F30X_HD'
linking...
Program Size: Code=66640 RO-data=10868 RW-data=12184 ZI-data=9768  
FromELF: creating hex file...
After Build - User command #1: D:\InstallFiles\Keil_v5\ARM\ARMCC\bin\fromelf.exe   --bin -o ./output/USER_RUYI15A3_DGC_ECU_LOGIC_250220_T00.bin ./output/USER_RUYI15A3_DGC_ECU_LOGIC_250220_T00.axf
".\output\USER_RUYI15A3_DGC_ECU_LOGIC_250220_T00.axf" - 0 Error(s), 0 Warning(s).

<h2>Software Packages used:</h2>

Package Vendor: ARM
                http://www.keil.com/pack/ARM.CMSIS.5.9.0.pack
                ARM.CMSIS.5.9.0
                CMSIS (Common Microcontroller Software Interface Standard)
   * Component: CORE Version: 5.6.0

Package Vendor: GigaDevice
                https://gd32mcu.com/data/documents/pack/GigaDevice.GD32F30x_DFP.2.2.3.pack
                GigaDevice.GD32F30x_DFP.2.2.3
                GigaDevice GD32F30x Series Device Support and Examples

<h2>Collection of Component include folders:</h2>
  ./RTE/_GD32F30X_HD
  D:/InstallFiles/keilPack/ARM/CMSIS/5.9.0/CMSIS/Core/Include
  D:/InstallFiles/keilPack/GigaDevice/GD32F30x_DFP/2.2.3/Device/Include

<h2>Collection of Component Files used:</h2>

   * Component: ARM::CMSIS:CORE:5.6.0
Build Time Elapsed:  00:00:01
</pre>
</body>
</html>
